197.211.57.247 - - [28/Mar/2020:11:21:40 +0100] "GET /theme/classic/images/innerbg.png HTTP/1.0" 200 16716 "https://www.rechargepro.com.ng/signin" "android"
54.36.150.2 - - [28/Mar/2020:11:21:41 +0100] "GET /details/AVON-TRUE-COLOR-PERFECTLY-MATTE-LIPSTICK.html HTTP/1.0" 200 16774 "-" "Mozilla/5.0 (compatible; AhrefsBot/6.1; +http://ahrefs.com/robot/)"
197.211.57.247 - - [28/Mar/2020:11:21:45 +0100] "GET /favicon.ico HTTP/1.0" 200 407 "https://www.rechargepro.com.ng/signin" "android"
197.211.57.247 - - [28/Mar/2020:11:21:57 +0100] "POST /secure/login HTTP/1.0" 200 472 "https://www.rechargepro.com.ng/signin" "android"
197.211.57.247 - - [28/Mar/2020:11:21:57 +0100] "GET /theme/classic/images/camera-loader.gif HTTP/1.0" 200 419 "https://www.rechargepro.com.ng/signin" "android"
74.208.12.100 - - [28/Mar/2020:11:22:02 +0100] "GET /admin/cronjob/support_email.php HTTP/1.0" 200 705 "-" "curl/7.29.0"
74.208.12.100 - - [28/Mar/2020:11:22:02 +0100] "GET /admin/cronjob/fidelity_email.php HTTP/1.0" 200 693 "-" "curl/7.29.0"
74.208.12.100 - - [28/Mar/2020:11:22:02 +0100] "GET /admin/cronjob/update_email.php HTTP/1.0" 200 705 "-" "curl/7.29.0"
197.211.57.247 - - [28/Mar/2020:11:22:05 +0100] "POST /secure/login HTTP/1.0" 200 472 "https://www.rechargepro.com.ng/signin" "android"
197.211.57.247 - - [28/Mar/2020:11:22:12 +0100] "POST /secure/login HTTP/1.0" 200 472 "https://www.rechargepro.com.ng/signin" "android"
197.211.57.247 - - [28/Mar/2020:11:22:28 +0100] "POST /secure/login HTTP/1.0" 200 472 "https://www.rechargepro.com.ng/signin" "android"
197.211.57.247 - - [28/Mar/2020:11:22:36 +0100] "GET /forgetpassword HTTP/1.0" 200 21137 "https://www.rechargepro.com.ng/signin" "android"
197.211.57.247 - - [28/Mar/2020:11:22:37 +0100] "GET /theme/classic/css/main.css HTTP/1.0" 200 406 "https://www.rechargepro.com.ng/forgetpassword" "android"
197.211.57.247 - - [28/Mar/2020:11:22:37 +0100] "GET /theme/classic/css/animate.min.css HTTP/1.0" 200 16716 "https://www.rechargepro.com.ng/forgetpassword" "android"
197.211.57.247 - - [28/Mar/2020:11:22:38 +0100] "GET /theme/classic/images/innerbg.png HTTP/1.0" 200 16716 "https://www.rechargepro.com.ng/forgetpassword" "android"
197.211.57.247 - - [28/Mar/2020:11:22:40 +0100] "GET /favicon.ico HTTP/1.0" 200 407 "https://www.rechargepro.com.ng/forgetpassword" "android"
197.211.57.247 - - [28/Mar/2020:11:22:45 +0100] "POST /secure/forgetpassword.php HTTP/1.0" 200 507 "https://www.rechargepro.com.ng/forgetpassword" "android"
74.208.12.100 - - [28/Mar/2020:11:22:02 +0100] "GET /admin/cronjob/uba_email.php HTTP/1.0" 500 903 "-" "curl/7.29.0"
74.208.12.100 - - [28/Mar/2020:11:23:01 +0100] "GET /admin/cronjob/support_email.php HTTP/1.0" 200 705 "-" "curl/7.29.0"
74.208.12.100 - - [28/Mar/2020:11:23:01 +0100] "GET /admin/cronjob/fidelity_email.php HTTP/1.0" 200 693 "-" "curl/7.29.0"
74.208.12.100 - - [28/Mar/2020:11:23:01 +0100] "GET /admin/cronjob/update_email.php HTTP/1.0" 200 705 "-" "curl/7.29.0"
74.208.12.100 - - [28/Mar/2020:11:23:01 +0100] "GET /admin/cronjob/uba_email.php HTTP/1.0" 200 705 "-" "curl/7.29.0"
74.208.12.100 - - [28/Mar/2020:11:24:01 +0100] "GET /admin/cronjob/uba_email.php HTTP/1.0" 200 705 "-" "curl/7.29.0"
74.208.12.100 - - [28/Mar/2020:11:24:01 +0100] "GET /admin/cronjob/support_email.php HTTP/1.0" 200 705 "-" "curl/7.29.0"
74.208.12.100 - - [28/Mar/2020:11:24:01 +0100] "GET /admin/cronjob/update_email.php HTTP/1.0" 200 705 "-" "curl/7.29.0"
74.208.12.100 - - [28/Mar/2020:11:24:01 +0100] "GET /admin/cronjob/fidelity_email.php HTTP/1.0" 200 693 "-" "curl/7.29.0"
74.208.12.100 - - [28/Mar/2020:11:25:02 +0100] "GET /admin/cronjob/fidelity_email.php HTTP/1.0" 200 693 "-" "curl/7.29.0"
74.208.12.100 - - [28/Mar/2020:11:25:02 +0100] "GET /admin/cronjob/update_email.php HTTP/1.0" 200 705 "-" "curl/7.29.0"
74.208.12.100 - - [28/Mar/2020:11:25:02 +0100] "GET /admin/cronjob/uba_email.php HTTP/1.0" 200 705 "-" "curl/7.29.0"
74.208.12.100 - - [28/Mar/2020:11:25:02 +0100] "GET /admin/cronjob/support_email.php HTTP/1.0" 200 705 "-" "curl/7.29.0"
74.208.12.100 - - [28/Mar/2020:11:26:01 +0100] "GET /admin/cronjob/fidelity_email.php HTTP/1.0" 200 693 "-" "curl/7.29.0"
74.208.12.100 - - [28/Mar/2020:11:26:01 +0100] "GET /admin/cronjob/uba_email.php HTTP/1.0" 200 705 "-" "curl/7.29.0"
74.208.12.100 - - [28/Mar/2020:11:26:01 +0100] "GET /admin/cronjob/support_email.php HTTP/1.0" 200 705 "-" "curl/7.29.0"
74.208.12.100 - - [28/Mar/2020:11:26:01 +0100] "GET /admin/cronjob/update_email.php HTTP/1.0" 500 903 "-" "curl/7.29.0"
41.217.9.42 - - [28/Mar/2020:11:26:50 +0100] "GET /theme/classic/desktop/banner.php HTTP/1.0" 200 16774 "-" "-"
74.208.12.100 - - [28/Mar/2020:11:27:01 +0100] "GET /admin/cronjob/update_email.php HTTP/1.0" 200 705 "-" "curl/7.29.0"
74.208.12.100 - - [28/Mar/2020:11:27:01 +0100] "GET /admin/cronjob/uba_email.php HTTP/1.0" 200 705 "-" "curl/7.29.0"
74.208.12.100 - - [28/Mar/2020:11:27:02 +0100] "GET /admin/cronjob/fidelity_email.php HTTP/1.0" 200 693 "-" "curl/7.29.0"
74.208.12.100 - - [28/Mar/2020:11:27:01 +0100] "GET /admin/cronjob/support_email.php HTTP/1.0" 200 705 "-" "curl/7.29.0"
41.217.9.42 - - [28/Mar/2020:11:27:56 +0100] "GET /theme/classic/desktop/banner.php HTTP/1.0" 200 16774 "-" "-"
74.208.12.100 - - [28/Mar/2020:11:28:02 +0100] "GET /admin/cronjob/update_email.php HTTP/1.0" 200 705 "-" "curl/7.29.0"
74.208.12.100 - - [28/Mar/2020:11:28:02 +0100] "GET /admin/cronjob/support_email.php HTTP/1.0" 200 705 "-" "curl/7.29.0"
74.208.12.100 - - [28/Mar/2020:11:28:02 +0100] "GET /admin/cronjob/fidelity_email.php HTTP/1.0" 200 693 "-" "curl/7.29.0"
74.208.12.100 - - [28/Mar/2020:11:28:02 +0100] "GET /admin/cronjob/uba_email.php HTTP/1.0" 200 705 "-" "curl/7.29.0"
41.217.9.42 - - [28/Mar/2020:11:28:13 +0100] "GET /theme/classic/desktop/banner.php HTTP/1.0" 200 16774 "-" "-"
74.208.12.100 - - [28/Mar/2020:11:29:01 +0100] "GET /admin/cronjob/support_email.php HTTP/1.0" 200 705 "-" "curl/7.29.0"
74.208.12.100 - - [28/Mar/2020:11:29:01 +0100] "GET /admin/cronjob/fidelity_email.php HTTP/1.0" 200 693 "-" "curl/7.29.0"
74.208.12.100 - - [28/Mar/2020:11:29:01 +0100] "GET /admin/cronjob/uba_email.php HTTP/1.0" 200 705 "-" "curl/7.29.0"
74.208.12.100 - - [28/Mar/2020:11:29:01 +0100] "GET /admin/cronjob/update_email.php HTTP/1.0" 200 705 "-" "curl/7.29.0"
197.210.129.202 - - [28/Mar/2020:11:29:08 +0100] "GET /theme/classic/desktop/banner.php HTTP/1.0" 200 16774 "-" "-"
197.210.129.202 - - [28/Mar/2020:11:29:14 +0100] "GET /theme/classic/desktop/banner.php HTTP/1.0" 200 16774 "-" "-"
74.208.12.100 - - [28/Mar/2020:11:30:01 +0100] "GET /admin/cronjob/support_email.php HTTP/1.0" 200 705 "-" "curl/7.29.0"
74.208.12.100 - - [28/Mar/2020:11:30:01 +0100] "GET /admin/cronjob/fidelity_email.php HTTP/1.0" 200 693 "-" "curl/7.29.0"
74.208.12.100 - - [28/Mar/2020:11:30:01 +0100] "GET /admin/cronjob/update_email.php HTTP/1.0" 200 705 "-" "curl/7.29.0"
74.208.12.100 - - [28/Mar/2020:11:30:01 +0100] "GET /admin/cronjob/uba_email.php HTTP/1.0" 200 705 "-" "curl/7.29.0"
74.208.12.100 - - [28/Mar/2020:11:31:01 +0100] "GET /admin/cronjob/uba_email.php HTTP/1.0" 200 705 "-" "curl/7.29.0"
74.208.12.100 - - [28/Mar/2020:11:31:02 +0100] "GET /admin/cronjob/update_email.php HTTP/1.0" 200 705 "-" "curl/7.29.0"
74.208.12.100 - - [28/Mar/2020:11:31:02 +0100] "GET /admin/cronjob/support_email.php HTTP/1.0" 200 705 "-" "curl/7.29.0"
74.208.12.100 - - [28/Mar/2020:11:31:02 +0100] "GET /admin/cronjob/fidelity_email.php HTTP/1.0" 200 693 "-" "curl/7.29.0"
41.217.9.42 - - [28/Mar/2020:11:31:29 +0100] "GET /theme/classic/desktop/banner.php HTTP/1.0" 200 16774 "-" "-"
74.208.12.100 - - [28/Mar/2020:11:32:01 +0100] "GET /admin/cronjob/fidelity_email.php HTTP/1.0" 200 693 "-" "curl/7.29.0"
74.208.12.100 - - [28/Mar/2020:11:32:01 +0100] "GET /admin/cronjob/uba_email.php HTTP/1.0" 200 705 "-" "curl/7.29.0"
74.208.12.100 - - [28/Mar/2020:11:32:01 +0100] "GET /admin/cronjob/update_email.php HTTP/1.0" 200 705 "-" "curl/7.29.0"
74.208.12.100 - - [28/Mar/2020:11:32:03 +0100] "GET /admin/cronjob/support_email.php HTTP/1.0" 200 705 "-" "curl/7.29.0"
74.208.12.100 - - [28/Mar/2020:11:33:02 +0100] "GET /admin/cronjob/support_email.php HTTP/1.0" 200 705 "-" "curl/7.29.0"
74.208.12.100 - - [28/Mar/2020:11:33:02 +0100] "GET /admin/cronjob/uba_email.php HTTP/1.0" 200 705 "-" "curl/7.29.0"
74.208.12.100 - - [28/Mar/2020:11:33:02 +0100] "GET /admin/cronjob/fidelity_email.php HTTP/1.0" 200 693 "-" "curl/7.29.0"
74.208.12.100 - - [28/Mar/2020:11:33:02 +0100] "GET /admin/cronjob/update_email.php HTTP/1.0" 200 705 "-" "curl/7.29.0"
74.208.12.100 - - [28/Mar/2020:11:34:01 +0100] "GET /admin/cronjob/uba_email.php HTTP/1.0" 200 705 "-" "curl/7.29.0"
74.208.12.100 - - [28/Mar/2020:11:34:01 +0100] "GET /admin/cronjob/fidelity_email.php HTTP/1.0" 200 693 "-" "curl/7.29.0"
74.208.12.100 - - [28/Mar/2020:11:34:01 +0100] "GET /admin/cronjob/update_email.php HTTP/1.0" 200 705 "-" "curl/7.29.0"
74.208.12.100 - - [28/Mar/2020:11:34:01 +0100] "GET /admin/cronjob/support_email.php HTTP/1.0" 200 705 "-" "curl/7.29.0"
74.208.12.100 - - [28/Mar/2020:11:35:01 +0100] "GET /admin/cronjob/uba_email.php HTTP/1.0" 200 705 "-" "curl/7.29.0"
74.208.12.100 - - [28/Mar/2020:11:35:01 +0100] "GET /admin/cronjob/fidelity_email.php HTTP/1.0" 200 693 "-" "curl/7.29.0"
74.208.12.100 - - [28/Mar/2020:11:35:01 +0100] "GET /admin/cronjob/update_email.php HTTP/1.0" 200 705 "-" "curl/7.29.0"
74.208.12.100 - - [28/Mar/2020:11:35:01 +0100] "GET /admin/cronjob/support_email.php HTTP/1.0" 200 705 "-" "curl/7.29.0"
197.210.129.202 - - [28/Mar/2020:11:35:51 +0100] "POST /api/pro/myapp/login.txt HTTP/1.0" 200 642 "-" "RestSharp 104.1.0.0"
197.210.129.202 - - [28/Mar/2020:11:35:52 +0100] "GET /theme/classic/desktop/banner.php HTTP/1.0" 200 16774 "-" "-"
197.210.129.202 - - [28/Mar/2020:11:35:53 +0100] "POST /api/pro/myapp/utility_list.json HTTP/1.0" 200 894 "-" "RestSharp 104.1.0.0"
197.210.129.202 - - [28/Mar/2020:11:35:53 +0100] "POST /api/pro/myapp/myapp_request.txt HTTP/1.0" 200 606 "-" "RestSharp 104.1.0.0"
197.210.129.202 - - [28/Mar/2020:11:35:53 +0100] "POST /api/pro/myapp/myapp_request.xml HTTP/1.0" 200 17360 "-" "RestSharp 104.1.0.0"
74.208.12.100 - - [28/Mar/2020:11:36:02 +0100] "GET /admin/cronjob/uba_email.php HTTP/1.0" 200 705 "-" "curl/7.29.0"
74.208.12.100 - - [28/Mar/2020:11:36:02 +0100] "GET /admin/cronjob/update_email.php HTTP/1.0" 200 705 "-" "curl/7.29.0"
74.208.12.100 - - [28/Mar/2020:11:36:02 +0100] "GET /admin/cronjob/fidelity_email.php HTTP/1.0" 200 693 "-" "curl/7.29.0"
172.105.89.161 - - [28/Mar/2020:11:36:02 +0100] "POST /ajax HTTP/1.0" 200 16774 "-" "Mozilla/5.0 (Windows NT 6.3; WOW64) AppleWebKit/537.36 (KHTML, like Gecko) Chrome/34.0.1847.116 Safari/537.36"
74.208.12.100 - - [28/Mar/2020:11:36:02 +0100] "GET /admin/cronjob/support_email.php HTTP/1.0" 200 705 "-" "curl/7.29.0"
41.217.9.42 - - [28/Mar/2020:11:36:51 +0100] "GET /theme/classic/desktop/banner.php HTTP/1.0" 200 16774 "-" "-"
157.55.39.85 - - [28/Mar/2020:11:37:00 +0100] "GET / HTTP/1.0" 200 43402 "-" "Mozilla/5.0 (compatible; bingbot/2.0; +http://www.bing.com/bingbot.htm)"
74.208.12.100 - - [28/Mar/2020:11:37:01 +0100] "GET /admin/cronjob/uba_email.php HTTP/1.0" 200 705 "-" "curl/7.29.0"
74.208.12.100 - - [28/Mar/2020:11:37:01 +0100] "GET /admin/cronjob/support_email.php HTTP/1.0" 200 705 "-" "curl/7.29.0"
74.208.12.100 - - [28/Mar/2020:11:37:01 +0100] "GET /admin/cronjob/update_email.php HTTP/1.0" 200 705 "-" "curl/7.29.0"
74.208.12.100 - - [28/Mar/2020:11:37:01 +0100] "GET /admin/cronjob/fidelity_email.php HTTP/1.0" 200 693 "-" "curl/7.29.0"
157.55.39.85 - - [28/Mar/2020:11:37:09 +0100] "GET /java/alert/dist/jquery-confirm.min.css HTTP/1.0" 200 418 "-" "msnbot/2.0b (+http://search.msn.com/msnbot.htm)"
157.55.39.85 - - [28/Mar/2020:11:37:09 +0100] "GET /java/date/dhtmlxcalendar.css HTTP/1.0" 200 408 "-" "msnbot/2.0b (+http://search.msn.com/msnbot.htm)"
157.55.39.85 - - [28/Mar/2020:11:37:09 +0100] "GET /java/date/dhtmlxcalendar.js HTTP/1.0" 200 421 "-" "msnbot/2.0b (+http://search.msn.com/msnbot.htm)"
157.55.39.85 - - [28/Mar/2020:11:37:10 +0100] "GET /java/tootip/jquery.qtip.min.js HTTP/1.0" 200 424 "-" "msnbot/2.0b (+http://search.msn.com/msnbot.htm)"
157.55.39.85 - - [28/Mar/2020:11:37:10 +0100] "GET /theme/classic/images/Man%20on%20Mobile%20Phone.webp HTTP/1.0" 200 427 "-" "msnbot/2.0b (+http://search.msn.com/msnbot.htm)"
157.55.39.85 - - [28/Mar/2020:11:37:10 +0100] "GET /theme/classic/images/Taking%20Note.webp HTTP/1.0" 200 419 "-" "msnbot/2.0b (+http://search.msn.com/msnbot.htm)"
157.55.39.54 - - [28/Mar/2020:11:37:14 +0100] "GET /java/tootip/jquery.qtip.css HTTP/1.0" 200 407 "-" "msnbot/2.0b (+http://search.msn.com/msnbot.htm)"
157.55.39.54 - - [28/Mar/2020:11:37:14 +0100] "GET /theme/classic/css/font-awesome/css/all.min.css HTTP/1.0" 200 426 "-" "msnbot/2.0b (+http://search.msn.com/msnbot.htm)"
157.55.39.54 - - [28/Mar/2020:11:37:15 +0100] "GET /theme/classic/images/Los%20Angeles.webp HTTP/1.0" 200 419 "-" "msnbot/2.0b (+http://search.msn.com/msnbot.htm)"
157.55.39.54 - - [28/Mar/2020:11:37:15 +0100] "GET /theme/classic/js/selectize/css/selectize.css HTTP/1.0" 200 424 "-" "msnbot/2.0b (+http://search.msn.com/msnbot.htm)"
157.55.39.54 - - [28/Mar/2020:11:37:15 +0100] "GET /theme/classic/js/selectize/css/selectize.default.css HTTP/1.0" 200 432 "-" "msnbot/2.0b (+http://search.msn.com/msnbot.htm)"
157.55.39.54 - - [28/Mar/2020:11:37:15 +0100] "GET /theme/classic/js/selectize/js/standalone/selectize.min.js HTTP/1.0" 200 451 "-" "msnbot/2.0b (+http://search.msn.com/msnbot.htm)"
157.55.39.134 - - [28/Mar/2020:11:37:21 +0100] "GET /java/date/skins/dhtmlxcalendar_dhx_skyblue.css HTTP/1.0" 200 426 "-" "msnbot/2.0b (+http://search.msn.com/msnbot.htm)"
157.55.39.134 - - [28/Mar/2020:11:37:21 +0100] "GET /java/display/display.css HTTP/1.0" 200 404 "-" "msnbot/2.0b (+http://search.msn.com/msnbot.htm)"
157.55.39.134 - - [28/Mar/2020:11:37:21 +0100] "GET /theme/classic/css/main.css HTTP/1.0" 200 406 "-" "msnbot/2.0b (+http://search.msn.com/msnbot.htm)"
40.77.167.49 - - [28/Mar/2020:11:37:26 +0100] "GET /java/alert/dist/jquery-confirm.min.js HTTP/1.0" 200 431 "-" "msnbot/2.0b (+http://search.msn.com/msnbot.htm)"
40.77.167.49 - - [28/Mar/2020:11:37:26 +0100] "GET /java/alert/dist/jquery-confirm.min.js HTTP/1.0" 200 431 "-" "msnbot/2.0b (+http://search.msn.com/msnbot.htm)"
157.55.39.85 - - [28/Mar/2020:11:37:31 +0100] "GET /java/date/dhtmlxcalendar.js HTTP/1.0" 200 421 "-" "msnbot/2.0b (+http://search.msn.com/msnbot.htm)"
157.55.39.85 - - [28/Mar/2020:11:37:31 +0100] "GET /java/tootip/jquery.qtip.min.js HTTP/1.0" 200 424 "-" "msnbot/2.0b (+http://search.msn.com/msnbot.htm)"
157.55.39.85 - - [28/Mar/2020:11:37:31 +0100] "GET /theme/classic/images/Man%20on%20Mobile%20Phone.webp HTTP/1.0" 200 427 "-" "msnbot/2.0b (+http://search.msn.com/msnbot.htm)"
157.55.39.85 - - [28/Mar/2020:11:37:31 +0100] "GET /theme/classic/images/Taking%20Note.webp HTTP/1.0" 200 419 "-" "msnbot/2.0b (+http://search.msn.com/msnbot.htm)"
157.55.39.54 - - [28/Mar/2020:11:37:36 +0100] "GET /theme/classic/images/Los%20Angeles.webp HTTP/1.0" 200 419 "-" "msnbot/2.0b (+http://search.msn.com/msnbot.htm)"
157.55.39.54 - - [28/Mar/2020:11:37:36 +0100] "GET /theme/classic/js/selectize/js/standalone/selectize.min.js HTTP/1.0" 200 451 "-" "msnbot/2.0b (+http://search.msn.com/msnbot.htm)"
41.217.9.42 - - [28/Mar/2020:11:37:57 +0100] "GET /theme/classic/desktop/banner.php HTTP/1.0" 200 16774 "-" "-"
74.208.12.100 - - [28/Mar/2020:11:38:01 +0100] "GET /admin/cronjob/uba_email.php HTTP/1.0" 200 705 "-" "curl/7.29.0"
74.208.12.100 - - [28/Mar/2020:11:38:01 +0100] "GET /admin/cronjob/update_email.php HTTP/1.0" 200 705 "-" "curl/7.29.0"
74.208.12.100 - - [28/Mar/2020:11:38:01 +0100] "GET /admin/cronjob/fidelity_email.php HTTP/1.0" 200 693 "-" "curl/7.29.0"
74.208.12.100 - - [28/Mar/2020:11:38:01 +0100] "GET /admin/cronjob/support_email.php HTTP/1.0" 200 705 "-" "curl/7.29.0"
197.210.129.202 - - [28/Mar/2020:11:38:51 +0100] "GET /theme/classic/desktop/banner.php HTTP/1.0" 200 16774 "-" "-"
197.210.129.202 - - [28/Mar/2020:11:38:51 +0100] "POST /api/pro/myapp/airtime_list.json HTTP/1.0" 200 659 "-" "RestSharp 104.1.0.0"
197.210.129.202 - - [28/Mar/2020:11:38:52 +0100] "GET /theme/classic/desktop/banner.php HTTP/1.0" 200 16774 "-" "-"
197.210.129.202 - - [28/Mar/2020:11:38:52 +0100] "POST /api/pro/myapp/airtime_list.json HTTP/1.0" 200 659 "-" "RestSharp 104.1.0.0"
74.208.12.100 - - [28/Mar/2020:11:39:01 +0100] "GET /admin/cronjob/support_email.php HTTP/1.0" 200 705 "-" "curl/7.29.0"
74.208.12.100 - - [28/Mar/2020:11:39:02 +0100] "GET /admin/cronjob/update_email.php HTTP/1.0" 200 705 "-" "curl/7.29.0"
74.208.12.100 - - [28/Mar/2020:11:39:02 +0100] "GET /admin/cronjob/fidelity_email.php HTTP/1.0" 200 693 "-" "curl/7.29.0"
74.208.12.100 - - [28/Mar/2020:11:39:01 +0100] "GET /admin/cronjob/uba_email.php HTTP/1.0" 200 705 "-" "curl/7.29.0"
197.210.129.202 - - [28/Mar/2020:11:39:08 +0100] "GET /theme/classic/desktop/banner.php HTTP/1.0" 200 16774 "-" "-"
197.210.129.202 - - [28/Mar/2020:11:39:14 +0100] "GET /theme/classic/desktop/banner.php HTTP/1.0" 200 16774 "-" "-"
74.208.12.100 - - [28/Mar/2020:11:40:01 +0100] "GET /admin/cronjob/uba_email.php HTTP/1.0" 200 705 "-" "curl/7.29.0"
74.208.12.100 - - [28/Mar/2020:11:40:02 +0100] "GET /admin/cronjob/fidelity_email.php HTTP/1.0" 200 693 "-" "curl/7.29.0"
74.208.12.100 - - [28/Mar/2020:11:40:02 +0100] "GET /admin/cronjob/update_email.php HTTP/1.0" 200 705 "-" "curl/7.29.0"
74.208.12.100 - - [28/Mar/2020:11:40:02 +0100] "GET /admin/cronjob/support_email.php HTTP/1.0" 200 705 "-" "curl/7.29.0"
197.210.129.202 - - [28/Mar/2020:11:40:19 +0100] "POST /api/pro/myapp/myapp_request.json HTTP/1.0" 200 692 "-" "RestSharp 104.1.0.0"
197.210.129.202 - - [28/Mar/2020:11:40:21 +0100] "POST /api/pro/myapp/myapp_request/service_request/buyairtime/tid/174170/private_key/UDUAPCDL7Y3WTEDHNKG6XNM0AKQZD0.json HTTP/1.0" 200 796 "-" "RestSharp 104.1.0.0"
197.210.129.202 - - [28/Mar/2020:11:40:32 +0100] "POST /api/pro/myapp/myapp_request.txt HTTP/1.0" 200 606 "-" "RestSharp 104.1.0.0"
197.210.129.202 - - [28/Mar/2020:11:40:32 +0100] "POST /api/pro/myapp/myapp_request.xml HTTP/1.0" 200 17345 "-" "RestSharp 104.1.0.0"
54.36.150.44 - - [28/Mar/2020:11:40:33 +0100] "GET /details/LYONS-RICH-TEA-300G.html HTTP/1.0" 200 16774 "-" "Mozilla/5.0 (compatible; AhrefsBot/6.1; +http://ahrefs.com/robot/)"
74.208.12.100 - - [28/Mar/2020:11:41:01 +0100] "GET /admin/cronjob/update_email.php HTTP/1.0" 200 705 "-" "curl/7.29.0"
74.208.12.100 - - [28/Mar/2020:11:41:01 +0100] "GET /admin/cronjob/support_email.php HTTP/1.0" 200 705 "-" "curl/7.29.0"
74.208.12.100 - - [28/Mar/2020:11:41:01 +0100] "GET /admin/cronjob/fidelity_email.php HTTP/1.0" 200 693 "-" "curl/7.29.0"
74.208.12.100 - - [28/Mar/2020:11:41:01 +0100] "GET /admin/cronjob/uba_email.php HTTP/1.0" 200 705 "-" "curl/7.29.0"
66.249.75.20 - - [28/Mar/2020:11:41:03 +0100] "GET /forgetpassword HTTP/1.0" 200 21195 "-" "Mozilla/5.0 (Linux; Android 6.0.1; Nexus 5X Build/MMB29P) AppleWebKit/537.36 (KHTML, like Gecko) Chrome/41.0.2272.96 Mobile Safari/537.36 (compatible; Googlebot/2.1; +http://www.google.com/bot.html)"
41.217.9.42 - - [28/Mar/2020:11:41:29 +0100] "GET /theme/classic/desktop/banner.php HTTP/1.0" 200 16774 "-" "-"
74.208.12.100 - - [28/Mar/2020:11:42:01 +0100] "GET /admin/cronjob/update_email.php HTTP/1.0" 200 705 "-" "curl/7.29.0"
74.208.12.100 - - [28/Mar/2020:11:42:01 +0100] "GET /admin/cronjob/uba_email.php HTTP/1.0" 200 705 "-" "curl/7.29.0"
74.208.12.100 - - [28/Mar/2020:11:42:01 +0100] "GET /admin/cronjob/fidelity_email.php HTTP/1.0" 200 693 "-" "curl/7.29.0"
74.208.12.100 - - [28/Mar/2020:11:42:01 +0100] "GET /admin/cronjob/support_email.php HTTP/1.0" 200 705 "-" "curl/7.29.0"
74.208.12.100 - - [28/Mar/2020:11:43:01 +0100] "GET /admin/cronjob/fidelity_email.php HTTP/1.0" 200 693 "-" "curl/7.29.0"
74.208.12.100 - - [28/Mar/2020:11:43:01 +0100] "GET /admin/cronjob/update_email.php HTTP/1.0" 200 705 "-" "curl/7.29.0"
74.208.12.100 - - [28/Mar/2020:11:43:03 +0100] "GET /admin/cronjob/uba_email.php HTTP/1.0" 200 705 "-" "curl/7.29.0"
74.208.12.100 - - [28/Mar/2020:11:43:03 +0100] "GET /admin/cronjob/support_email.php HTTP/1.0" 200 705 "-" "curl/7.29.0"
74.208.12.100 - - [28/Mar/2020:11:44:01 +0100] "GET /admin/cronjob/support_email.php HTTP/1.0" 200 705 "-" "curl/7.29.0"
74.208.12.100 - - [28/Mar/2020:11:44:02 +0100] "GET /admin/cronjob/fidelity_email.php HTTP/1.0" 200 693 "-" "curl/7.29.0"
74.208.12.100 - - [28/Mar/2020:11:44:02 +0100] "GET /admin/cronjob/update_email.php HTTP/1.0" 200 705 "-" "curl/7.29.0"
74.208.12.100 - - [28/Mar/2020:11:44:02 +0100] "GET /admin/cronjob/uba_email.php HTTP/1.0" 200 705 "-" "curl/7.29.0"
74.208.12.100 - - [28/Mar/2020:11:45:01 +0100] "GET /admin/cronjob/fidelity_email.php HTTP/1.0" 200 693 "-" "curl/7.29.0"
74.208.12.100 - - [28/Mar/2020:11:45:01 +0100] "GET /admin/cronjob/support_email.php HTTP/1.0" 200 705 "-" "curl/7.29.0"
74.208.12.100 - - [28/Mar/2020:11:45:01 +0100] "GET /admin/cronjob/update_email.php HTTP/1.0" 200 705 "-" "curl/7.29.0"
74.208.12.100 - - [28/Mar/2020:11:45:01 +0100] "GET /admin/cronjob/uba_email.php HTTP/1.0" 200 705 "-" "curl/7.29.0"
66.249.75.19 - - [28/Mar/2020:11:45:57 +0100] "GET /theme/classic/icons/2.jpg HTTP/1.0" 200 407 "-" "Googlebot-Image/1.0"
66.249.75.21 - - [28/Mar/2020:11:45:57 +0100] "GET /robots.txt HTTP/1.0" 200 16774 "-" "Mozilla/5.0 (compatible; Googlebot/2.1; +http://www.google.com/bot.html)"
66.249.75.21 - - [28/Mar/2020:11:45:57 +0100] "GET /theme/classic/icons/30.jpg HTTP/1.0" 200 408 "-" "Googlebot-Image/1.0"
66.249.75.19 - - [28/Mar/2020:11:45:58 +0100] "GET /theme/classic/images/kallak.png HTTP/1.0" 200 412 "-" "Googlebot-Image/1.0"
74.208.12.100 - - [28/Mar/2020:11:46:01 +0100] "GET /admin/cronjob/fidelity_email.php HTTP/1.0" 200 693 "-" "curl/7.29.0"
74.208.12.100 - - [28/Mar/2020:11:46:01 +0100] "GET /admin/cronjob/update_email.php HTTP/1.0" 200 705 "-" "curl/7.29.0"
74.208.12.100 - - [28/Mar/2020:11:46:01 +0100] "GET /admin/cronjob/uba_email.php HTTP/1.0" 200 705 "-" "curl/7.29.0"
74.208.12.100 - - [28/Mar/2020:11:46:01 +0100] "GET /admin/cronjob/support_email.php HTTP/1.0" 200 705 "-" "curl/7.29.0"
41.217.9.42 - - [28/Mar/2020:11:46:50 +0100] "GET /theme/classic/desktop/banner.php HTTP/1.0" 200 16774 "-" "-"
74.208.12.100 - - [28/Mar/2020:11:47:01 +0100] "GET /admin/cronjob/update_email.php HTTP/1.0" 200 705 "-" "curl/7.29.0"
74.208.12.100 - - [28/Mar/2020:11:47:01 +0100] "GET /admin/cronjob/support_email.php HTTP/1.0" 200 705 "-" "curl/7.29.0"
74.208.12.100 - - [28/Mar/2020:11:47:02 +0100] "GET /admin/cronjob/uba_email.php HTTP/1.0" 200 705 "-" "curl/7.29.0"
74.208.12.100 - - [28/Mar/2020:11:47:01 +0100] "GET /admin/cronjob/fidelity_email.php HTTP/1.0" 200 693 "-" "curl/7.29.0"
41.217.9.42 - - [28/Mar/2020:11:47:56 +0100] "GET /theme/classic/desktop/banner.php HTTP/1.0" 200 16774 "-" "-"
74.208.12.100 - - [28/Mar/2020:11:48:01 +0100] "GET /admin/cronjob/fidelity_email.php HTTP/1.0" 200 693 "-" "curl/7.29.0"
74.208.12.100 - - [28/Mar/2020:11:48:01 +0100] "GET /admin/cronjob/uba_email.php HTTP/1.0" 200 705 "-" "curl/7.29.0"
74.208.12.100 - - [28/Mar/2020:11:48:01 +0100] "GET /admin/cronjob/support_email.php HTTP/1.0" 200 705 "-" "curl/7.29.0"
74.208.12.100 - - [28/Mar/2020:11:48:01 +0100] "GET /admin/cronjob/update_email.php HTTP/1.0" 200 705 "-" "curl/7.29.0"
41.217.9.42 - - [28/Mar/2020:11:48:13 +0100] "GET /theme/classic/desktop/banner.php HTTP/1.0" 200 16774 "-" "-"
74.208.12.100 - - [28/Mar/2020:11:49:01 +0100] "GET /admin/cronjob/update_email.php HTTP/1.0" 200 705 "-" "curl/7.29.0"
74.208.12.100 - - [28/Mar/2020:11:49:01 +0100] "GET /admin/cronjob/fidelity_email.php HTTP/1.0" 200 693 "-" "curl/7.29.0"
74.208.12.100 - - [28/Mar/2020:11:49:01 +0100] "GET /admin/cronjob/support_email.php HTTP/1.0" 200 705 "-" "curl/7.29.0"
74.208.12.100 - - [28/Mar/2020:11:49:01 +0100] "GET /admin/cronjob/uba_email.php HTTP/1.0" 200 705 "-" "curl/7.29.0"
197.210.129.202 - - [28/Mar/2020:11:49:09 +0100] "GET /theme/classic/desktop/banner.php HTTP/1.0" 200 16774 "-" "-"
197.210.129.202 - - [28/Mar/2020:11:49:14 +0100] "GET /theme/classic/desktop/banner.php HTTP/1.0" 200 16774 "-" "-"
74.208.12.100 - - [28/Mar/2020:11:50:01 +0100] "GET /admin/cronjob/fidelity_email.php HTTP/1.0" 200 693 "-" "curl/7.29.0"
74.208.12.100 - - [28/Mar/2020:11:50:01 +0100] "GET /admin/cronjob/update_email.php HTTP/1.0" 200 705 "-" "curl/7.29.0"
74.208.12.100 - - [28/Mar/2020:11:50:01 +0100] "GET /admin/cronjob/support_email.php HTTP/1.0" 200 705 "-" "curl/7.29.0"
74.208.12.100 - - [28/Mar/2020:11:50:01 +0100] "GET /admin/cronjob/uba_email.php HTTP/1.0" 200 705 "-" "curl/7.29.0"
74.208.12.100 - - [28/Mar/2020:11:51:01 +0100] "GET /admin/cronjob/fidelity_email.php HTTP/1.0" 200 693 "-" "curl/7.29.0"
74.208.12.100 - - [28/Mar/2020:11:51:01 +0100] "GET /admin/cronjob/support_email.php HTTP/1.0" 200 705 "-" "curl/7.29.0"
74.208.12.100 - - [28/Mar/2020:11:51:01 +0100] "GET /admin/cronjob/update_email.php HTTP/1.0" 200 705 "-" "curl/7.29.0"
74.208.12.100 - - [28/Mar/2020:11:51:01 +0100] "GET /admin/cronjob/uba_email.php HTTP/1.0" 200 705 "-" "curl/7.29.0"
41.217.9.42 - - [28/Mar/2020:11:51:29 +0100] "GET /theme/classic/desktop/banner.php HTTP/1.0" 200 16774 "-" "-"
74.208.12.100 - - [28/Mar/2020:11:52:01 +0100] "GET /admin/cronjob/update_email.php HTTP/1.0" 200 705 "-" "curl/7.29.0"
74.208.12.100 - - [28/Mar/2020:11:52:02 +0100] "GET /admin/cronjob/support_email.php HTTP/1.0" 200 705 "-" "curl/7.29.0"
74.208.12.100 - - [28/Mar/2020:11:52:02 +0100] "GET /admin/cronjob/fidelity_email.php HTTP/1.0" 200 693 "-" "curl/7.29.0"
74.208.12.100 - - [28/Mar/2020:11:52:02 +0100] "GET /admin/cronjob/uba_email.php HTTP/1.0" 200 705 "-" "curl/7.29.0"
77.88.5.96 - - [28/Mar/2020:11:52:28 +0100] "GET /robots.txt HTTP/1.0" 200 16774 "-" "Mozilla/5.0 (compatible; YandexBot/3.0; +http://yandex.com/bots)"
77.88.5.96 - - [28/Mar/2020:11:52:31 +0100] "GET /index HTTP/1.0" 200 43402 "-" "Mozilla/5.0 (compatible; YandexBot/3.0; +http://yandex.com/bots)"
74.208.12.100 - - [28/Mar/2020:11:53:01 +0100] "GET /admin/cronjob/uba_email.php HTTP/1.0" 200 705 "-" "curl/7.29.0"
74.208.12.100 - - [28/Mar/2020:11:53:01 +0100] "GET /admin/cronjob/update_email.php HTTP/1.0" 200 705 "-" "curl/7.29.0"
74.208.12.100 - - [28/Mar/2020:11:53:01 +0100] "GET /admin/cronjob/support_email.php HTTP/1.0" 200 705 "-" "curl/7.29.0"
74.208.12.100 - - [28/Mar/2020:11:53:01 +0100] "GET /admin/cronjob/fidelity_email.php HTTP/1.0" 200 693 "-" "curl/7.29.0"
74.208.12.100 - - [28/Mar/2020:11:54:01 +0100] "GET /admin/cronjob/update_email.php HTTP/1.0" 200 705 "-" "curl/7.29.0"
74.208.12.100 - - [28/Mar/2020:11:54:01 +0100] "GET /admin/cronjob/fidelity_email.php HTTP/1.0" 200 693 "-" "curl/7.29.0"
74.208.12.100 - - [28/Mar/2020:11:54:01 +0100] "GET /admin/cronjob/support_email.php HTTP/1.0" 200 705 "-" "curl/7.29.0"
74.208.12.100 - - [28/Mar/2020:11:54:01 +0100] "GET /admin/cronjob/uba_email.php HTTP/1.0" 200 705 "-" "curl/7.29.0"
74.208.12.100 - - [28/Mar/2020:11:55:02 +0100] "GET /admin/cronjob/fidelity_email.php HTTP/1.0" 200 693 "-" "curl/7.29.0"
74.208.12.100 - - [28/Mar/2020:11:55:02 +0100] "GET /admin/cronjob/update_email.php HTTP/1.0" 200 705 "-" "curl/7.29.0"
74.208.12.100 - - [28/Mar/2020:11:55:02 +0100] "GET /admin/cronjob/support_email.php HTTP/1.0" 200 705 "-" "curl/7.29.0"
74.208.12.100 - - [28/Mar/2020:11:55:02 +0100] "GET /admin/cronjob/uba_email.php HTTP/1.0" 200 705 "-" "curl/7.29.0"
5.101.0.209 - - [28/Mar/2020:11:55:03 +0100] "GET /index.php?s=/Index/\\think\\app/invokefunction&function=call_user_func_array&vars[0]=md5&vars[1][]=HelloThinkPHP HTTP/1.0" 200 16774 "-" "Mozilla/5.0 (Windows NT 10.0; Win64; x64) AppleWebKit/537.36 (KHTML, like Gecko) Chrome/78.0.3904.108 Safari/537.36"
74.208.12.100 - - [28/Mar/2020:11:56:01 +0100] "GET /admin/cronjob/uba_email.php HTTP/1.0" 200 705 "-" "curl/7.29.0"
74.208.12.100 - - [28/Mar/2020:11:56:01 +0100] "GET /admin/cronjob/fidelity_email.php HTTP/1.0" 200 693 "-" "curl/7.29.0"
74.208.12.100 - - [28/Mar/2020:11:56:01 +0100] "GET /admin/cronjob/update_email.php HTTP/1.0" 200 705 "-" "curl/7.29.0"
74.208.12.100 - - [28/Mar/2020:11:56:01 +0100] "GET /admin/cronjob/support_email.php HTTP/1.0" 200 705 "-" "curl/7.29.0"
41.217.9.42 - - [28/Mar/2020:11:56:09 +0100] "POST /api/pro/myapp/myapp_request.json HTTP/1.0" 200 758 "-" "RestSharp 104.1.0.0"
41.217.9.42 - - [28/Mar/2020:11:56:50 +0100] "GET /theme/classic/desktop/banner.php HTTP/1.0" 200 16774 "-" "-"
74.208.12.100 - - [28/Mar/2020:11:57:01 +0100] "GET /admin/cronjob/uba_email.php HTTP/1.0" 200 705 "-" "curl/7.29.0"
74.208.12.100 - - [28/Mar/2020:11:57:01 +0100] "GET /admin/cronjob/update_email.php HTTP/1.0" 200 705 "-" "curl/7.29.0"
74.208.12.100 - - [28/Mar/2020:11:57:04 +0100] "GET /admin/cronjob/support_email.php HTTP/1.0" 200 705 "-" "curl/7.29.0"
74.208.12.100 - - [28/Mar/2020:11:57:04 +0100] "GET /admin/cronjob/fidelity_email.php HTTP/1.0" 200 693 "-" "curl/7.29.0"
41.217.9.42 - - [28/Mar/2020:11:57:55 +0100] "GET /theme/classic/desktop/banner.php HTTP/1.0" 200 16774 "-" "-"
74.208.12.100 - - [28/Mar/2020:11:58:01 +0100] "GET /admin/cronjob/update_email.php HTTP/1.0" 200 705 "-" "curl/7.29.0"
74.208.12.100 - - [28/Mar/2020:11:58:01 +0100] "GET /admin/cronjob/fidelity_email.php HTTP/1.0" 200 693 "-" "curl/7.29.0"
74.208.12.100 - - [28/Mar/2020:11:58:01 +0100] "GET /admin/cronjob/uba_email.php HTTP/1.0" 200 705 "-" "curl/7.29.0"
74.208.12.100 - - [28/Mar/2020:11:58:01 +0100] "GET /admin/cronjob/support_email.php HTTP/1.0" 200 705 "-" "curl/7.29.0"
41.217.9.42 - - [28/Mar/2020:11:58:13 +0100] "GET /theme/classic/desktop/banner.php HTTP/1.0" 200 16774 "-" "-"
74.208.12.100 - - [28/Mar/2020:11:59:01 +0100] "GET /admin/cronjob/uba_email.php HTTP/1.0" 200 705 "-" "curl/7.29.0"
74.208.12.100 - - [28/Mar/2020:11:59:01 +0100] "GET /admin/cronjob/update_email.php HTTP/1.0" 200 705 "-" "curl/7.29.0"
74.208.12.100 - - [28/Mar/2020:11:59:01 +0100] "GET /admin/cronjob/support_email.php HTTP/1.0" 200 705 "-" "curl/7.29.0"
74.208.12.100 - - [28/Mar/2020:11:59:01 +0100] "GET /admin/cronjob/fidelity_email.php HTTP/1.0" 200 693 "-" "curl/7.29.0"
197.210.129.202 - - [28/Mar/2020:11:59:08 +0100] "GET /theme/classic/desktop/banner.php HTTP/1.0" 200 16774 "-" "-"
197.210.129.202 - - [28/Mar/2020:11:59:14 +0100] "GET /theme/classic/desktop/banner.php HTTP/1.0" 200 16774 "-" "-"
74.208.12.100 - - [28/Mar/2020:12:00:01 +0100] "GET /admin/cronjob/fidelity_email.php HTTP/1.0" 200 693 "-" "curl/7.29.0"
74.208.12.100 - - [28/Mar/2020:12:00:01 +0100] "GET /admin/cronjob/uba_email.php HTTP/1.0" 200 705 "-" "curl/7.29.0"
74.208.12.100 - - [28/Mar/2020:12:00:01 +0100] "GET /admin/cronjob/support_email.php HTTP/1.0" 200 705 "-" "curl/7.29.0"
74.208.12.100 - - [28/Mar/2020:12:00:01 +0100] "GET /admin/cronjob/update_email.php HTTP/1.0" 200 705 "-" "curl/7.29.0"
5.101.0.209 - - [28/Mar/2020:12:00:47 +0100] "GET /?XDEBUG_SESSION_START=phpstorm HTTP/1.0" 200 43402 "-" "Mozilla/5.0 (Windows NT 10.0; Win64; x64) AppleWebKit/537.36 (KHTML, like Gecko) Chrome/78.0.3904.108 Safari/537.36"
74.208.12.100 - - [28/Mar/2020:12:01:01 +0100] "GET /admin/cronjob/uba_email.php HTTP/1.0" 200 705 "-" "curl/7.29.0"
74.208.12.100 - - [28/Mar/2020:12:01:01 +0100] "GET /admin/cronjob/fidelity_email.php HTTP/1.0" 200 693 "-" "curl/7.29.0"
74.208.12.100 - - [28/Mar/2020:12:01:02 +0100] "GET /admin/cronjob/support_email.php HTTP/1.0" 200 705 "-" "curl/7.29.0"
74.208.12.100 - - [28/Mar/2020:12:01:01 +0100] "GET /admin/cronjob/update_email.php HTTP/1.0" 200 705 "-" "curl/7.29.0"
66.249.75.144 - - [28/Mar/2020:12:01:12 +0100] "GET /robots.txt HTTP/1.0" 200 16774 "-" "Mozilla/5.0 (compatible; Googlebot/2.1; +http://www.google.com/bot.html)"
66.249.75.140 - - [28/Mar/2020:12:01:13 +0100] "GET /details/BODY-TREAT-CLARIFYING-MAXITONER-LOTION-500ML.html HTTP/1.0" 200 16774 "-" "Mozilla/5.0 (Linux; Android 6.0.1; Nexus 5X Build/MMB29P) AppleWebKit/537.36 (KHTML, like Gecko) Chrome/41.0.2272.96 Mobile Safari/537.36 (compatible; Googlebot/2.1; +http://www.google.com/bot.html)"
41.217.9.42 - - [28/Mar/2020:12:01:29 +0100] "GET /theme/classic/desktop/banner.php HTTP/1.0" 200 16774 "-" "-"
74.208.12.100 - - [28/Mar/2020:12:02:02 +0100] "GET /admin/cronjob/support_email.php HTTP/1.0" 200 705 "-" "curl/7.29.0"
74.208.12.100 - - [28/Mar/2020:12:02:02 +0100] "GET /admin/cronjob/update_email.php HTTP/1.0" 200 705 "-" "curl/7.29.0"
74.208.12.100 - - [28/Mar/2020:12:02:02 +0100] "GET /admin/cronjob/fidelity_email.php HTTP/1.0" 200 693 "-" "curl/7.29.0"
74.208.12.100 - - [28/Mar/2020:12:02:02 +0100] "GET /admin/cronjob/uba_email.php HTTP/1.0" 500 903 "-" "curl/7.29.0"
74.208.12.100 - - [28/Mar/2020:12:03:01 +0100] "GET /admin/cronjob/support_email.php HTTP/1.0" 200 705 "-" "curl/7.29.0"
74.208.12.100 - - [28/Mar/2020:12:03:01 +0100] "GET /admin/cronjob/fidelity_email.php HTTP/1.0" 200 693 "-" "curl/7.29.0"
74.208.12.100 - - [28/Mar/2020:12:03:01 +0100] "GET /admin/cronjob/update_email.php HTTP/1.0" 200 705 "-" "curl/7.29.0"
74.208.12.100 - - [28/Mar/2020:12:03:01 +0100] "GET /admin/cronjob/uba_email.php HTTP/1.0" 500 903 "-" "curl/7.29.0"
74.208.12.100 - - [28/Mar/2020:12:04:01 +0100] "GET /admin/cronjob/support_email.php HTTP/1.0" 200 705 "-" "curl/7.29.0"
74.208.12.100 - - [28/Mar/2020:12:04:01 +0100] "GET /admin/cronjob/fidelity_email.php HTTP/1.0" 200 693 "-" "curl/7.29.0"
74.208.12.100 - - [28/Mar/2020:12:04:01 +0100] "GET /admin/cronjob/update_email.php HTTP/1.0" 200 705 "-" "curl/7.29.0"
74.208.12.100 - - [28/Mar/2020:12:04:01 +0100] "GET /admin/cronjob/uba_email.php HTTP/1.0" 200 705 "-" "curl/7.29.0"
54.36.149.77 - - [28/Mar/2020:12:04:14 +0100] "GET /details/M-AND-MS-PEANUT-CHOCOLATE-45G.html HTTP/1.0" 200 16774 "-" "Mozilla/5.0 (compatible; AhrefsBot/6.1; +http://ahrefs.com/robot/)"
74.208.12.100 - - [28/Mar/2020:12:05:02 +0100] "GET /admin/cronjob/uba_email.php HTTP/1.0" 200 705 "-" "curl/7.29.0"
74.208.12.100 - - [28/Mar/2020:12:05:02 +0100] "GET /admin/cronjob/fidelity_email.php HTTP/1.0" 200 693 "-" "curl/7.29.0"
74.208.12.100 - - [28/Mar/2020:12:05:02 +0100] "GET /admin/cronjob/support_email.php HTTP/1.0" 200 705 "-" "curl/7.29.0"
74.208.12.100 - - [28/Mar/2020:12:05:02 +0100] "GET /admin/cronjob/update_email.php HTTP/1.0" 200 705 "-" "curl/7.29.0"
74.208.12.100 - - [28/Mar/2020:12:06:01 +0100] "GET /admin/cronjob/support_email.php HTTP/1.0" 200 705 "-" "curl/7.29.0"
74.208.12.100 - - [28/Mar/2020:12:06:01 +0100] "GET /admin/cronjob/update_email.php HTTP/1.0" 200 705 "-" "curl/7.29.0"
74.208.12.100 - - [28/Mar/2020:12:06:01 +0100] "GET /admin/cronjob/uba_email.php HTTP/1.0" 200 705 "-" "curl/7.29.0"
74.208.12.100 - - [28/Mar/2020:12:06:01 +0100] "GET /admin/cronjob/fidelity_email.php HTTP/1.0" 200 693 "-" "curl/7.29.0"
41.217.9.42 - - [28/Mar/2020:12:06:50 +0100] "GET /theme/classic/desktop/banner.php HTTP/1.0" 200 16774 "-" "-"
197.210.129.202 - - [28/Mar/2020:12:06:58 +0100] "POST /api/pro/myapp/login.txt HTTP/1.0" 200 558 "-" "RestSharp 104.1.0.0"
74.208.12.100 - - [28/Mar/2020:12:07:01 +0100] "GET /admin/cronjob/support_email.php HTTP/1.0" 200 705 "-" "curl/7.29.0"
74.208.12.100 - - [28/Mar/2020:12:07:01 +0100] "GET /admin/cronjob/fidelity_email.php HTTP/1.0" 200 693 "-" "curl/7.29.0"
74.208.12.100 - - [28/Mar/2020:12:07:01 +0100] "GET /admin/cronjob/uba_email.php HTTP/1.0" 200 705 "-" "curl/7.29.0"
74.208.12.100 - - [28/Mar/2020:12:07:01 +0100] "GET /admin/cronjob/update_email.php HTTP/1.0" 200 705 "-" "curl/7.29.0"
197.210.129.202 - - [28/Mar/2020:12:07:23 +0100] "POST /api/pro/myapp/login.txt HTTP/1.0" 200 558 "-" "RestSharp 104.1.0.0"
74.208.12.100 - - [28/Mar/2020:12:08:01 +0100] "GET /admin/cronjob/support_email.php HTTP/1.0" 200 705 "-" "curl/7.29.0"
74.208.12.100 - - [28/Mar/2020:12:08:01 +0100] "GET /admin/cronjob/update_email.php HTTP/1.0" 200 705 "-" "curl/7.29.0"
74.208.12.100 - - [28/Mar/2020:12:08:01 +0100] "GET /admin/cronjob/fidelity_email.php HTTP/1.0" 200 693 "-" "curl/7.29.0"
74.208.12.100 - - [28/Mar/2020:12:08:01 +0100] "GET /admin/cronjob/uba_email.php HTTP/1.0" 200 705 "-" "curl/7.29.0"
41.217.9.42 - - [28/Mar/2020:12:08:13 +0100] "GET /theme/classic/desktop/banner.php HTTP/1.0" 200 16774 "-" "-"
54.36.150.23 - - [28/Mar/2020:12:08:22 +0100] "GET /details/THAI-PRIDE-SWEET-SOUR-SAUCE.html HTTP/1.0" 200 16774 "-" "Mozilla/5.0 (compatible; AhrefsBot/6.1; +http://ahrefs.com/robot/)"
197.210.129.202 - - [28/Mar/2020:12:08:29 +0100] "POST /api/pro/myapp/login.txt HTTP/1.0" 200 642 "-" "RestSharp 104.1.0.0"
197.210.129.202 - - [28/Mar/2020:12:08:30 +0100] "POST /api/pro/myapp/utility_list.json HTTP/1.0" 200 894 "-" "RestSharp 104.1.0.0"
197.210.129.202 - - [28/Mar/2020:12:08:30 +0100] "GET /theme/classic/desktop/banner.php HTTP/1.0" 200 16774 "-" "-"
197.210.129.202 - - [28/Mar/2020:12:08:32 +0100] "POST /api/pro/myapp/myapp_request.xml HTTP/1.0" 200 17345 "-" "RestSharp 104.1.0.0"
197.210.129.202 - - [28/Mar/2020:12:08:32 +0100] "POST /api/pro/myapp/myapp_request.txt HTTP/1.0" 200 606 "-" "RestSharp 104.1.0.0"
197.210.129.202 - - [28/Mar/2020:12:08:37 +0100] "GET /theme/classic/desktop/banner.php HTTP/1.0" 200 16774 "-" "-"
197.210.129.202 - - [28/Mar/2020:12:08:38 +0100] "POST /api/pro/myapp/airtime_list.json HTTP/1.0" 200 659 "-" "RestSharp 104.1.0.0"
197.210.129.202 - - [28/Mar/2020:12:08:38 +0100] "GET /theme/classic/desktop/banner.php HTTP/1.0" 200 16774 "-" "-"
197.210.129.202 - - [28/Mar/2020:12:08:39 +0100] "POST /api/pro/myapp/airtime_list.json HTTP/1.0" 200 659 "-" "RestSharp 104.1.0.0"
74.208.12.100 - - [28/Mar/2020:12:09:02 +0100] "GET /admin/cronjob/uba_email.php HTTP/1.0" 200 705 "-" "curl/7.29.0"
74.208.12.100 - - [28/Mar/2020:12:09:02 +0100] "GET /admin/cronjob/support_email.php HTTP/1.0" 200 705 "-" "curl/7.29.0"
74.208.12.100 - - [28/Mar/2020:12:09:02 +0100] "GET /admin/cronjob/fidelity_email.php HTTP/1.0" 200 693 "-" "curl/7.29.0"
74.208.12.100 - - [28/Mar/2020:12:09:02 +0100] "GET /admin/cronjob/update_email.php HTTP/1.0" 200 705 "-" "curl/7.29.0"
197.210.129.202 - - [28/Mar/2020:12:09:04 +0100] "POST /api/pro/myapp/myapp_request.json HTTP/1.0" 200 692 "-" "RestSharp 104.1.0.0"
197.210.129.202 - - [28/Mar/2020:12:09:06 +0100] "POST /api/pro/myapp/myapp_request/service_request/buyairtime/tid/174171/private_key/F3AS32B25Y4EXGFK8WU3G9T72VDCBG.json HTTP/1.0" 200 800 "-" "RestSharp 104.1.0.0"
197.210.129.202 - - [28/Mar/2020:12:09:08 +0100] "GET /theme/classic/desktop/banner.php HTTP/1.0" 200 16774 "-" "-"
197.210.129.202 - - [28/Mar/2020:12:09:09 +0100] "POST /api/pro/myapp/myapp_request.txt HTTP/1.0" 200 606 "-" "RestSharp 104.1.0.0"
197.210.129.202 - - [28/Mar/2020:12:09:09 +0100] "POST /api/pro/myapp/myapp_request.xml HTTP/1.0" 200 17349 "-" "RestSharp 104.1.0.0"
197.210.129.202 - - [28/Mar/2020:12:09:14 +0100] "GET /theme/classic/desktop/banner.php HTTP/1.0" 200 16774 "-" "-"
74.208.12.100 - - [28/Mar/2020:12:10:04 +0100] "GET /admin/cronjob/update_email.php HTTP/1.0" 200 705 "-" "curl/7.29.0"
74.208.12.100 - - [28/Mar/2020:12:10:04 +0100] "GET /admin/cronjob/fidelity_email.php HTTP/1.0" 200 693 "-" "curl/7.29.0"
74.208.12.100 - - [28/Mar/2020:12:10:04 +0100] "GET /admin/cronjob/uba_email.php HTTP/1.0" 200 705 "-" "curl/7.29.0"
74.208.12.100 - - [28/Mar/2020:12:10:04 +0100] "GET /admin/cronjob/support_email.php HTTP/1.0" 200 705 "-" "curl/7.29.0"
74.208.12.100 - - [28/Mar/2020:12:11:01 +0100] "GET /admin/cronjob/uba_email.php HTTP/1.0" 200 705 "-" "curl/7.29.0"
74.208.12.100 - - [28/Mar/2020:12:11:01 +0100] "GET /admin/cronjob/fidelity_email.php HTTP/1.0" 200 693 "-" "curl/7.29.0"
74.208.12.100 - - [28/Mar/2020:12:11:01 +0100] "GET /admin/cronjob/update_email.php HTTP/1.0" 200 705 "-" "curl/7.29.0"
74.208.12.100 - - [28/Mar/2020:12:11:01 +0100] "GET /admin/cronjob/support_email.php HTTP/1.0" 200 705 "-" "curl/7.29.0"
41.217.9.42 - - [28/Mar/2020:12:11:11 +0100] "GET /theme/classic/desktop/banner.php HTTP/1.0" 200 16774 "-" "-"
41.217.9.42 - - [28/Mar/2020:12:11:11 +0100] "POST /api/pro/myapp/airtime_list.json HTTP/1.0" 200 659 "-" "RestSharp 104.1.0.0"
41.217.9.42 - - [28/Mar/2020:12:11:12 +0100] "GET /theme/classic/desktop/banner.php HTTP/1.0" 200 16774 "-" "-"
41.217.9.42 - - [28/Mar/2020:12:11:12 +0100] "POST /api/pro/myapp/airtime_list.json HTTP/1.0" 200 659 "-" "RestSharp 104.1.0.0"
41.217.9.42 - - [28/Mar/2020:12:11:29 +0100] "GET /theme/classic/desktop/banner.php HTTP/1.0" 200 16774 "-" "-"
74.208.12.100 - - [28/Mar/2020:12:12:02 +0100] "GET /admin/cronjob/support_email.php HTTP/1.0" 200 705 "-" "curl/7.29.0"
74.208.12.100 - - [28/Mar/2020:12:12:02 +0100] "GET /admin/cronjob/update_email.php HTTP/1.0" 200 705 "-" "curl/7.29.0"
74.208.12.100 - - [28/Mar/2020:12:12:02 +0100] "GET /admin/cronjob/uba_email.php HTTP/1.0" 200 705 "-" "curl/7.29.0"
74.208.12.100 - - [28/Mar/2020:12:12:02 +0100] "GET /admin/cronjob/fidelity_email.php HTTP/1.0" 200 693 "-" "curl/7.29.0"
74.208.12.100 - - [28/Mar/2020:12:13:01 +0100] "GET /admin/cronjob/uba_email.php HTTP/1.0" 200 705 "-" "curl/7.29.0"
74.208.12.100 - - [28/Mar/2020:12:13:01 +0100] "GET /admin/cronjob/update_email.php HTTP/1.0" 200 705 "-" "curl/7.29.0"
74.208.12.100 - - [28/Mar/2020:12:13:01 +0100] "GET /admin/cronjob/fidelity_email.php HTTP/1.0" 200 693 "-" "curl/7.29.0"
74.208.12.100 - - [28/Mar/2020:12:13:01 +0100] "GET /admin/cronjob/support_email.php HTTP/1.0" 200 705 "-" "curl/7.29.0"
207.46.13.165 - - [28/Mar/2020:12:13:28 +0100] "GET / HTTP/1.0" 200 43402 "-" "Mozilla/5.0 (compatible; bingbot/2.0; +http://www.bing.com/bingbot.htm)"
74.208.12.100 - - [28/Mar/2020:12:14:01 +0100] "GET /admin/cronjob/uba_email.php HTTP/1.0" 200 705 "-" "curl/7.29.0"
197.210.129.202 - - [28/Mar/2020:12:14:01 +0100] "POST /api/pro/myapp/login.txt HTTP/1.0" 200 643 "-" "RestSharp 104.1.0.0"
197.210.129.202 - - [28/Mar/2020:12:14:02 +0100] "POST /api/pro/myapp/utility_list.json HTTP/1.0" 200 894 "-" "RestSharp 104.1.0.0"
74.208.12.100 - - [28/Mar/2020:12:14:01 +0100] "GET /admin/cronjob/update_email.php HTTP/1.0" 200 705 "-" "curl/7.29.0"
74.208.12.100 - - [28/Mar/2020:12:14:01 +0100] "GET /admin/cronjob/fidelity_email.php HTTP/1.0" 200 693 "-" "curl/7.29.0"
74.208.12.100 - - [28/Mar/2020:12:14:01 +0100] "GET /admin/cronjob/support_email.php HTTP/1.0" 200 705 "-" "curl/7.29.0"
197.210.129.202 - - [28/Mar/2020:12:14:03 +0100] "GET /theme/classic/desktop/banner.php HTTP/1.0" 200 16774 "-" "-"
197.210.129.202 - - [28/Mar/2020:12:14:04 +0100] "POST /api/pro/myapp/myapp_request.xml HTTP/1.0" 200 17363 "-" "RestSharp 104.1.0.0"
197.210.129.202 - - [28/Mar/2020:12:14:04 +0100] "POST /api/pro/myapp/myapp_request.txt HTTP/1.0" 200 604 "-" "RestSharp 104.1.0.0"
41.217.9.42 - - [28/Mar/2020:12:14:08 +0100] "POST /api/pro/myapp/myapp_request.json HTTP/1.0" 200 694 "-" "RestSharp 104.1.0.0"
197.210.129.202 - - [28/Mar/2020:12:14:13 +0100] "GET /theme/classic/desktop/banner.php HTTP/1.0" 200 16774 "-" "-"
197.210.129.202 - - [28/Mar/2020:12:14:13 +0100] "POST /api/pro/myapp/airtime_list.json HTTP/1.0" 200 659 "-" "RestSharp 104.1.0.0"
41.217.9.42 - - [28/Mar/2020:12:14:10 +0100] "POST /api/pro/myapp/myapp_request/service_request/buyairtime/tid/174173/private_key/BRM6UWFPPX53RMNYYPS87FBRGU438W.json HTTP/1.0" 200 793 "-" "RestSharp 104.1.0.0"
41.217.9.42 - - [28/Mar/2020:12:14:14 +0100] "POST /api/pro/myapp/myapp_request.txt HTTP/1.0" 200 601 "-" "RestSharp 104.1.0.0"
41.217.9.42 - - [28/Mar/2020:12:14:15 +0100] "POST /api/pro/myapp/myapp_request.xml HTTP/1.0" 200 17568 "-" "RestSharp 104.1.0.0"
197.210.129.202 - - [28/Mar/2020:12:14:15 +0100] "GET /theme/classic/desktop/banner.php HTTP/1.0" 200 16774 "-" "-"
197.210.129.202 - - [28/Mar/2020:12:14:16 +0100] "POST /api/pro/myapp/airtime_list.json HTTP/1.0" 200 659 "-" "RestSharp 104.1.0.0"
197.210.129.202 - - [28/Mar/2020:12:14:51 +0100] "POST /api/pro/myapp/myapp_request.json HTTP/1.0" 200 692 "-" "RestSharp 104.1.0.0"
74.208.12.100 - - [28/Mar/2020:12:15:01 +0100] "GET /admin/cronjob/update_email.php HTTP/1.0" 200 705 "-" "curl/7.29.0"
74.208.12.100 - - [28/Mar/2020:12:15:01 +0100] "GET /admin/cronjob/support_email.php HTTP/1.0" 200 705 "-" "curl/7.29.0"
74.208.12.100 - - [28/Mar/2020:12:15:01 +0100] "GET /admin/cronjob/uba_email.php HTTP/1.0" 200 705 "-" "curl/7.29.0"
74.208.12.100 - - [28/Mar/2020:12:15:01 +0100] "GET /admin/cronjob/fidelity_email.php HTTP/1.0" 200 693 "-" "curl/7.29.0"
197.210.129.202 - - [28/Mar/2020:12:15:00 +0100] "POST /api/pro/myapp/myapp_request/service_request/buyairtime/tid/174174/private_key/A4MVX90Z9G8GUKNU963V73UECCYWDS.json HTTP/1.0" 200 796 "-" "RestSharp 104.1.0.0"
197.210.129.202 - - [28/Mar/2020:12:15:04 +0100] "POST /api/pro/myapp/myapp_request.xml HTTP/1.0" 200 17363 "-" "RestSharp 104.1.0.0"
197.210.129.202 - - [28/Mar/2020:12:15:04 +0100] "POST /api/pro/myapp/myapp_request.txt HTTP/1.0" 200 606 "-" "RestSharp 104.1.0.0"
74.208.12.100 - - [28/Mar/2020:12:16:01 +0100] "GET /admin/cronjob/uba_email.php HTTP/1.0" 200 705 "-" "curl/7.29.0"
74.208.12.100 - - [28/Mar/2020:12:16:01 +0100] "GET /admin/cronjob/update_email.php HTTP/1.0" 200 705 "-" "curl/7.29.0"
74.208.12.100 - - [28/Mar/2020:12:16:01 +0100] "GET /admin/cronjob/fidelity_email.php HTTP/1.0" 200 693 "-" "curl/7.29.0"
74.208.12.100 - - [28/Mar/2020:12:16:01 +0100] "GET /admin/cronjob/support_email.php HTTP/1.0" 200 705 "-" "curl/7.29.0"
41.217.9.42 - - [28/Mar/2020:12:16:51 +0100] "GET /theme/classic/desktop/banner.php HTTP/1.0" 200 16774 "-" "-"
74.208.12.100 - - [28/Mar/2020:12:17:02 +0100] "GET /admin/cronjob/fidelity_email.php HTTP/1.0" 200 693 "-" "curl/7.29.0"
74.208.12.100 - - [28/Mar/2020:12:17:02 +0100] "GET /admin/cronjob/uba_email.php HTTP/1.0" 200 705 "-" "curl/7.29.0"
74.208.12.100 - - [28/Mar/2020:12:17:02 +0100] "GET /admin/cronjob/update_email.php HTTP/1.0" 200 705 "-" "curl/7.29.0"
74.208.12.100 - - [28/Mar/2020:12:17:02 +0100] "GET /admin/cronjob/support_email.php HTTP/1.0" 200 705 "-" "curl/7.29.0"
41.217.9.42 - - [28/Mar/2020:12:17:56 +0100] "GET /theme/classic/desktop/banner.php HTTP/1.0" 200 16774 "-" "-"
74.208.12.100 - - [28/Mar/2020:12:18:01 +0100] "GET /admin/cronjob/update_email.php HTTP/1.0" 200 705 "-" "curl/7.29.0"
74.208.12.100 - - [28/Mar/2020:12:18:01 +0100] "GET /admin/cronjob/uba_email.php HTTP/1.0" 200 705 "-" "curl/7.29.0"
74.208.12.100 - - [28/Mar/2020:12:18:01 +0100] "GET /admin/cronjob/fidelity_email.php HTTP/1.0" 200 693 "-" "curl/7.29.0"
74.208.12.100 - - [28/Mar/2020:12:18:01 +0100] "GET /admin/cronjob/support_email.php HTTP/1.0" 200 705 "-" "curl/7.29.0"
41.217.9.42 - - [28/Mar/2020:12:18:13 +0100] "GET /theme/classic/desktop/banner.php HTTP/1.0" 200 16774 "-" "-"
197.210.129.202 - - [28/Mar/2020:12:18:31 +0100] "GET /theme/classic/desktop/banner.php HTTP/1.0" 200 16774 "-" "-"
197.210.129.202 - - [28/Mar/2020:12:18:38 +0100] "GET /theme/classic/desktop/banner.php HTTP/1.0" 200 16774 "-" "-"
74.208.12.100 - - [28/Mar/2020:12:19:01 +0100] "GET /admin/cronjob/support_email.php HTTP/1.0" 200 705 "-" "curl/7.29.0"
74.208.12.100 - - [28/Mar/2020:12:19:01 +0100] "GET /admin/cronjob/update_email.php HTTP/1.0" 200 705 "-" "curl/7.29.0"
74.208.12.100 - - [28/Mar/2020:12:19:01 +0100] "GET /admin/cronjob/fidelity_email.php HTTP/1.0" 200 693 "-" "curl/7.29.0"
74.208.12.100 - - [28/Mar/2020:12:19:01 +0100] "GET /admin/cronjob/uba_email.php HTTP/1.0" 200 705 "-" "curl/7.29.0"
197.210.129.202 - - [28/Mar/2020:12:19:08 +0100] "GET /theme/classic/desktop/banner.php HTTP/1.0" 200 16774 "-" "-"
197.210.129.202 - - [28/Mar/2020:12:19:14 +0100] "GET /theme/classic/desktop/banner.php HTTP/1.0" 200 16774 "-" "-"
74.208.12.100 - - [28/Mar/2020:12:20:02 +0100] "GET /admin/cronjob/uba_email.php HTTP/1.0" 200 705 "-" "curl/7.29.0"
74.208.12.100 - - [28/Mar/2020:12:20:02 +0100] "GET /admin/cronjob/fidelity_email.php HTTP/1.0" 200 693 "-" "curl/7.29.0"
74.208.12.100 - - [28/Mar/2020:12:20:02 +0100] "GET /admin/cronjob/support_email.php HTTP/1.0" 200 705 "-" "curl/7.29.0"
74.208.12.100 - - [28/Mar/2020:12:20:02 +0100] "GET /admin/cronjob/update_email.php HTTP/1.0" 200 705 "-" "curl/7.29.0"
41.217.9.43 - - [28/Mar/2020:12:20:04 +0100] "GET / HTTP/1.0" 200 43373 "-" "Mozilla/5.0 (Windows NT 6.3; Win64; x64) AppleWebKit/537.36 (KHTML, like Gecko) Chrome/80.0.3987.149 Safari/537.36"
41.217.9.43 - - [28/Mar/2020:12:20:05 +0100] "GET /theme/classic/css/animate.min.css HTTP/1.0" 200 16716 "https://rechargepro.com.ng/" "Mozilla/5.0 (Windows NT 6.3; Win64; x64) AppleWebKit/537.36 (KHTML, like Gecko) Chrome/80.0.3987.149 Safari/537.36"
74.208.12.100 - - [28/Mar/2020:12:21:01 +0100] "GET /admin/cronjob/support_email.php HTTP/1.0" 200 705 "-" "curl/7.29.0"
74.208.12.100 - - [28/Mar/2020:12:21:01 +0100] "GET /admin/cronjob/fidelity_email.php HTTP/1.0" 200 693 "-" "curl/7.29.0"
74.208.12.100 - - [28/Mar/2020:12:21:01 +0100] "GET /admin/cronjob/update_email.php HTTP/1.0" 200 705 "-" "curl/7.29.0"
74.208.12.100 - - [28/Mar/2020:12:21:01 +0100] "GET /admin/cronjob/uba_email.php HTTP/1.0" 200 705 "-" "curl/7.29.0"
41.217.9.42 - - [28/Mar/2020:12:21:12 +0100] "GET /theme/classic/desktop/banner.php HTTP/1.0" 200 16774 "-" "-"
41.217.9.42 - - [28/Mar/2020:12:21:29 +0100] "GET /theme/classic/desktop/banner.php HTTP/1.0" 200 16774 "-" "-"
74.208.12.100 - - [28/Mar/2020:12:22:01 +0100] "GET /admin/cronjob/update_email.php HTTP/1.0" 200 705 "-" "curl/7.29.0"
74.208.12.100 - - [28/Mar/2020:12:22:01 +0100] "GET /admin/cronjob/uba_email.php HTTP/1.0" 200 705 "-" "curl/7.29.0"
74.208.12.100 - - [28/Mar/2020:12:22:01 +0100] "GET /admin/cronjob/support_email.php HTTP/1.0" 200 705 "-" "curl/7.29.0"
74.208.12.100 - - [28/Mar/2020:12:22:01 +0100] "GET /admin/cronjob/fidelity_email.php HTTP/1.0" 200 693 "-" "curl/7.29.0"
74.208.12.100 - - [28/Mar/2020:12:23:01 +0100] "GET /admin/cronjob/fidelity_email.php HTTP/1.0" 200 693 "-" "curl/7.29.0"
74.208.12.100 - - [28/Mar/2020:12:23:01 +0100] "GET /admin/cronjob/uba_email.php HTTP/1.0" 200 705 "-" "curl/7.29.0"
