105.112.114.118 - - [27/Mar/2020:13:51:45 +0100] "GET /theme/classic/icons/.jpg HTTP/1.0" 301 422 "-" "Dalvik/2.1.0 (Linux; U; Android 8.0.0; SM-G935T Build/R16NW)"
105.112.114.118 - - [27/Mar/2020:13:51:45 +0100] "GET /theme/classic/icons/2.jpg HTTP/1.0" 200 236 "-" "Dalvik/2.1.0 (Linux; U; Android 8.0.0; SM-G935T Build/R16NW)"
105.112.114.118 - - [27/Mar/2020:13:51:45 +0100] "GET /theme/classic/icons/14.jpg HTTP/1.0" 200 237 "-" "Dalvik/2.1.0 (Linux; U; Android 8.0.0; SM-G935T Build/R16NW)"
105.112.114.118 - - [27/Mar/2020:13:51:45 +0100] "GET /theme/classic/icons/2.jpg HTTP/1.1" 200 21475 "-" "Dalvik/2.1.0 (Linux; U; Android 8.0.0; SM-G935T Build/R16NW)"
105.112.114.118 - - [27/Mar/2020:13:51:45 +0100] "GET /theme/classic/icons/14.jpg HTTP/1.1" 200 22836 "-" "Dalvik/2.1.0 (Linux; U; Android 8.0.0; SM-G935T Build/R16NW)"
105.112.114.118 - - [27/Mar/2020:13:51:46 +0100] "GET /theme/classic/icons/27.jpg HTTP/1.1" 200 27413 "-" "Dalvik/2.1.0 (Linux; U; Android 8.0.0; SM-G935T Build/R16NW)"
105.112.114.118 - - [27/Mar/2020:13:51:46 +0100] "GET /theme/classic/icons/19.jpg HTTP/1.1" 200 23691 "-" "Dalvik/2.1.0 (Linux; U; Android 8.0.0; SM-G935T Build/R16NW)"
105.112.114.118 - - [27/Mar/2020:13:51:46 +0100] "GET /theme/classic/icons/19.jpg HTTP/1.1" 200 23691 "-" "Dalvik/2.1.0 (Linux; U; Android 8.0.0; SM-G935T Build/R16NW)"
105.112.114.118 - - [27/Mar/2020:13:51:46 +0100] "GET /theme/classic/icons/27.jpg HTTP/1.0" 200 237 "-" "Dalvik/2.1.0 (Linux; U; Android 8.0.0; SM-G935T Build/R16NW)"
105.112.114.118 - - [27/Mar/2020:13:51:46 +0100] "GET /theme/classic/icons/19.jpg HTTP/1.0" 200 237 "-" "Dalvik/2.1.0 (Linux; U; Android 8.0.0; SM-G935T Build/R16NW)"
105.112.114.118 - - [27/Mar/2020:13:51:46 +0100] "GET /theme/classic/icons/19.jpg HTTP/1.0" 200 237 "-" "Dalvik/2.1.0 (Linux; U; Android 8.0.0; SM-G935T Build/R16NW)"
105.112.114.118 - - [27/Mar/2020:13:51:47 +0100] "GET /theme/classic/icons/14.jpg HTTP/1.0" 200 237 "-" "Dalvik/2.1.0 (Linux; U; Android 8.0.0; SM-G935T Build/R16NW)"
105.112.114.118 - - [27/Mar/2020:13:51:47 +0100] "GET /theme/classic/icons/27.jpg HTTP/1.0" 200 237 "-" "Dalvik/2.1.0 (Linux; U; Android 8.0.0; SM-G935T Build/R16NW)"
105.112.114.118 - - [27/Mar/2020:13:51:47 +0100] "GET /theme/classic/icons/.jpg HTTP/1.0" 301 422 "-" "Dalvik/2.1.0 (Linux; U; Android 8.0.0; SM-G935T Build/R16NW)"
105.112.114.118 - - [27/Mar/2020:13:51:47 +0100] "GET /theme/classic/icons/14.jpg HTTP/1.1" 200 22836 "-" "Dalvik/2.1.0 (Linux; U; Android 8.0.0; SM-G935T Build/R16NW)"
105.112.114.118 - - [27/Mar/2020:13:51:47 +0100] "GET /theme/classic/icons/27.jpg HTTP/1.1" 200 27413 "-" "Dalvik/2.1.0 (Linux; U; Android 8.0.0; SM-G935T Build/R16NW)"
105.112.114.118 - - [27/Mar/2020:13:51:48 +0100] "GET /theme/classic/icons/.jpg HTTP/1.0" 301 422 "-" "Dalvik/2.1.0 (Linux; U; Android 8.0.0; SM-G935T Build/R16NW)"
105.112.114.118 - - [27/Mar/2020:13:51:50 +0100] "GET /theme/classic/icons/28.jpg HTTP/1.0" 200 237 "-" "Dalvik/2.1.0 (Linux; U; Android 8.0.0; SM-G935T Build/R16NW)"
105.112.114.118 - - [27/Mar/2020:13:51:50 +0100] "GET /theme/classic/icons/28.jpg HTTP/1.1" 200 19513 "-" "Dalvik/2.1.0 (Linux; U; Android 8.0.0; SM-G935T Build/R16NW)"
105.112.114.118 - - [27/Mar/2020:13:51:51 +0100] "GET /theme/classic/icons/2.jpg HTTP/1.1" 200 21475 "-" "Dalvik/2.1.0 (Linux; U; Android 8.0.0; SM-G935T Build/R16NW)"
105.112.114.118 - - [27/Mar/2020:13:51:51 +0100] "GET /theme/classic/icons/2.jpg HTTP/1.0" 200 236 "-" "Dalvik/2.1.0 (Linux; U; Android 8.0.0; SM-G935T Build/R16NW)"
105.112.114.118 - - [27/Mar/2020:13:51:51 +0100] "GET /theme/classic/icons/.jpg HTTP/1.0" 301 422 "-" "Dalvik/2.1.0 (Linux; U; Android 8.0.0; SM-G935T Build/R16NW)"
105.112.114.118 - - [27/Mar/2020:13:52:01 +0100] "GET /theme/classic/icons/.jpg HTTP/1.0" 301 422 "-" "Dalvik/2.1.0 (Linux; U; Android 8.0.0; SM-G935T Build/R16NW)"
74.208.12.100 - - [27/Mar/2020:13:52:01 +0100] "GET /engine/emailque/scripts/delivery.php HTTP/1.0" 200 542 "-" "curl/7.29.0"
74.208.12.100 - - [27/Mar/2020:13:53:01 +0100] "GET /engine/emailque/scripts/delivery.php HTTP/1.0" 200 542 "-" "curl/7.29.0"
74.208.12.100 - - [27/Mar/2020:13:54:01 +0100] "GET /engine/emailque/scripts/delivery.php HTTP/1.0" 200 542 "-" "curl/7.29.0"
74.208.12.100 - - [27/Mar/2020:13:55:01 +0100] "GET /engine/emailque/scripts/delivery.php HTTP/1.0" 200 542 "-" "curl/7.29.0"
74.208.12.100 - - [27/Mar/2020:13:56:01 +0100] "GET /engine/emailque/scripts/delivery.php HTTP/1.0" 200 542 "-" "curl/7.29.0"
74.208.12.100 - - [27/Mar/2020:13:57:01 +0100] "GET /engine/emailque/scripts/delivery.php HTTP/1.0" 200 542 "-" "curl/7.29.0"
74.208.12.100 - - [27/Mar/2020:13:58:01 +0100] "GET /engine/emailque/scripts/delivery.php HTTP/1.0" 200 542 "-" "curl/7.29.0"
74.208.12.100 - - [27/Mar/2020:13:59:01 +0100] "GET /engine/emailque/scripts/delivery.php HTTP/1.0" 200 542 "-" "curl/7.29.0"
41.190.12.62 - - [27/Mar/2020:13:59:49 +0100] "POST /api/pro/myapp/myapp_request.txt HTTP/1.0" 200 370 "-" "okhttp/3.10.0"
41.190.12.62 - - [27/Mar/2020:13:59:52 +0100] "POST /api/pro/myapp/myapp_request.txt HTTP/1.0" 200 370 "-" "okhttp/3.10.0"
74.208.12.100 - - [27/Mar/2020:14:00:01 +0100] "GET /engine/emailque/scripts/delivery.php HTTP/1.0" 200 542 "-" "curl/7.29.0"
41.190.12.62 - - [27/Mar/2020:14:00:05 +0100] "POST /api/pro/myapp/utility_list.json HTTP/1.0" 200 694 "-" "okhttp/3.10.0"
41.190.12.62 - - [27/Mar/2020:14:00:07 +0100] "POST /api/pro/myapp/myapp_request.txt HTTP/1.0" 200 370 "-" "okhttp/3.10.0"
41.190.12.62 - - [27/Mar/2020:14:00:08 +0100] "POST /api/pro/myapp/tv_list.json HTTP/1.0" 200 429 "-" "okhttp/3.10.0"
41.190.12.62 - - [27/Mar/2020:14:00:09 +0100] "POST /api/pro/myapp/banquet_list.json HTTP/1.0" 200 1021 "-" "okhttp/3.10.0"
41.190.12.62 - - [27/Mar/2020:14:00:13 +0100] "POST /api/pro/myapp/banquet_list.json HTTP/1.0" 200 562 "-" "okhttp/3.10.0"
197.211.61.97 - - [27/Mar/2020:14:00:34 +0100] "POST /api/pro/myapp/myapp_request.txt HTTP/1.0" 200 371 "-" "okhttp/3.10.0"
197.211.61.97 - - [27/Mar/2020:14:00:34 +0100] "POST /api/pro/myapp/myapp_request.txt HTTP/1.0" 200 371 "-" "okhttp/3.10.0"
197.211.61.97 - - [27/Mar/2020:14:00:37 +0100] "POST /api/pro/myapp/myapp_request.txt HTTP/1.0" 200 371 "-" "okhttp/3.10.0"
74.208.12.100 - - [27/Mar/2020:14:01:01 +0100] "GET /engine/emailque/scripts/delivery.php HTTP/1.0" 200 542 "-" "curl/7.29.0"
74.208.12.100 - - [27/Mar/2020:14:02:02 +0100] "GET /engine/emailque/scripts/delivery.php HTTP/1.0" 200 542 "-" "curl/7.29.0"
74.208.12.100 - - [27/Mar/2020:14:03:01 +0100] "GET /engine/emailque/scripts/delivery.php HTTP/1.0" 200 542 "-" "curl/7.29.0"
197.210.52.215 - - [27/Mar/2020:14:03:49 +0100] "POST /api/pro/myapp/myapp_request.txt HTTP/1.0" 200 368 "-" "okhttp/3.10.0"
74.208.12.100 - - [27/Mar/2020:14:04:01 +0100] "GET /engine/emailque/scripts/delivery.php HTTP/1.0" 200 542 "-" "curl/7.29.0"
197.210.53.183 - - [27/Mar/2020:14:04:05 +0100] "POST /api/pro/myapp/login.txt HTTP/1.0" 200 437 "-" "okhttp/3.10.0"
197.210.53.183 - - [27/Mar/2020:14:04:06 +0100] "POST /api/pro/myapp/myapp_request.txt HTTP/1.0" 200 368 "-" "okhttp/3.10.0"
74.208.12.100 - - [27/Mar/2020:14:05:01 +0100] "GET /engine/emailque/scripts/delivery.php HTTP/1.0" 200 542 "-" "curl/7.29.0"
41.190.12.62 - - [27/Mar/2020:14:05:52 +0100] "POST /api/pro/myapp/myapp_request.json HTTP/1.0" 200 491 "-" "okhttp/3.10.0"
41.190.12.62 - - [27/Mar/2020:14:05:58 +0100] "POST /api/pro/myapp/tv_list.json HTTP/1.0" 200 429 "-" "okhttp/3.10.0"
41.190.12.62 - - [27/Mar/2020:14:05:58 +0100] "POST /api/pro/myapp/banquet_list.json HTTP/1.0" 200 1021 "-" "okhttp/3.10.0"
41.190.12.62 - - [27/Mar/2020:14:05:59 +0100] "POST /api/pro/myapp/myapp_request.txt HTTP/1.0" 200 370 "-" "okhttp/3.10.0"
41.190.12.62 - - [27/Mar/2020:14:05:59 +0100] "POST /api/pro/myapp/myapp_request.txt HTTP/1.0" 200 367 "-" "okhttp/3.10.0"
74.208.12.100 - - [27/Mar/2020:14:06:01 +0100] "GET /engine/emailque/scripts/delivery.php HTTP/1.0" 200 542 "-" "curl/7.29.0"
74.208.12.100 - - [27/Mar/2020:14:07:02 +0100] "GET /engine/emailque/scripts/delivery.php HTTP/1.0" 200 542 "-" "curl/7.29.0"
105.112.114.118 - - [27/Mar/2020:14:07:11 +0100] "GET /theme/classic/slide/pexels-photo-929778.jpeg?auto=compress&cs=tinysrgb&dpr=2&h=750&w=1260 HTTP/1.0" 200 255 "-" "Dalvik/2.1.0 (Linux; U; Android 8.0.0; SM-G935T Build/R16NW)"
105.112.114.118 - - [27/Mar/2020:14:07:11 +0100] "GET /theme/classic/slide/pexels-photo-929778.jpeg?auto=compress&cs=tinysrgb&dpr=2&h=750&w=1260 HTTP/1.1" 200 50423 "-" "Dalvik/2.1.0 (Linux; U; Android 8.0.0; SM-G935T Build/R16NW)"
105.112.114.118 - - [27/Mar/2020:14:07:24 +0100] "POST /api/pro/myapp/category_list.json HTTP/1.0" 200 391 "-" "okhttp/3.10.0"
105.112.114.118 - - [27/Mar/2020:14:07:25 +0100] "POST /api/pro/myapp/marchant_list.json HTTP/1.0" 200 434 "-" "okhttp/3.10.0"
105.112.114.118 - - [27/Mar/2020:14:07:30 +0100] "POST /api/pro/myapp/myapp_request.txt HTTP/1.0" 200 368 "-" "okhttp/3.10.0"
105.112.114.118 - - [27/Mar/2020:14:07:32 +0100] "POST /api/pro/myapp/airtime_list.json HTTP/1.0" 200 459 "-" "okhttp/3.10.0"
74.208.12.100 - - [27/Mar/2020:14:08:01 +0100] "GET /engine/emailque/scripts/delivery.php HTTP/1.0" 200 542 "-" "curl/7.29.0"
74.208.12.100 - - [27/Mar/2020:14:09:01 +0100] "GET /engine/emailque/scripts/delivery.php HTTP/1.0" 200 542 "-" "curl/7.29.0"
41.190.12.62 - - [27/Mar/2020:14:09:07 +0100] "POST /api/pro/myapp/myapp_request.txt HTTP/1.0" 200 370 "-" "okhttp/3.10.0"
41.190.12.62 - - [27/Mar/2020:14:09:08 +0100] "POST /api/pro/myapp/tv_list.json HTTP/1.0" 200 429 "-" "okhttp/3.10.0"
41.190.12.62 - - [27/Mar/2020:14:09:09 +0100] "POST /api/pro/myapp/banquet_list.json HTTP/1.0" 200 1021 "-" "okhttp/3.10.0"
41.190.12.62 - - [27/Mar/2020:14:09:12 +0100] "POST /api/pro/myapp/banquet_list.json HTTP/1.0" 200 562 "-" "okhttp/3.10.0"
41.190.12.62 - - [27/Mar/2020:14:09:52 +0100] "POST /api/pro/myapp/myapp_request.json HTTP/1.0" 200 491 "-" "okhttp/3.10.0"
41.190.12.62 - - [27/Mar/2020:14:09:55 +0100] "POST /api/pro/myapp/myapp_request.txt HTTP/1.0" 200 370 "-" "okhttp/3.10.0"
74.208.12.100 - - [27/Mar/2020:14:10:01 +0100] "GET /engine/emailque/scripts/delivery.php HTTP/1.0" 200 542 "-" "curl/7.29.0"
41.190.12.62 - - [27/Mar/2020:14:10:04 +0100] "POST /api/pro/myapp/myapp_request.json HTTP/1.0" 200 888 "-" "okhttp/3.10.0"
74.208.12.100 - - [27/Mar/2020:14:11:01 +0100] "GET /engine/emailque/scripts/delivery.php HTTP/1.0" 200 542 "-" "curl/7.29.0"
41.190.12.62 - - [27/Mar/2020:14:11:01 +0100] "POST /api/pro/myapp/myapp_request.txt HTTP/1.0" 200 370 "-" "okhttp/3.10.0"
41.190.12.62 - - [27/Mar/2020:14:11:02 +0100] "POST /api/pro/myapp/myapp_request.txt HTTP/1.0" 200 1397 "-" "okhttp/3.10.0"
41.190.12.62 - - [27/Mar/2020:14:11:04 +0100] "GET /theme/classic/icons/29.jpg HTTP/1.0" 200 237 "-" "Dalvik/2.1.0 (Linux; U; Android 7.0; TECNO P904 Build/NRD90M)"
41.190.12.62 - - [27/Mar/2020:14:11:04 +0100] "GET /theme/classic/icons/29.jpg HTTP/1.1" 200 45717 "-" "Dalvik/2.1.0 (Linux; U; Android 7.0; TECNO P904 Build/NRD90M)"
41.190.12.62 - - [27/Mar/2020:14:11:06 +0100] "GET /theme/classic/icons/28.jpg HTTP/1.1" 200 19513 "-" "Dalvik/2.1.0 (Linux; U; Android 7.0; TECNO P904 Build/NRD90M)"
41.190.12.62 - - [27/Mar/2020:14:11:06 +0100] "GET /theme/classic/icons/.jpg HTTP/1.0" 301 422 "-" "Dalvik/2.1.0 (Linux; U; Android 7.0; TECNO P904 Build/NRD90M)"
41.190.12.62 - - [27/Mar/2020:14:11:06 +0100] "GET /theme/classic/icons/28.jpg HTTP/1.0" 200 237 "-" "Dalvik/2.1.0 (Linux; U; Android 7.0; TECNO P904 Build/NRD90M)"
41.190.12.62 - - [27/Mar/2020:14:11:29 +0100] "POST /api/pro/myapp/myapp_request.json HTTP/1.0" 200 576 "-" "okhttp/3.10.0"
196.52.43.120 - - [27/Mar/2020:14:11:40 +0100] "GET / HTTP/1.0" 301 380 "-" "Mozilla/5.0 (X11; Linux x86_64) AppleWebKit/537.36 (KHTML, like Gecko) Chrome/72.0.3602.2 Safari/537.36"
41.190.12.62 - - [27/Mar/2020:14:11:52 +0100] "POST /api/pro/myapp/myapp_request.txt HTTP/1.0" 200 1397 "-" "okhttp/3.10.0"
41.190.12.62 - - [27/Mar/2020:14:11:53 +0100] "GET /theme/classic/icons/29.jpg HTTP/1.0" 200 237 "-" "Dalvik/2.1.0 (Linux; U; Android 7.0; TECNO P904 Build/NRD90M)"
41.190.12.62 - - [27/Mar/2020:14:11:53 +0100] "GET /theme/classic/icons/29.jpg HTTP/1.1" 200 45717 "-" "Dalvik/2.1.0 (Linux; U; Android 7.0; TECNO P904 Build/NRD90M)"
41.190.12.62 - - [27/Mar/2020:14:11:54 +0100] "POST /api/pro/myapp/myapp_request.txt HTTP/1.0" 200 367 "-" "okhttp/3.10.0"
41.190.12.62 - - [27/Mar/2020:14:11:55 +0100] "GET /theme/classic/icons/28.jpg HTTP/1.0" 200 237 "-" "Dalvik/2.1.0 (Linux; U; Android 7.0; TECNO P904 Build/NRD90M)"
41.190.12.62 - - [27/Mar/2020:14:11:55 +0100] "GET /theme/classic/icons/.jpg HTTP/1.0" 301 422 "-" "Dalvik/2.1.0 (Linux; U; Android 7.0; TECNO P904 Build/NRD90M)"
41.190.12.62 - - [27/Mar/2020:14:11:55 +0100] "GET /theme/classic/icons/28.jpg HTTP/1.1" 200 19513 "-" "Dalvik/2.1.0 (Linux; U; Android 7.0; TECNO P904 Build/NRD90M)"
41.190.12.62 - - [27/Mar/2020:14:11:57 +0100] "POST /api/pro/myapp/myapp_request.txt HTTP/1.0" 200 370 "-" "okhttp/3.10.0"
74.208.12.100 - - [27/Mar/2020:14:12:01 +0100] "GET /engine/emailque/scripts/delivery.php HTTP/1.0" 200 542 "-" "curl/7.29.0"
41.190.12.62 - - [27/Mar/2020:14:12:04 +0100] "POST /api/pro/myapp/airtime_list.json HTTP/1.0" 200 459 "-" "okhttp/3.10.0"
41.190.12.62 - - [27/Mar/2020:14:12:25 +0100] "POST /api/pro/myapp/myapp_request.json HTTP/1.0" 200 492 "-" "okhttp/3.10.0"
41.190.12.62 - - [27/Mar/2020:14:12:27 +0100] "POST /api/pro/myapp/myapp_request.txt HTTP/1.0" 200 370 "-" "okhttp/3.10.0"
41.190.12.62 - - [27/Mar/2020:14:12:33 +0100] "POST /api/pro/myapp/myapp_request.json HTTP/1.0" 200 601 "-" "okhttp/3.10.0"
41.190.12.62 - - [27/Mar/2020:14:12:38 +0100] "POST /api/pro/myapp/myapp_request.txt HTTP/1.0" 200 370 "-" "okhttp/3.10.0"
74.208.12.100 - - [27/Mar/2020:14:13:01 +0100] "GET /engine/emailque/scripts/delivery.php HTTP/1.0" 200 542 "-" "curl/7.29.0"
74.208.12.100 - - [27/Mar/2020:14:14:01 +0100] "GET /engine/emailque/scripts/delivery.php HTTP/1.0" 200 542 "-" "curl/7.29.0"
207.46.13.179 - - [27/Mar/2020:14:14:12 +0100] "GET /robots.txt HTTP/1.0" 301 404 "-" "Mozilla/5.0 (compatible; bingbot/2.0; +http://www.bing.com/bingbot.htm)"
207.46.13.176 - - [27/Mar/2020:14:14:18 +0100] "GET / HTTP/1.0" 301 394 "-" "Mozilla/5.0 (compatible; bingbot/2.0; +http://www.bing.com/bingbot.htm)"
74.208.12.100 - - [27/Mar/2020:14:15:01 +0100] "GET /engine/emailque/scripts/delivery.php HTTP/1.0" 200 542 "-" "curl/7.29.0"
74.208.12.100 - - [27/Mar/2020:14:16:01 +0100] "GET /engine/emailque/scripts/delivery.php HTTP/1.0" 200 542 "-" "curl/7.29.0"
74.208.12.100 - - [27/Mar/2020:14:17:01 +0100] "GET /engine/emailque/scripts/delivery.php HTTP/1.0" 200 542 "-" "curl/7.29.0"
74.208.12.100 - - [27/Mar/2020:14:18:01 +0100] "GET /engine/emailque/scripts/delivery.php HTTP/1.0" 200 542 "-" "curl/7.29.0"
74.208.12.100 - - [27/Mar/2020:14:19:01 +0100] "GET /engine/emailque/scripts/delivery.php HTTP/1.0" 200 542 "-" "curl/7.29.0"
74.208.12.100 - - [27/Mar/2020:14:20:01 +0100] "GET /engine/emailque/scripts/delivery.php HTTP/1.0" 200 542 "-" "curl/7.29.0"
74.208.12.100 - - [27/Mar/2020:14:21:03 +0100] "GET /engine/emailque/scripts/delivery.php HTTP/1.0" 200 542 "-" "curl/7.29.0"
74.208.12.100 - - [27/Mar/2020:14:22:01 +0100] "GET /engine/emailque/scripts/delivery.php HTTP/1.0" 200 542 "-" "curl/7.29.0"
74.208.12.100 - - [27/Mar/2020:14:23:01 +0100] "GET /engine/emailque/scripts/delivery.php HTTP/1.0" 200 542 "-" "curl/7.29.0"
74.208.12.100 - - [27/Mar/2020:14:24:01 +0100] "GET /engine/emailque/scripts/delivery.php HTTP/1.0" 200 542 "-" "curl/7.29.0"
74.208.12.100 - - [27/Mar/2020:14:25:01 +0100] "GET /engine/emailque/scripts/delivery.php HTTP/1.0" 200 542 "-" "curl/7.29.0"
74.208.12.100 - - [27/Mar/2020:14:26:01 +0100] "GET /engine/emailque/scripts/delivery.php HTTP/1.0" 200 542 "-" "curl/7.29.0"
74.208.12.100 - - [27/Mar/2020:14:27:01 +0100] "GET /engine/emailque/scripts/delivery.php HTTP/1.0" 200 542 "-" "curl/7.29.0"
74.208.12.100 - - [27/Mar/2020:14:28:01 +0100] "GET /engine/emailque/scripts/delivery.php HTTP/1.0" 200 542 "-" "curl/7.29.0"
74.208.12.100 - - [27/Mar/2020:14:29:01 +0100] "GET /engine/emailque/scripts/delivery.php HTTP/1.0" 200 542 "-" "curl/7.29.0"
74.208.12.100 - - [27/Mar/2020:14:30:01 +0100] "GET /engine/emailque/scripts/delivery.php HTTP/1.0" 200 542 "-" "curl/7.29.0"
74.208.12.100 - - [27/Mar/2020:14:31:01 +0100] "GET /engine/emailque/scripts/delivery.php HTTP/1.0" 200 542 "-" "curl/7.29.0"
74.208.12.100 - - [27/Mar/2020:14:32:01 +0100] "GET /engine/emailque/scripts/delivery.php HTTP/1.0" 200 542 "-" "curl/7.29.0"
74.208.12.100 - - [27/Mar/2020:14:33:01 +0100] "GET /engine/emailque/scripts/delivery.php HTTP/1.0" 200 2277 "-" "curl/7.29.0"
74.208.12.100 - - [27/Mar/2020:14:34:01 +0100] "GET /engine/emailque/scripts/delivery.php HTTP/1.0" 200 542 "-" "curl/7.29.0"
74.208.12.100 - - [27/Mar/2020:14:35:01 +0100] "GET /engine/emailque/scripts/delivery.php HTTP/1.0" 200 542 "-" "curl/7.29.0"
74.208.12.100 - - [27/Mar/2020:14:36:01 +0100] "GET /engine/emailque/scripts/delivery.php HTTP/1.0" 200 542 "-" "curl/7.29.0"
74.208.12.100 - - [27/Mar/2020:14:37:01 +0100] "GET /engine/emailque/scripts/delivery.php HTTP/1.0" 200 542 "-" "curl/7.29.0"
74.208.12.100 - - [27/Mar/2020:14:38:01 +0100] "GET /engine/emailque/scripts/delivery.php HTTP/1.0" 200 542 "-" "curl/7.29.0"
74.208.12.100 - - [27/Mar/2020:14:39:02 +0100] "GET /engine/emailque/scripts/delivery.php HTTP/1.0" 200 542 "-" "curl/7.29.0"
74.208.12.100 - - [27/Mar/2020:14:40:01 +0100] "GET /engine/emailque/scripts/delivery.php HTTP/1.0" 200 542 "-" "curl/7.29.0"
74.208.12.100 - - [27/Mar/2020:14:41:01 +0100] "GET /engine/emailque/scripts/delivery.php HTTP/1.0" 200 542 "-" "curl/7.29.0"
74.208.12.100 - - [27/Mar/2020:14:42:01 +0100] "GET /engine/emailque/scripts/delivery.php HTTP/1.0" 200 542 "-" "curl/7.29.0"
74.208.12.100 - - [27/Mar/2020:14:43:01 +0100] "GET /engine/emailque/scripts/delivery.php HTTP/1.0" 200 542 "-" "curl/7.29.0"
197.210.70.239 - - [27/Mar/2020:14:43:02 +0100] "POST /api/pro/myapp/myapp_request.txt HTTP/1.0" 200 368 "-" "okhttp/3.10.0"
197.210.70.239 - - [27/Mar/2020:14:43:11 +0100] "POST /api/pro/myapp/airtime_list.json HTTP/1.0" 200 459 "-" "okhttp/3.10.0"
74.208.12.100 - - [27/Mar/2020:14:44:04 +0100] "GET /engine/emailque/scripts/delivery.php HTTP/1.0" 200 542 "-" "curl/7.29.0"
74.208.12.100 - - [27/Mar/2020:14:45:01 +0100] "GET /engine/emailque/scripts/delivery.php HTTP/1.0" 200 542 "-" "curl/7.29.0"
74.208.12.100 - - [27/Mar/2020:14:46:04 +0100] "GET /engine/emailque/scripts/delivery.php HTTP/1.0" 200 542 "-" "curl/7.29.0"
197.210.71.235 - - [27/Mar/2020:14:46:36 +0100] "POST /api/pro/myapp/myapp_request.json HTTP/1.0" 200 492 "-" "okhttp/3.10.0"
197.210.71.235 - - [27/Mar/2020:14:46:48 +0100] "POST /api/pro/myapp/myapp_request.txt HTTP/1.0" 200 368 "-" "okhttp/3.10.0"
197.210.71.235 - - [27/Mar/2020:14:46:53 +0100] "POST /api/pro/myapp/myapp_request.json HTTP/1.0" 200 587 "-" "okhttp/3.10.0"
74.208.12.100 - - [27/Mar/2020:14:47:01 +0100] "GET /engine/emailque/scripts/delivery.php HTTP/1.0" 200 542 "-" "curl/7.29.0"
74.208.12.100 - - [27/Mar/2020:14:48:01 +0100] "GET /engine/emailque/scripts/delivery.php HTTP/1.0" 200 542 "-" "curl/7.29.0"
74.208.12.100 - - [27/Mar/2020:14:49:01 +0100] "GET /engine/emailque/scripts/delivery.php HTTP/1.0" 200 542 "-" "curl/7.29.0"
74.208.12.100 - - [27/Mar/2020:14:50:01 +0100] "GET /engine/emailque/scripts/delivery.php HTTP/1.0" 200 542 "-" "curl/7.29.0"
66.249.69.116 - - [27/Mar/2020:14:50:45 +0100] "GET /robots.txt HTTP/1.0" 301 408 "-" "Mozilla/5.0 (compatible; Googlebot/2.1; +http://www.google.com/bot.html)"
66.249.69.114 - - [27/Mar/2020:14:50:45 +0100] "GET / HTTP/1.0" 301 398 "-" "Mozilla/5.0 (Linux; Android 6.0.1; Nexus 5X Build/MMB29P) AppleWebKit/537.36 (KHTML, like Gecko) Chrome/41.0.2272.96 Mobile Safari/537.36 (compatible; Googlebot/2.1; +http://www.google.com/bot.html)"
74.208.12.100 - - [27/Mar/2020:14:51:01 +0100] "GET /engine/emailque/scripts/delivery.php HTTP/1.0" 200 542 "-" "curl/7.29.0"
66.249.75.167 - - [27/Mar/2020:14:51:44 +0100] "GET /robots.txt HTTP/1.0" 301 411 "-" "Mozilla/5.0 (compatible; Googlebot/2.1; +http://www.google.com/bot.html)"
66.249.75.167 - - [27/Mar/2020:14:51:44 +0100] "GET / HTTP/1.0" 301 401 "-" "Mozilla/5.0 (Linux; Android 6.0.1; Nexus 5X Build/MMB29P) AppleWebKit/537.36 (KHTML, like Gecko) Chrome/41.0.2272.96 Mobile Safari/537.36 (compatible; Googlebot/2.1; +http://www.google.com/bot.html)"
74.208.12.100 - - [27/Mar/2020:14:52:01 +0100] "GET /engine/emailque/scripts/delivery.php HTTP/1.0" 200 542 "-" "curl/7.29.0"
74.208.12.100 - - [27/Mar/2020:14:53:01 +0100] "GET /engine/emailque/scripts/delivery.php HTTP/1.0" 200 587 "-" "curl/7.29.0"
74.208.12.100 - - [27/Mar/2020:14:54:01 +0100] "GET /engine/emailque/scripts/delivery.php HTTP/1.0" 200 542 "-" "curl/7.29.0"
74.208.12.100 - - [27/Mar/2020:14:55:03 +0100] "GET /engine/emailque/scripts/delivery.php HTTP/1.0" 200 542 "-" "curl/7.29.0"
74.208.12.100 - - [27/Mar/2020:14:56:01 +0100] "GET /engine/emailque/scripts/delivery.php HTTP/1.0" 200 587 "-" "curl/7.29.0"
74.208.12.100 - - [27/Mar/2020:14:57:01 +0100] "GET /engine/emailque/scripts/delivery.php HTTP/1.0" 200 587 "-" "curl/7.29.0"
74.208.12.100 - - [27/Mar/2020:14:58:01 +0100] "GET /engine/emailque/scripts/delivery.php HTTP/1.0" 200 587 "-" "curl/7.29.0"
74.208.12.100 - - [27/Mar/2020:14:59:01 +0100] "GET /engine/emailque/scripts/delivery.php HTTP/1.0" 200 542 "-" "curl/7.29.0"
74.208.12.100 - - [27/Mar/2020:15:00:01 +0100] "GET /engine/emailque/scripts/delivery.php HTTP/1.0" 200 587 "-" "curl/7.29.0"
74.208.12.100 - - [27/Mar/2020:15:01:01 +0100] "GET /engine/emailque/scripts/delivery.php HTTP/1.0" 200 587 "-" "curl/7.29.0"
74.208.12.100 - - [27/Mar/2020:15:02:02 +0100] "GET /engine/emailque/scripts/delivery.php HTTP/1.0" 200 587 "-" "curl/7.29.0"
74.208.12.100 - - [27/Mar/2020:15:03:01 +0100] "GET /engine/emailque/scripts/delivery.php HTTP/1.0" 200 587 "-" "curl/7.29.0"
74.208.12.100 - - [27/Mar/2020:15:04:01 +0100] "GET /engine/emailque/scripts/delivery.php HTTP/1.0" 200 542 "-" "curl/7.29.0"
74.208.12.100 - - [27/Mar/2020:15:05:02 +0100] "GET /engine/emailque/scripts/delivery.php HTTP/1.0" 200 542 "-" "curl/7.29.0"
74.208.12.100 - - [27/Mar/2020:15:06:01 +0100] "GET /engine/emailque/scripts/delivery.php HTTP/1.0" 200 542 "-" "curl/7.29.0"
74.208.12.100 - - [27/Mar/2020:15:07:01 +0100] "GET /engine/emailque/scripts/delivery.php HTTP/1.0" 200 587 "-" "curl/7.29.0"
74.208.12.100 - - [27/Mar/2020:15:08:01 +0100] "GET /engine/emailque/scripts/delivery.php HTTP/1.0" 200 542 "-" "curl/7.29.0"
74.208.12.100 - - [27/Mar/2020:15:09:01 +0100] "GET /engine/emailque/scripts/delivery.php HTTP/1.0" 200 542 "-" "curl/7.29.0"
103.90.204.95 - - [27/Mar/2020:15:09:57 +0100] "GET / HTTP/1.0" 301 393 "-" "Mozilla/5.0 (Macintosh; Intel Mac OS X 10_11_6) AppleWebKit/601.7.7 (KHTML, like Gecko) Version/9.1.2 Safari/601.7.7"
74.208.12.100 - - [27/Mar/2020:15:10:01 +0100] "GET /engine/emailque/scripts/delivery.php HTTP/1.0" 200 542 "-" "curl/7.29.0"
74.208.12.100 - - [27/Mar/2020:15:11:01 +0100] "GET /engine/emailque/scripts/delivery.php HTTP/1.0" 200 542 "-" "curl/7.29.0"
74.208.12.100 - - [27/Mar/2020:15:12:01 +0100] "GET /engine/emailque/scripts/delivery.php HTTP/1.0" 200 542 "-" "curl/7.29.0"
74.208.12.100 - - [27/Mar/2020:15:13:01 +0100] "GET /engine/emailque/scripts/delivery.php HTTP/1.0" 200 542 "-" "curl/7.29.0"
41.190.12.62 - - [27/Mar/2020:15:13:11 +0100] "POST /api/pro/myapp/myapp_request.txt HTTP/1.0" 200 370 "-" "okhttp/3.10.0"
41.190.12.62 - - [27/Mar/2020:15:13:13 +0100] "POST /api/pro/myapp/tv_list.json HTTP/1.0" 200 429 "-" "okhttp/3.10.0"
41.190.12.62 - - [27/Mar/2020:15:13:14 +0100] "POST /api/pro/myapp/banquet_list.json HTTP/1.0" 200 1021 "-" "okhttp/3.10.0"
41.190.12.62 - - [27/Mar/2020:15:13:17 +0100] "POST /api/pro/myapp/banquet_list.json HTTP/1.0" 200 562 "-" "okhttp/3.10.0"
41.190.12.62 - - [27/Mar/2020:15:13:49 +0100] "POST /api/pro/myapp/myapp_request.txt HTTP/1.0" 200 1397 "-" "okhttp/3.10.0"
41.190.12.62 - - [27/Mar/2020:15:13:59 +0100] "GET /theme/classic/icons/28.jpg HTTP/1.0" 200 237 "-" "Dalvik/2.1.0 (Linux; U; Android 7.0; TECNO P904 Build/NRD90M)"
41.190.12.62 - - [27/Mar/2020:15:13:59 +0100] "GET /theme/classic/icons/.jpg HTTP/1.0" 301 422 "-" "Dalvik/2.1.0 (Linux; U; Android 7.0; TECNO P904 Build/NRD90M)"
41.190.12.62 - - [27/Mar/2020:15:13:59 +0100] "GET /theme/classic/icons/28.jpg HTTP/1.1" 200 19513 "-" "Dalvik/2.1.0 (Linux; U; Android 7.0; TECNO P904 Build/NRD90M)"
74.208.12.100 - - [27/Mar/2020:15:14:01 +0100] "GET /engine/emailque/scripts/delivery.php HTTP/1.0" 200 542 "-" "curl/7.29.0"
41.190.12.62 - - [27/Mar/2020:15:14:02 +0100] "POST /api/pro/myapp/tv_list.json HTTP/1.0" 200 429 "-" "okhttp/3.10.0"
41.190.12.62 - - [27/Mar/2020:15:14:05 +0100] "POST /api/pro/myapp/banquet_list.json HTTP/1.0" 200 1021 "-" "okhttp/3.10.0"
41.190.12.62 - - [27/Mar/2020:15:14:06 +0100] "POST /api/pro/myapp/myapp_request.txt HTTP/1.0" 200 370 "-" "okhttp/3.10.0"
41.190.12.62 - - [27/Mar/2020:15:14:11 +0100] "POST /api/pro/myapp/myapp_request.txt HTTP/1.0" 200 370 "-" "okhttp/3.10.0"
41.190.12.62 - - [27/Mar/2020:15:14:13 +0100] "POST /api/pro/myapp/tv_list.json HTTP/1.0" 200 429 "-" "okhttp/3.10.0"
41.190.12.62 - - [27/Mar/2020:15:14:13 +0100] "POST /api/pro/myapp/banquet_list.json HTTP/1.0" 200 1021 "-" "okhttp/3.10.0"
41.190.12.62 - - [27/Mar/2020:15:14:16 +0100] "POST /api/pro/myapp/banquet_list.json HTTP/1.0" 200 562 "-" "okhttp/3.10.0"
74.208.12.100 - - [27/Mar/2020:15:15:01 +0100] "GET /engine/emailque/scripts/delivery.php HTTP/1.0" 200 542 "-" "curl/7.29.0"
41.190.12.62 - - [27/Mar/2020:15:15:31 +0100] "POST /api/pro/myapp/myapp_request.json HTTP/1.0" 200 491 "-" "okhttp/3.10.0"
41.190.12.62 - - [27/Mar/2020:15:15:40 +0100] "POST /api/pro/myapp/myapp_request.txt HTTP/1.0" 200 370 "-" "okhttp/3.10.0"
74.208.12.100 - - [27/Mar/2020:15:16:01 +0100] "GET /engine/emailque/scripts/delivery.php HTTP/1.0" 200 542 "-" "curl/7.29.0"
41.190.12.62 - - [27/Mar/2020:15:16:24 +0100] "POST /api/pro/myapp/myapp_request.txt HTTP/1.0" 200 370 "-" "okhttp/3.10.0"
41.190.12.62 - - [27/Mar/2020:15:16:26 +0100] "POST /api/pro/myapp/myapp_request.json HTTP/1.0" 200 887 "-" "okhttp/3.10.0"
74.208.12.100 - - [27/Mar/2020:15:17:01 +0100] "GET /engine/emailque/scripts/delivery.php HTTP/1.0" 200 542 "-" "curl/7.29.0"
74.208.12.100 - - [27/Mar/2020:15:18:01 +0100] "GET /engine/emailque/scripts/delivery.php HTTP/1.0" 200 542 "-" "curl/7.29.0"
74.208.12.100 - - [27/Mar/2020:15:19:01 +0100] "GET /engine/emailque/scripts/delivery.php HTTP/1.0" 200 542 "-" "curl/7.29.0"
74.208.12.100 - - [27/Mar/2020:15:20:01 +0100] "GET /engine/emailque/scripts/delivery.php HTTP/1.0" 200 542 "-" "curl/7.29.0"
74.208.12.100 - - [27/Mar/2020:15:21:01 +0100] "GET /engine/emailque/scripts/delivery.php HTTP/1.0" 200 542 "-" "curl/7.29.0"
74.208.12.100 - - [27/Mar/2020:15:22:01 +0100] "GET /engine/emailque/scripts/delivery.php HTTP/1.0" 200 542 "-" "curl/7.29.0"
74.208.12.100 - - [27/Mar/2020:15:23:01 +0100] "GET /engine/emailque/scripts/delivery.php HTTP/1.0" 200 542 "-" "curl/7.29.0"
74.208.12.100 - - [27/Mar/2020:15:24:01 +0100] "GET /engine/emailque/scripts/delivery.php HTTP/1.0" 200 542 "-" "curl/7.29.0"
74.208.12.100 - - [27/Mar/2020:15:25:01 +0100] "GET /engine/emailque/scripts/delivery.php HTTP/1.0" 200 542 "-" "curl/7.29.0"
162.243.128.91 - - [27/Mar/2020:15:25:50 +0100] "GET /hudson HTTP/1.0" 301 399 "-" "Mozilla/5.0 zgrab/0.x"
74.208.12.100 - - [27/Mar/2020:15:26:01 +0100] "GET /engine/emailque/scripts/delivery.php HTTP/1.0" 200 542 "-" "curl/7.29.0"
74.208.12.100 - - [27/Mar/2020:15:27:01 +0100] "GET /engine/emailque/scripts/delivery.php HTTP/1.0" 200 542 "-" "curl/7.29.0"
74.208.12.100 - - [27/Mar/2020:15:28:01 +0100] "GET /engine/emailque/scripts/delivery.php HTTP/1.0" 200 542 "-" "curl/7.29.0"
74.208.12.100 - - [27/Mar/2020:15:29:01 +0100] "GET /engine/emailque/scripts/delivery.php HTTP/1.0" 200 542 "-" "curl/7.29.0"
74.208.12.100 - - [27/Mar/2020:15:30:01 +0100] "GET /engine/emailque/scripts/delivery.php HTTP/1.0" 200 542 "-" "curl/7.29.0"
74.208.12.100 - - [27/Mar/2020:15:31:01 +0100] "GET /engine/emailque/scripts/delivery.php HTTP/1.0" 200 542 "-" "curl/7.29.0"
74.208.12.100 - - [27/Mar/2020:15:32:01 +0100] "GET /engine/emailque/scripts/delivery.php HTTP/1.0" 200 542 "-" "curl/7.29.0"
74.208.12.100 - - [27/Mar/2020:15:33:01 +0100] "GET /engine/emailque/scripts/delivery.php HTTP/1.0" 200 542 "-" "curl/7.29.0"
54.159.43.102 - - [27/Mar/2020:15:33:27 +0100] "GET /app-ads.txt HTTP/1.0" 301 409 "-" "Jersey/2.25.1 (HttpUrlConnection 1.8.0_141)"
54.159.43.102 - - [27/Mar/2020:15:33:31 +0100] "GET /app-ads.txt HTTP/1.0" 301 413 "-" "Jersey/2.25.1 (HttpUrlConnection 1.8.0_141)"
74.208.12.100 - - [27/Mar/2020:15:34:01 +0100] "GET /engine/emailque/scripts/delivery.php HTTP/1.0" 200 542 "-" "curl/7.29.0"
74.208.12.100 - - [27/Mar/2020:15:35:01 +0100] "GET /engine/emailque/scripts/delivery.php HTTP/1.0" 200 542 "-" "curl/7.29.0"
74.208.12.100 - - [27/Mar/2020:15:36:01 +0100] "GET /engine/emailque/scripts/delivery.php HTTP/1.0" 200 542 "-" "curl/7.29.0"
74.208.12.100 - - [27/Mar/2020:15:37:01 +0100] "GET /engine/emailque/scripts/delivery.php HTTP/1.0" 200 542 "-" "curl/7.29.0"
74.208.12.100 - - [27/Mar/2020:15:38:01 +0100] "GET /engine/emailque/scripts/delivery.php HTTP/1.0" 200 542 "-" "curl/7.29.0"
74.208.12.100 - - [27/Mar/2020:15:39:01 +0100] "GET /engine/emailque/scripts/delivery.php HTTP/1.0" 200 542 "-" "curl/7.29.0"
74.208.12.100 - - [27/Mar/2020:15:40:01 +0100] "GET /engine/emailque/scripts/delivery.php HTTP/1.0" 200 542 "-" "curl/7.29.0"
74.208.12.100 - - [27/Mar/2020:15:41:04 +0100] "GET /engine/emailque/scripts/delivery.php HTTP/1.0" 200 542 "-" "curl/7.29.0"
66.249.69.242 - - [27/Mar/2020:15:41:15 +0100] "GET /robots.txt HTTP/1.0" 301 408 "-" "Mozilla/5.0 (compatible; Googlebot/2.1; +http://www.google.com/bot.html)"
66.249.69.242 - - [27/Mar/2020:15:41:15 +0100] "GET / HTTP/1.0" 301 398 "-" "Mozilla/5.0 (Linux; Android 6.0.1; Nexus 5X Build/MMB29P) AppleWebKit/537.36 (KHTML, like Gecko) Chrome/41.0.2272.96 Mobile Safari/537.36 (compatible; Googlebot/2.1; +http://www.google.com/bot.html)"
74.208.12.100 - - [27/Mar/2020:15:42:01 +0100] "GET /engine/emailque/scripts/delivery.php HTTP/1.0" 200 542 "-" "curl/7.29.0"
74.208.12.100 - - [27/Mar/2020:15:42:35 +0100] "POST /ip.php?enter=frank.mokogwu@intelservices.com HTTP/1.0" 301 444 "-" "-"
74.208.12.100 - - [27/Mar/2020:15:43:01 +0100] "GET /engine/emailque/scripts/delivery.php HTTP/1.0" 200 542 "-" "curl/7.29.0"
74.208.12.100 - - [27/Mar/2020:15:44:01 +0100] "GET /engine/emailque/scripts/delivery.php HTTP/1.0" 200 542 "-" "curl/7.29.0"
66.249.75.220 - - [27/Mar/2020:15:44:39 +0100] "GET /robots.txt HTTP/1.0" 301 412 "-" "Mozilla/5.0 (compatible; Googlebot/2.1; +http://www.google.com/bot.html)"
66.249.75.220 - - [27/Mar/2020:15:44:39 +0100] "GET / HTTP/1.0" 301 402 "-" "Mozilla/5.0 (Linux; Android 6.0.1; Nexus 5X Build/MMB29P) AppleWebKit/537.36 (KHTML, like Gecko) Chrome/41.0.2272.96 Mobile Safari/537.36 (compatible; Googlebot/2.1; +http://www.google.com/bot.html)"
74.208.12.100 - - [27/Mar/2020:15:45:01 +0100] "GET /engine/emailque/scripts/delivery.php HTTP/1.0" 200 542 "-" "curl/7.29.0"
74.208.12.100 - - [27/Mar/2020:15:46:01 +0100] "GET /engine/emailque/scripts/delivery.php HTTP/1.0" 200 542 "-" "curl/7.29.0"
74.208.12.100 - - [27/Mar/2020:15:47:01 +0100] "GET /engine/emailque/scripts/delivery.php HTTP/1.0" 200 542 "-" "curl/7.29.0"
74.208.12.100 - - [27/Mar/2020:15:48:01 +0100] "GET /engine/emailque/scripts/delivery.php HTTP/1.0" 200 542 "-" "curl/7.29.0"
74.208.12.100 - - [27/Mar/2020:15:49:01 +0100] "GET /engine/emailque/scripts/delivery.php HTTP/1.0" 200 542 "-" "curl/7.29.0"
74.208.12.100 - - [27/Mar/2020:15:50:01 +0100] "GET /engine/emailque/scripts/delivery.php HTTP/1.0" 200 542 "-" "curl/7.29.0"
74.208.12.100 - - [27/Mar/2020:15:51:01 +0100] "GET /engine/emailque/scripts/delivery.php HTTP/1.0" 200 542 "-" "curl/7.29.0"
74.208.12.100 - - [27/Mar/2020:15:52:01 +0100] "GET /engine/emailque/scripts/delivery.php HTTP/1.0" 200 542 "-" "curl/7.29.0"
74.208.12.100 - - [27/Mar/2020:15:53:01 +0100] "GET /engine/emailque/scripts/delivery.php HTTP/1.0" 200 542 "-" "curl/7.29.0"
74.208.12.100 - - [27/Mar/2020:15:54:01 +0100] "GET /engine/emailque/scripts/delivery.php HTTP/1.0" 200 542 "-" "curl/7.29.0"
74.208.12.100 - - [27/Mar/2020:15:55:01 +0100] "GET /engine/emailque/scripts/delivery.php HTTP/1.0" 200 542 "-" "curl/7.29.0"
74.208.12.100 - - [27/Mar/2020:15:56:01 +0100] "GET /engine/emailque/scripts/delivery.php HTTP/1.0" 200 542 "-" "curl/7.29.0"
74.208.12.100 - - [27/Mar/2020:15:57:01 +0100] "GET /engine/emailque/scripts/delivery.php HTTP/1.0" 200 542 "-" "curl/7.29.0"
74.208.12.100 - - [27/Mar/2020:15:58:01 +0100] "GET /engine/emailque/scripts/delivery.php HTTP/1.0" 200 542 "-" "curl/7.29.0"
74.208.12.100 - - [27/Mar/2020:15:59:01 +0100] "GET /engine/emailque/scripts/delivery.php HTTP/1.0" 200 542 "-" "curl/7.29.0"
74.208.12.100 - - [27/Mar/2020:16:00:01 +0100] "GET /engine/emailque/scripts/delivery.php HTTP/1.0" 200 542 "-" "curl/7.29.0"
74.208.12.100 - - [27/Mar/2020:16:01:01 +0100] "GET /engine/emailque/scripts/delivery.php HTTP/1.0" 200 542 "-" "curl/7.29.0"
74.208.12.100 - - [27/Mar/2020:16:02:01 +0100] "GET /engine/emailque/scripts/delivery.php HTTP/1.0" 200 542 "-" "curl/7.29.0"
74.208.12.100 - - [27/Mar/2020:16:03:01 +0100] "GET /engine/emailque/scripts/delivery.php HTTP/1.0" 200 542 "-" "curl/7.29.0"
74.208.12.100 - - [27/Mar/2020:16:04:01 +0100] "GET /engine/emailque/scripts/delivery.php HTTP/1.0" 200 542 "-" "curl/7.29.0"
66.249.75.243 - - [27/Mar/2020:16:04:17 +0100] "GET /robots.txt HTTP/1.0" 301 404 "-" "Mozilla/5.0 (compatible; Googlebot/2.1; +http://www.google.com/bot.html)"
66.249.75.247 - - [27/Mar/2020:16:04:17 +0100] "GET / HTTP/1.0" 301 394 "-" "Mozilla/5.0 (Linux; Android 6.0.1; Nexus 5X Build/MMB29P) AppleWebKit/537.36 (KHTML, like Gecko) Chrome/41.0.2272.96 Mobile Safari/537.36 (compatible; Googlebot/2.1; +http://www.google.com/bot.html)"
74.208.12.100 - - [27/Mar/2020:16:05:01 +0100] "GET /engine/emailque/scripts/delivery.php HTTP/1.0" 200 542 "-" "curl/7.29.0"
74.208.12.100 - - [27/Mar/2020:16:06:04 +0100] "GET /engine/emailque/scripts/delivery.php HTTP/1.0" 200 542 "-" "curl/7.29.0"
74.208.12.100 - - [27/Mar/2020:16:07:01 +0100] "GET /engine/emailque/scripts/delivery.php HTTP/1.0" 200 542 "-" "curl/7.29.0"
74.208.12.100 - - [27/Mar/2020:16:08:01 +0100] "GET /engine/emailque/scripts/delivery.php HTTP/1.0" 200 542 "-" "curl/7.29.0"
74.208.12.100 - - [27/Mar/2020:16:09:01 +0100] "GET /engine/emailque/scripts/delivery.php HTTP/1.0" 200 542 "-" "curl/7.29.0"
74.208.12.100 - - [27/Mar/2020:16:10:01 +0100] "GET /engine/emailque/scripts/delivery.php HTTP/1.0" 200 542 "-" "curl/7.29.0"
74.208.12.100 - - [27/Mar/2020:16:11:01 +0100] "GET /engine/emailque/scripts/delivery.php HTTP/1.0" 200 542 "-" "curl/7.29.0"
74.208.12.100 - - [27/Mar/2020:16:12:01 +0100] "GET /engine/emailque/scripts/delivery.php HTTP/1.0" 200 542 "-" "curl/7.29.0"
74.208.12.100 - - [27/Mar/2020:16:13:01 +0100] "GET /engine/emailque/scripts/delivery.php HTTP/1.0" 200 542 "-" "curl/7.29.0"
66.249.69.242 - - [27/Mar/2020:16:13:13 +0100] "GET / HTTP/1.0" 301 398 "-" "Mozilla/5.0 (compatible; Googlebot/2.1; +http://www.google.com/bot.html)"
74.208.12.100 - - [27/Mar/2020:16:14:01 +0100] "GET /engine/emailque/scripts/delivery.php HTTP/1.0" 200 542 "-" "curl/7.29.0"
74.208.12.100 - - [27/Mar/2020:16:15:01 +0100] "GET /engine/emailque/scripts/delivery.php HTTP/1.0" 200 542 "-" "curl/7.29.0"
74.208.12.100 - - [27/Mar/2020:16:16:01 +0100] "GET /engine/emailque/scripts/delivery.php HTTP/1.0" 200 542 "-" "curl/7.29.0"
74.208.12.100 - - [27/Mar/2020:16:17:01 +0100] "GET /engine/emailque/scripts/delivery.php HTTP/1.0" 200 542 "-" "curl/7.29.0"
74.208.12.100 - - [27/Mar/2020:16:18:01 +0100] "GET /engine/emailque/scripts/delivery.php HTTP/1.0" 200 542 "-" "curl/7.29.0"
105.112.112.42 - - [27/Mar/2020:16:18:26 +0100] "GET / HTTP/1.0" 301 398 "-" "Mozilla/5.0 (X11; Ubuntu; Linux i686; rv:24.0) Gecko/20100101 Firefox/24.0"
74.208.12.100 - - [27/Mar/2020:16:19:01 +0100] "GET /engine/emailque/scripts/delivery.php HTTP/1.0" 200 542 "-" "curl/7.29.0"
74.208.12.100 - - [27/Mar/2020:16:20:01 +0100] "GET /engine/emailque/scripts/delivery.php HTTP/1.0" 200 542 "-" "curl/7.29.0"
74.208.12.100 - - [27/Mar/2020:16:21:01 +0100] "GET /engine/emailque/scripts/delivery.php HTTP/1.0" 200 542 "-" "curl/7.29.0"
207.46.13.176 - - [27/Mar/2020:16:21:25 +0100] "GET / HTTP/1.0" 301 398 "-" "Mozilla/5.0 (compatible; bingbot/2.0; +http://www.bing.com/bingbot.htm)"
74.208.12.100 - - [27/Mar/2020:16:22:01 +0100] "GET /engine/emailque/scripts/delivery.php HTTP/1.0" 200 542 "-" "curl/7.29.0"
74.208.12.100 - - [27/Mar/2020:16:23:01 +0100] "GET /engine/emailque/scripts/delivery.php HTTP/1.0" 200 542 "-" "curl/7.29.0"
74.208.12.100 - - [27/Mar/2020:16:24:01 +0100] "GET /engine/emailque/scripts/delivery.php HTTP/1.0" 200 542 "-" "curl/7.29.0"
171.67.70.85 - - [27/Mar/2020:16:24:12 +0100] "GET / HTTP/1.0" 301 393 "-" "Mozilla/5.0 zgrab/0.x"
74.208.12.100 - - [27/Mar/2020:16:25:01 +0100] "GET /engine/emailque/scripts/delivery.php HTTP/1.0" 200 542 "-" "curl/7.29.0"
74.208.12.100 - - [27/Mar/2020:16:26:01 +0100] "GET /engine/emailque/scripts/delivery.php HTTP/1.0" 200 542 "-" "curl/7.29.0"
49.12.10.182 - - [27/Mar/2020:16:27:01 +0100] "GET / HTTP/1.0" 301 398 "-" "Mozilla/5.0 (Windows NT 10.0; Win64; x64) AppleWebKit/537.36 (KHTML, like Gecko) Chrome/78.0.3904.108 Safari/537.36"
74.208.12.100 - - [27/Mar/2020:16:27:01 +0100] "GET /engine/emailque/scripts/delivery.php HTTP/1.0" 200 542 "-" "curl/7.29.0"
49.12.10.182 - - [27/Mar/2020:16:27:01 +0100] "" 400 0 "-" "-"
129.205.113.128 - - [27/Mar/2020:16:27:08 +0100] "POST /api/pro/myapp/myapp_request.txt HTTP/1.0" 200 371 "-" "okhttp/3.10.0"
129.205.113.128 - - [27/Mar/2020:16:27:08 +0100] "POST /api/pro/myapp/myapp_request.txt HTTP/1.0" 200 371 "-" "okhttp/3.10.0"
74.208.12.100 - - [27/Mar/2020:16:28:01 +0100] "GET /engine/emailque/scripts/delivery.php HTTP/1.0" 200 542 "-" "curl/7.29.0"
74.208.12.100 - - [27/Mar/2020:16:29:01 +0100] "GET /engine/emailque/scripts/delivery.php HTTP/1.0" 200 542 "-" "curl/7.29.0"
74.208.12.100 - - [27/Mar/2020:16:30:06 +0100] "GET /engine/emailque/scripts/delivery.php HTTP/1.0" 200 542 "-" "curl/7.29.0"
74.208.12.100 - - [27/Mar/2020:16:31:01 +0100] "GET /engine/emailque/scripts/delivery.php HTTP/1.0" 200 542 "-" "curl/7.29.0"
74.208.12.100 - - [27/Mar/2020:16:32:01 +0100] "GET /engine/emailque/scripts/delivery.php HTTP/1.0" 200 542 "-" "curl/7.29.0"
74.208.12.100 - - [27/Mar/2020:16:33:01 +0100] "GET /engine/emailque/scripts/delivery.php HTTP/1.0" 200 542 "-" "curl/7.29.0"
74.208.12.100 - - [27/Mar/2020:16:34:01 +0100] "GET /engine/emailque/scripts/delivery.php HTTP/1.0" 200 542 "-" "curl/7.29.0"
74.208.12.100 - - [27/Mar/2020:16:35:01 +0100] "GET /engine/emailque/scripts/delivery.php HTTP/1.0" 200 542 "-" "curl/7.29.0"
74.208.12.100 - - [27/Mar/2020:16:36:01 +0100] "GET /engine/emailque/scripts/delivery.php HTTP/1.0" 200 542 "-" "curl/7.29.0"
74.208.12.100 - - [27/Mar/2020:16:37:01 +0100] "GET /engine/emailque/scripts/delivery.php HTTP/1.0" 200 542 "-" "curl/7.29.0"
74.208.12.100 - - [27/Mar/2020:16:38:01 +0100] "GET /engine/emailque/scripts/delivery.php HTTP/1.0" 200 542 "-" "curl/7.29.0"
74.208.12.100 - - [27/Mar/2020:16:39:02 +0100] "GET /engine/emailque/scripts/delivery.php HTTP/1.0" 200 542 "-" "curl/7.29.0"
74.208.12.100 - - [27/Mar/2020:16:40:02 +0100] "GET /engine/emailque/scripts/delivery.php HTTP/1.0" 200 542 "-" "curl/7.29.0"
74.208.12.100 - - [27/Mar/2020:16:41:01 +0100] "GET /engine/emailque/scripts/delivery.php HTTP/1.0" 200 542 "-" "curl/7.29.0"
74.208.12.100 - - [27/Mar/2020:16:42:01 +0100] "GET /engine/emailque/scripts/delivery.php HTTP/1.0" 200 542 "-" "curl/7.29.0"
74.208.12.100 - - [27/Mar/2020:16:43:01 +0100] "GET /engine/emailque/scripts/delivery.php HTTP/1.0" 200 542 "-" "curl/7.29.0"
74.208.12.100 - - [27/Mar/2020:16:44:01 +0100] "GET /engine/emailque/scripts/delivery.php HTTP/1.0" 200 542 "-" "curl/7.29.0"
74.208.12.100 - - [27/Mar/2020:16:45:01 +0100] "GET /engine/emailque/scripts/delivery.php HTTP/1.0" 200 542 "-" "curl/7.29.0"
74.208.12.100 - - [27/Mar/2020:16:46:01 +0100] "GET /engine/emailque/scripts/delivery.php HTTP/1.0" 200 542 "-" "curl/7.29.0"
74.208.12.100 - - [27/Mar/2020:16:47:01 +0100] "GET /engine/emailque/scripts/delivery.php HTTP/1.0" 200 542 "-" "curl/7.29.0"
74.208.12.100 - - [27/Mar/2020:16:48:02 +0100] "GET /engine/emailque/scripts/delivery.php HTTP/1.0" 200 542 "-" "curl/7.29.0"
74.208.12.100 - - [27/Mar/2020:16:49:01 +0100] "GET /engine/emailque/scripts/delivery.php HTTP/1.0" 200 542 "-" "curl/7.29.0"
74.208.12.100 - - [27/Mar/2020:16:50:01 +0100] "GET /engine/emailque/scripts/delivery.php HTTP/1.0" 200 542 "-" "curl/7.29.0"
74.208.12.100 - - [27/Mar/2020:16:51:01 +0100] "GET /engine/emailque/scripts/delivery.php HTTP/1.0" 200 542 "-" "curl/7.29.0"
74.208.12.100 - - [27/Mar/2020:16:52:01 +0100] "GET /engine/emailque/scripts/delivery.php HTTP/1.0" 200 542 "-" "curl/7.29.0"
74.208.12.100 - - [27/Mar/2020:16:53:01 +0100] "GET /engine/emailque/scripts/delivery.php HTTP/1.0" 200 542 "-" "curl/7.29.0"
74.208.12.100 - - [27/Mar/2020:16:54:01 +0100] "GET /engine/emailque/scripts/delivery.php HTTP/1.0" 200 542 "-" "curl/7.29.0"
129.205.113.128 - - [27/Mar/2020:16:54:32 +0100] "POST /api/pro/myapp/myapp_request.txt HTTP/1.0" 200 371 "-" "okhttp/3.10.0"
129.205.113.128 - - [27/Mar/2020:16:54:33 +0100] "POST /api/pro/myapp/utility_list.json HTTP/1.0" 200 694 "-" "okhttp/3.10.0"
66.249.75.16 - - [27/Mar/2020:16:54:43 +0100] "GET /robots.txt HTTP/1.0" 301 407 "-" "Mozilla/5.0 (compatible; Googlebot/2.1; +http://www.google.com/bot.html)"
66.249.75.15 - - [27/Mar/2020:16:54:44 +0100] "GET / HTTP/1.0" 301 397 "-" "Mozilla/5.0 (Linux; Android 6.0.1; Nexus 5X Build/MMB29P) AppleWebKit/537.36 (KHTML, like Gecko) Chrome/41.0.2272.96 Mobile Safari/537.36 (compatible; Googlebot/2.1; +http://www.google.com/bot.html)"
74.208.12.100 - - [27/Mar/2020:16:55:01 +0100] "GET /engine/emailque/scripts/delivery.php HTTP/1.0" 200 542 "-" "curl/7.29.0"
74.208.12.100 - - [27/Mar/2020:16:56:01 +0100] "GET /engine/emailque/scripts/delivery.php HTTP/1.0" 200 542 "-" "curl/7.29.0"
74.208.12.100 - - [27/Mar/2020:16:57:01 +0100] "GET /engine/emailque/scripts/delivery.php HTTP/1.0" 200 542 "-" "curl/7.29.0"
129.205.113.128 - - [27/Mar/2020:16:57:19 +0100] "POST /api/pro/myapp/myapp_request.json HTTP/1.0" 200 566 "-" "okhttp/3.10.0"
129.205.113.128 - - [27/Mar/2020:16:57:31 +0100] "POST /api/pro/myapp/myapp_request.txt HTTP/1.0" 200 371 "-" "okhttp/3.10.0"
129.205.113.128 - - [27/Mar/2020:16:57:32 +0100] "POST /api/pro/myapp/myapp_request.json HTTP/1.0" 200 705 "-" "okhttp/3.10.0"
74.208.12.100 - - [27/Mar/2020:16:58:01 +0100] "GET /engine/emailque/scripts/delivery.php HTTP/1.0" 200 542 "-" "curl/7.29.0"
129.205.113.128 - - [27/Mar/2020:16:58:18 +0100] "POST /api/pro/myapp/myapp_request.txt HTTP/1.0" 200 371 "-" "okhttp/3.10.0"
74.208.12.100 - - [27/Mar/2020:16:59:01 +0100] "GET /engine/emailque/scripts/delivery.php HTTP/1.0" 200 542 "-" "curl/7.29.0"
129.205.113.128 - - [27/Mar/2020:16:59:32 +0100] "POST /api/pro/myapp/myapp_request.txt HTTP/1.0" 200 1440 "-" "okhttp/3.10.0"
129.205.113.128 - - [27/Mar/2020:16:59:34 +0100] "GET /theme/classic/icons/2.jpg HTTP/1.0" 200 236 "-" "Dalvik/2.1.0 (Linux; U; Android 9; Infinix X652C Build/PPR1.180610.011)"
129.205.113.128 - - [27/Mar/2020:16:59:34 +0100] "GET /theme/classic/icons/2.jpg HTTP/1.0" 200 236 "-" "Dalvik/2.1.0 (Linux; U; Android 9; Infinix X652C Build/PPR1.180610.011)"
129.205.113.128 - - [27/Mar/2020:16:59:34 +0100] "GET /theme/classic/icons/19.jpg HTTP/1.0" 200 237 "-" "Dalvik/2.1.0 (Linux; U; Android 9; Infinix X652C Build/PPR1.180610.011)"
129.205.113.128 - - [27/Mar/2020:16:59:34 +0100] "GET /theme/classic/icons/21.jpg HTTP/1.0" 200 237 "-" "Dalvik/2.1.0 (Linux; U; Android 9; Infinix X652C Build/PPR1.180610.011)"
129.205.113.128 - - [27/Mar/2020:16:59:34 +0100] "GET /theme/classic/icons/2.jpg HTTP/1.0" 200 236 "-" "Dalvik/2.1.0 (Linux; U; Android 9; Infinix X652C Build/PPR1.180610.011)"
129.205.113.128 - - [27/Mar/2020:16:59:34 +0100] "GET /theme/classic/icons/16.jpg HTTP/1.0" 200 237 "-" "Dalvik/2.1.0 (Linux; U; Android 9; Infinix X652C Build/PPR1.180610.011)"
129.205.113.128 - - [27/Mar/2020:16:59:34 +0100] "GET /theme/classic/icons/16.jpg HTTP/1.0" 200 237 "-" "Dalvik/2.1.0 (Linux; U; Android 9; Infinix X652C Build/PPR1.180610.011)"
129.205.113.128 - - [27/Mar/2020:16:59:34 +0100] "GET /theme/classic/icons/.jpg HTTP/1.0" 301 422 "-" "Dalvik/2.1.0 (Linux; U; Android 9; Infinix X652C Build/PPR1.180610.011)"
129.205.113.128 - - [27/Mar/2020:16:59:34 +0100] "GET /theme/classic/icons/2.jpg HTTP/1.0" 200 236 "-" "Dalvik/2.1.0 (Linux; U; Android 9; Infinix X652C Build/PPR1.180610.011)"
129.205.113.128 - - [27/Mar/2020:16:59:34 +0100] "GET /theme/classic/icons/2.jpg HTTP/1.1" 200 21475 "-" "Dalvik/2.1.0 (Linux; U; Android 9; Infinix X652C Build/PPR1.180610.011)"
129.205.113.128 - - [27/Mar/2020:16:59:34 +0100] "GET /theme/classic/icons/2.jpg HTTP/1.1" 200 21475 "-" "Dalvik/2.1.0 (Linux; U; Android 9; Infinix X652C Build/PPR1.180610.011)"
129.205.113.128 - - [27/Mar/2020:16:59:34 +0100] "GET /theme/classic/icons/19.jpg HTTP/1.1" 200 23691 "-" "Dalvik/2.1.0 (Linux; U; Android 9; Infinix X652C Build/PPR1.180610.011)"
129.205.113.128 - - [27/Mar/2020:16:59:34 +0100] "GET /theme/classic/icons/21.jpg HTTP/1.1" 200 31415 "-" "Dalvik/2.1.0 (Linux; U; Android 9; Infinix X652C Build/PPR1.180610.011)"
129.205.113.128 - - [27/Mar/2020:16:59:34 +0100] "GET /theme/classic/icons/2.jpg HTTP/1.1" 200 21475 "-" "Dalvik/2.1.0 (Linux; U; Android 9; Infinix X652C Build/PPR1.180610.011)"
129.205.113.128 - - [27/Mar/2020:16:59:34 +0100] "GET /theme/classic/icons/16.jpg HTTP/1.1" 200 23608 "-" "Dalvik/2.1.0 (Linux; U; Android 9; Infinix X652C Build/PPR1.180610.011)"
129.205.113.128 - - [27/Mar/2020:16:59:34 +0100] "GET /theme/classic/icons/16.jpg HTTP/1.1" 200 23608 "-" "Dalvik/2.1.0 (Linux; U; Android 9; Infinix X652C Build/PPR1.180610.011)"
129.205.113.128 - - [27/Mar/2020:16:59:34 +0100] "GET /theme/classic/icons/2.jpg HTTP/1.1" 200 21475 "-" "Dalvik/2.1.0 (Linux; U; Android 9; Infinix X652C Build/PPR1.180610.011)"
129.205.113.128 - - [27/Mar/2020:16:59:35 +0100] "POST /api/pro/myapp/myapp_request.json HTTP/1.0" 200 660 "-" "okhttp/3.10.0"
74.208.12.100 - - [27/Mar/2020:17:00:01 +0100] "GET /engine/emailque/scripts/delivery.php HTTP/1.0" 200 542 "-" "curl/7.29.0"
74.208.12.100 - - [27/Mar/2020:17:01:01 +0100] "GET /engine/emailque/scripts/delivery.php HTTP/1.0" 200 542 "-" "curl/7.29.0"
49.12.10.182 - - [27/Mar/2020:17:01:07 +0100] "" 400 0 "-" "-"
74.208.12.100 - - [27/Mar/2020:17:02:01 +0100] "GET /engine/emailque/scripts/delivery.php HTTP/1.0" 200 542 "-" "curl/7.29.0"
41.190.14.125 - - [27/Mar/2020:17:02:53 +0100] "POST /api/pro/myapp/myapp_request.txt HTTP/1.0" 200 370 "-" "okhttp/3.10.0"
41.190.14.125 - - [27/Mar/2020:17:02:54 +0100] "POST /api/pro/myapp/myapp_request.txt HTTP/1.0" 200 370 "-" "okhttp/3.10.0"
74.208.12.100 - - [27/Mar/2020:17:03:01 +0100] "GET /engine/emailque/scripts/delivery.php HTTP/1.0" 200 542 "-" "curl/7.29.0"
41.190.14.125 - - [27/Mar/2020:17:03:27 +0100] "POST /api/pro/myapp/tv_list.json HTTP/1.0" 200 429 "-" "okhttp/3.10.0"
41.190.14.125 - - [27/Mar/2020:17:03:28 +0100] "POST /api/pro/myapp/banquet_list.json HTTP/1.0" 200 1021 "-" "okhttp/3.10.0"
41.190.14.125 - - [27/Mar/2020:17:03:31 +0100] "POST /api/pro/myapp/banquet_list.json HTTP/1.0" 200 539 "-" "okhttp/3.10.0"
74.208.12.100 - - [27/Mar/2020:17:04:02 +0100] "GET /engine/emailque/scripts/delivery.php HTTP/1.0" 200 542 "-" "curl/7.29.0"
41.190.14.125 - - [27/Mar/2020:17:04:14 +0100] "POST /api/pro/myapp/myapp_request.json HTTP/1.0" 200 487 "-" "okhttp/3.10.0"
41.190.14.125 - - [27/Mar/2020:17:04:19 +0100] "POST /api/pro/myapp/myapp_request.txt HTTP/1.0" 200 370 "-" "okhttp/3.10.0"
41.190.14.125 - - [27/Mar/2020:17:04:21 +0100] "POST /api/pro/myapp/myapp_request.json HTTP/1.0" 200 682 "-" "okhttp/3.10.0"
105.112.112.83 - - [27/Mar/2020:17:05:00 +0100] "GET / HTTP/1.0" 301 398 "-" "Mozilla/5.0 (X11; Ubuntu; Linux i686; rv:24.0) Gecko/20100101 Firefox/24.0"
74.208.12.100 - - [27/Mar/2020:17:05:03 +0100] "GET /engine/emailque/scripts/delivery.php HTTP/1.0" 200 542 "-" "curl/7.29.0"
74.208.12.100 - - [27/Mar/2020:17:06:01 +0100] "GET /engine/emailque/scripts/delivery.php HTTP/1.0" 200 542 "-" "curl/7.29.0"
74.208.12.100 - - [27/Mar/2020:17:07:01 +0100] "GET /engine/emailque/scripts/delivery.php HTTP/1.0" 200 542 "-" "curl/7.29.0"
74.208.12.100 - - [27/Mar/2020:17:08:01 +0100] "GET /engine/emailque/scripts/delivery.php HTTP/1.0" 200 542 "-" "curl/7.29.0"
74.208.12.100 - - [27/Mar/2020:17:09:01 +0100] "GET /engine/emailque/scripts/delivery.php HTTP/1.0" 200 542 "-" "curl/7.29.0"
74.208.12.100 - - [27/Mar/2020:17:10:01 +0100] "GET /engine/emailque/scripts/delivery.php HTTP/1.0" 200 542 "-" "curl/7.29.0"
74.208.12.100 - - [27/Mar/2020:17:11:01 +0100] "GET /engine/emailque/scripts/delivery.php HTTP/1.0" 200 542 "-" "curl/7.29.0"
74.208.12.100 - - [27/Mar/2020:17:12:01 +0100] "GET /engine/emailque/scripts/delivery.php HTTP/1.0" 200 542 "-" "curl/7.29.0"
74.208.12.100 - - [27/Mar/2020:17:13:02 +0100] "GET /engine/emailque/scripts/delivery.php HTTP/1.0" 200 542 "-" "curl/7.29.0"
74.208.12.100 - - [27/Mar/2020:17:14:01 +0100] "GET /engine/emailque/scripts/delivery.php HTTP/1.0" 200 542 "-" "curl/7.29.0"
74.208.12.100 - - [27/Mar/2020:17:15:01 +0100] "GET /engine/emailque/scripts/delivery.php HTTP/1.0" 200 542 "-" "curl/7.29.0"
74.208.12.100 - - [27/Mar/2020:17:16:01 +0100] "GET /engine/emailque/scripts/delivery.php HTTP/1.0" 200 542 "-" "curl/7.29.0"
