197.210.70.33 - - [28/Mar/2020:12:10:06 +0100] "GET /theme/classic/icons/.jpg HTTP/1.0" 301 422 "-" "Dalvik/2.1.0 (Linux; U; Android 8.0.0; SM-G935T Build/R16NW)"
197.210.70.7 - - [28/Mar/2020:12:10:06 +0100] "GET /theme/classic/icons/.jpg HTTP/1.0" 301 422 "-" "Dalvik/2.1.0 (Linux; U; Android 8.0.0; SM-G935T Build/R16NW)"
197.210.70.7 - - [28/Mar/2020:12:10:06 +0100] "GET /theme/classic/icons/.jpg HTTP/1.0" 301 422 "-" "Dalvik/2.1.0 (Linux; U; Android 8.0.0; SM-G935T Build/R16NW)"
197.210.70.223 - - [28/Mar/2020:12:10:12 +0100] "POST /api/pro/myapp/myapp_request.txt HTTP/1.0" 200 941 "-" "okhttp/3.10.0"
197.210.70.75 - - [28/Mar/2020:12:10:14 +0100] "GET /theme/classic/icons/.jpg HTTP/1.0" 301 422 "-" "Dalvik/2.1.0 (Linux; U; Android 8.0.0; SM-G935T Build/R16NW)"
197.210.70.33 - - [28/Mar/2020:12:10:14 +0100] "GET /theme/classic/icons/.jpg HTTP/1.0" 301 422 "-" "Dalvik/2.1.0 (Linux; U; Android 8.0.0; SM-G935T Build/R16NW)"
197.210.70.7 - - [28/Mar/2020:12:10:14 +0100] "GET /theme/classic/icons/.jpg HTTP/1.0" 301 422 "-" "Dalvik/2.1.0 (Linux; U; Android 8.0.0; SM-G935T Build/R16NW)"
197.210.70.101 - - [28/Mar/2020:12:10:15 +0100] "GET /theme/classic/icons/.jpg HTTP/1.0" 301 422 "-" "Dalvik/2.1.0 (Linux; U; Android 8.0.0; SM-G935T Build/R16NW)"
197.210.70.59 - - [28/Mar/2020:12:10:15 +0100] "GET /theme/classic/icons/.jpg HTTP/1.0" 301 422 "-" "Dalvik/2.1.0 (Linux; U; Android 8.0.0; SM-G935T Build/R16NW)"
197.210.70.223 - - [28/Mar/2020:12:10:19 +0100] "POST /api/pro/myapp/myapp_request.txt HTTP/1.0" 200 1358 "-" "okhttp/3.10.0"
197.210.70.33 - - [28/Mar/2020:12:10:20 +0100] "GET /theme/classic/icons/19.jpg HTTP/1.0" 200 237 "-" "Dalvik/2.1.0 (Linux; U; Android 8.0.0; SM-G935T Build/R16NW)"
197.210.70.7 - - [28/Mar/2020:12:10:20 +0100] "GET /theme/classic/icons/19.jpg HTTP/1.0" 200 237 "-" "Dalvik/2.1.0 (Linux; U; Android 8.0.0; SM-G935T Build/R16NW)"
197.210.70.101 - - [28/Mar/2020:12:10:20 +0100] "GET /theme/classic/icons/.jpg HTTP/1.0" 301 422 "-" "Dalvik/2.1.0 (Linux; U; Android 8.0.0; SM-G935T Build/R16NW)"
197.210.70.59 - - [28/Mar/2020:12:10:20 +0100] "GET /theme/classic/icons/.jpg HTTP/1.0" 301 422 "-" "Dalvik/2.1.0 (Linux; U; Android 8.0.0; SM-G935T Build/R16NW)"
197.210.70.223 - - [28/Mar/2020:12:10:20 +0100] "GET /theme/classic/icons/.jpg HTTP/1.0" 301 422 "-" "Dalvik/2.1.0 (Linux; U; Android 8.0.0; SM-G935T Build/R16NW)"
197.210.70.101 - - [28/Mar/2020:12:10:20 +0100] "GET /theme/classic/icons/.jpg HTTP/1.0" 301 422 "-" "Dalvik/2.1.0 (Linux; U; Android 8.0.0; SM-G935T Build/R16NW)"
197.210.70.59 - - [28/Mar/2020:12:10:20 +0100] "GET /theme/classic/icons/.jpg HTTP/1.0" 301 422 "-" "Dalvik/2.1.0 (Linux; U; Android 8.0.0; SM-G935T Build/R16NW)"
197.210.71.55 - - [28/Mar/2020:12:10:21 +0100] "GET /theme/classic/icons/.jpg HTTP/1.0" 301 422 "-" "Dalvik/2.1.0 (Linux; U; Android 8.0.0; SM-G935T Build/R16NW)"
197.210.70.101 - - [28/Mar/2020:12:10:21 +0100] "GET /theme/classic/icons/.jpg HTTP/1.0" 301 422 "-" "Dalvik/2.1.0 (Linux; U; Android 8.0.0; SM-G935T Build/R16NW)"
197.210.70.223 - - [28/Mar/2020:12:10:21 +0100] "GET /theme/classic/icons/.jpg HTTP/1.0" 301 422 "-" "Dalvik/2.1.0 (Linux; U; Android 8.0.0; SM-G935T Build/R16NW)"
197.210.71.55 - - [28/Mar/2020:12:10:21 +0100] "GET /theme/classic/icons/.jpg HTTP/1.0" 301 422 "-" "Dalvik/2.1.0 (Linux; U; Android 8.0.0; SM-G935T Build/R16NW)"
197.210.70.75 - - [28/Mar/2020:12:10:22 +0100] "GET /theme/classic/icons/.jpg HTTP/1.0" 301 422 "-" "Dalvik/2.1.0 (Linux; U; Android 8.0.0; SM-G935T Build/R16NW)"
197.210.71.123 - - [28/Mar/2020:12:10:22 +0100] "GET /theme/classic/icons/.jpg HTTP/1.0" 301 422 "-" "Dalvik/2.1.0 (Linux; U; Android 8.0.0; SM-G935T Build/R16NW)"
74.208.12.100 - - [28/Mar/2020:12:11:01 +0100] "GET /engine/emailque/scripts/delivery.php HTTP/1.0" 200 542 "-" "curl/7.29.0"
74.208.12.100 - - [28/Mar/2020:12:12:01 +0100] "GET /engine/emailque/scripts/delivery.php HTTP/1.0" 200 542 "-" "curl/7.29.0"
74.208.12.100 - - [28/Mar/2020:12:13:01 +0100] "GET /engine/emailque/scripts/delivery.php HTTP/1.0" 200 542 "-" "curl/7.29.0"
74.208.12.100 - - [28/Mar/2020:12:14:01 +0100] "GET /engine/emailque/scripts/delivery.php HTTP/1.0" 200 542 "-" "curl/7.29.0"
74.208.12.100 - - [28/Mar/2020:12:15:01 +0100] "GET /engine/emailque/scripts/delivery.php HTTP/1.0" 200 542 "-" "curl/7.29.0"
74.208.12.100 - - [28/Mar/2020:12:16:01 +0100] "GET /engine/emailque/scripts/delivery.php HTTP/1.0" 200 542 "-" "curl/7.29.0"
74.208.12.100 - - [28/Mar/2020:12:17:01 +0100] "GET /engine/emailque/scripts/delivery.php HTTP/1.0" 200 542 "-" "curl/7.29.0"
74.208.12.100 - - [28/Mar/2020:12:18:01 +0100] "GET /engine/emailque/scripts/delivery.php HTTP/1.0" 200 542 "-" "curl/7.29.0"
74.208.12.100 - - [28/Mar/2020:12:19:01 +0100] "GET /engine/emailque/scripts/delivery.php HTTP/1.0" 200 542 "-" "curl/7.29.0"
41.190.14.125 - - [28/Mar/2020:12:19:26 +0100] "POST /api/pro/myapp/myapp_request.txt HTTP/1.0" 200 369 "-" "okhttp/3.10.0"
41.190.14.125 - - [28/Mar/2020:12:19:30 +0100] "POST /api/pro/myapp/tv_list.json HTTP/1.0" 200 429 "-" "okhttp/3.10.0"
41.190.14.125 - - [28/Mar/2020:12:19:30 +0100] "POST /api/pro/myapp/banquet_list.json HTTP/1.0" 200 1021 "-" "okhttp/3.10.0"
41.190.14.125 - - [28/Mar/2020:12:20:00 +0100] "POST /api/pro/myapp/myapp_request.json HTTP/1.0" 200 490 "-" "okhttp/3.10.0"
74.208.12.100 - - [28/Mar/2020:12:20:01 +0100] "GET /engine/emailque/scripts/delivery.php HTTP/1.0" 200 542 "-" "curl/7.29.0"
41.190.14.125 - - [28/Mar/2020:12:20:12 +0100] "POST /api/pro/myapp/myapp_request.txt HTTP/1.0" 200 369 "-" "okhttp/3.10.0"
41.190.14.125 - - [28/Mar/2020:12:20:25 +0100] "POST /api/pro/myapp/myapp_request.json HTTP/1.0" 200 682 "-" "okhttp/3.10.0"
41.190.14.125 - - [28/Mar/2020:12:20:54 +0100] "POST /api/pro/myapp/myapp_request.txt HTTP/1.0" 200 1432 "-" "okhttp/3.10.0"
41.190.14.125 - - [28/Mar/2020:12:20:56 +0100] "GET /theme/classic/icons/27.jpg HTTP/1.0" 200 237 "-" "Dalvik/2.1.0 (Linux; U; Android 9; M13 Build/P00610)"
41.190.14.125 - - [28/Mar/2020:12:20:56 +0100] "GET /theme/classic/icons/28.jpg HTTP/1.0" 200 237 "-" "Dalvik/2.1.0 (Linux; U; Android 9; M13 Build/P00610)"
74.208.12.100 - - [28/Mar/2020:12:21:01 +0100] "GET /engine/emailque/scripts/delivery.php HTTP/1.0" 200 542 "-" "curl/7.29.0"
41.190.14.125 - - [28/Mar/2020:12:21:05 +0100] "POST /api/pro/myapp/myapp_request.json HTTP/1.0" 200 729 "-" "okhttp/3.10.0"
74.208.12.100 - - [28/Mar/2020:12:22:01 +0100] "GET /engine/emailque/scripts/delivery.php HTTP/1.0" 200 542 "-" "curl/7.29.0"
197.210.70.209 - - [28/Mar/2020:12:22:49 +0100] "POST /api/pro/myapp/myapp_request.txt HTTP/1.0" 200 368 "-" "okhttp/3.10.0"
197.210.70.209 - - [28/Mar/2020:12:23:00 +0100] "POST /api/pro/myapp/myapp_request.txt HTTP/1.0" 200 1390 "-" "okhttp/3.10.0"
74.208.12.100 - - [28/Mar/2020:12:23:01 +0100] "GET /engine/emailque/scripts/delivery.php HTTP/1.0" 200 542 "-" "curl/7.29.0"
197.210.70.169 - - [28/Mar/2020:12:23:07 +0100] "GET /theme/classic/icons/.jpg HTTP/1.0" 301 422 "-" "Dalvik/2.1.0 (Linux; U; Android 8.0.0; SM-G935T Build/R16NW)"
197.210.70.223 - - [28/Mar/2020:12:23:07 +0100] "GET /theme/classic/icons/.jpg HTTP/1.0" 301 422 "-" "Dalvik/2.1.0 (Linux; U; Android 8.0.0; SM-G935T Build/R16NW)"
197.210.70.129 - - [28/Mar/2020:12:23:07 +0100] "GET /theme/classic/icons/.jpg HTTP/1.0" 301 422 "-" "Dalvik/2.1.0 (Linux; U; Android 8.0.0; SM-G935T Build/R16NW)"
197.210.70.169 - - [28/Mar/2020:12:23:07 +0100] "GET /theme/classic/icons/.jpg HTTP/1.0" 301 422 "-" "Dalvik/2.1.0 (Linux; U; Android 8.0.0; SM-G935T Build/R16NW)"
197.210.70.209 - - [28/Mar/2020:12:23:09 +0100] "POST /api/pro/myapp/myapp_request.txt HTTP/1.0" 200 1358 "-" "okhttp/3.10.0"
197.210.70.129 - - [28/Mar/2020:12:23:10 +0100] "GET /theme/classic/icons/.jpg HTTP/1.0" 301 422 "-" "Dalvik/2.1.0 (Linux; U; Android 8.0.0; SM-G935T Build/R16NW)"
197.210.71.123 - - [28/Mar/2020:12:23:10 +0100] "GET /theme/classic/icons/.jpg HTTP/1.0" 301 422 "-" "Dalvik/2.1.0 (Linux; U; Android 8.0.0; SM-G935T Build/R16NW)"
197.210.70.129 - - [28/Mar/2020:12:23:10 +0100] "GET /theme/classic/icons/.jpg HTTP/1.0" 301 422 "-" "Dalvik/2.1.0 (Linux; U; Android 8.0.0; SM-G935T Build/R16NW)"
197.210.70.209 - - [28/Mar/2020:12:23:10 +0100] "GET /theme/classic/icons/.jpg HTTP/1.0" 301 422 "-" "Dalvik/2.1.0 (Linux; U; Android 8.0.0; SM-G935T Build/R16NW)"
197.210.70.93 - - [28/Mar/2020:12:23:10 +0100] "GET /theme/classic/icons/.jpg HTTP/1.0" 301 422 "-" "Dalvik/2.1.0 (Linux; U; Android 8.0.0; SM-G935T Build/R16NW)"
197.210.70.7 - - [28/Mar/2020:12:23:10 +0100] "GET /theme/classic/icons/.jpg HTTP/1.0" 301 422 "-" "Dalvik/2.1.0 (Linux; U; Android 8.0.0; SM-G935T Build/R16NW)"
197.210.70.129 - - [28/Mar/2020:12:23:13 +0100] "GET /theme/classic/icons/.jpg HTTP/1.0" 301 422 "-" "Dalvik/2.1.0 (Linux; U; Android 8.0.0; SM-G935T Build/R16NW)"
197.210.71.123 - - [28/Mar/2020:12:23:14 +0100] "GET /theme/classic/icons/.jpg HTTP/1.0" 301 422 "-" "Dalvik/2.1.0 (Linux; U; Android 8.0.0; SM-G935T Build/R16NW)"
197.210.70.7 - - [28/Mar/2020:12:23:14 +0100] "GET /theme/classic/icons/.jpg HTTP/1.0" 301 422 "-" "Dalvik/2.1.0 (Linux; U; Android 8.0.0; SM-G935T Build/R16NW)"
197.210.70.93 - - [28/Mar/2020:12:23:14 +0100] "GET /theme/classic/icons/.jpg HTTP/1.0" 301 422 "-" "Dalvik/2.1.0 (Linux; U; Android 8.0.0; SM-G935T Build/R16NW)"
74.208.12.100 - - [28/Mar/2020:12:24:01 +0100] "GET /engine/emailque/scripts/delivery.php HTTP/1.0" 200 542 "-" "curl/7.29.0"
74.208.12.100 - - [28/Mar/2020:12:25:01 +0100] "GET /engine/emailque/scripts/delivery.php HTTP/1.0" 200 542 "-" "curl/7.29.0"
197.210.70.33 - - [28/Mar/2020:12:25:59 +0100] "POST /api/pro/myapp/myapp_request.txt HTTP/1.0" 200 1390 "-" "okhttp/3.10.0"
74.208.12.100 - - [28/Mar/2020:12:26:02 +0100] "GET /engine/emailque/scripts/delivery.php HTTP/1.0" 200 542 "-" "curl/7.29.0"
91.121.76.25 - - [28/Mar/2020:12:26:02 +0100] "HEAD / HTTP/1.0" 301 375 "-" "Mozilla/4.0 (compatible; MSIE 6.0; Windows NT 5.1; SV1)"
197.210.71.123 - - [28/Mar/2020:12:26:03 +0100] "GET /theme/classic/icons/.jpg HTTP/1.0" 301 422 "-" "Dalvik/2.1.0 (Linux; U; Android 8.0.0; SM-G935T Build/R16NW)"
197.210.71.123 - - [28/Mar/2020:12:26:03 +0100] "GET /theme/classic/icons/.jpg HTTP/1.0" 301 422 "-" "Dalvik/2.1.0 (Linux; U; Android 8.0.0; SM-G935T Build/R16NW)"
197.210.70.223 - - [28/Mar/2020:12:26:03 +0100] "GET /theme/classic/icons/.jpg HTTP/1.0" 301 422 "-" "Dalvik/2.1.0 (Linux; U; Android 8.0.0; SM-G935T Build/R16NW)"
197.210.70.163 - - [28/Mar/2020:12:26:03 +0100] "GET /theme/classic/icons/.jpg HTTP/1.0" 301 422 "-" "Dalvik/2.1.0 (Linux; U; Android 8.0.0; SM-G935T Build/R16NW)"
197.210.70.223 - - [28/Mar/2020:12:26:05 +0100] "GET /theme/classic/icons/.jpg HTTP/1.0" 301 422 "-" "Dalvik/2.1.0 (Linux; U; Android 8.0.0; SM-G935T Build/R16NW)"
197.210.70.163 - - [28/Mar/2020:12:26:05 +0100] "GET /theme/classic/icons/.jpg HTTP/1.0" 301 422 "-" "Dalvik/2.1.0 (Linux; U; Android 8.0.0; SM-G935T Build/R16NW)"
197.210.70.33 - - [28/Mar/2020:12:26:17 +0100] "POST /api/pro/myapp/myapp_request.txt HTTP/1.0" 200 1358 "-" "okhttp/3.10.0"
197.210.70.25 - - [28/Mar/2020:12:26:19 +0100] "GET /theme/classic/icons/.jpg HTTP/1.0" 301 422 "-" "Dalvik/2.1.0 (Linux; U; Android 8.0.0; SM-G935T Build/R16NW)"
197.210.70.13 - - [28/Mar/2020:12:26:20 +0100] "GET /theme/classic/icons/.jpg HTTP/1.0" 301 422 "-" "Dalvik/2.1.0 (Linux; U; Android 8.0.0; SM-G935T Build/R16NW)"
197.210.70.7 - - [28/Mar/2020:12:26:20 +0100] "GET /theme/classic/icons/.jpg HTTP/1.0" 301 422 "-" "Dalvik/2.1.0 (Linux; U; Android 8.0.0; SM-G935T Build/R16NW)"
197.210.70.101 - - [28/Mar/2020:12:26:20 +0100] "GET /theme/classic/icons/.jpg HTTP/1.0" 301 422 "-" "Dalvik/2.1.0 (Linux; U; Android 8.0.0; SM-G935T Build/R16NW)"
197.210.70.163 - - [28/Mar/2020:12:26:20 +0100] "GET /theme/classic/icons/.jpg HTTP/1.0" 301 422 "-" "Dalvik/2.1.0 (Linux; U; Android 8.0.0; SM-G935T Build/R16NW)"
197.210.70.25 - - [28/Mar/2020:12:26:20 +0100] "GET /theme/classic/icons/.jpg HTTP/1.0" 301 422 "-" "Dalvik/2.1.0 (Linux; U; Android 8.0.0; SM-G935T Build/R16NW)"
197.210.70.7 - - [28/Mar/2020:12:26:20 +0100] "GET /theme/classic/icons/.jpg HTTP/1.0" 301 422 "-" "Dalvik/2.1.0 (Linux; U; Android 8.0.0; SM-G935T Build/R16NW)"
197.210.70.101 - - [28/Mar/2020:12:26:20 +0100] "GET /theme/classic/icons/.jpg HTTP/1.0" 301 422 "-" "Dalvik/2.1.0 (Linux; U; Android 8.0.0; SM-G935T Build/R16NW)"
197.210.70.163 - - [28/Mar/2020:12:26:20 +0100] "GET /theme/classic/icons/.jpg HTTP/1.0" 301 422 "-" "Dalvik/2.1.0 (Linux; U; Android 8.0.0; SM-G935T Build/R16NW)"
197.210.70.25 - - [28/Mar/2020:12:26:20 +0100] "GET /theme/classic/icons/.jpg HTTP/1.0" 301 422 "-" "Dalvik/2.1.0 (Linux; U; Android 8.0.0; SM-G935T Build/R16NW)"
197.210.70.249 - - [28/Mar/2020:12:26:20 +0100] "GET /theme/classic/icons/.jpg HTTP/1.0" 301 422 "-" "Dalvik/2.1.0 (Linux; U; Android 8.0.0; SM-G935T Build/R16NW)"
74.208.12.100 - - [28/Mar/2020:12:27:01 +0100] "GET /engine/emailque/scripts/delivery.php HTTP/1.0" 200 542 "-" "curl/7.29.0"
74.208.12.100 - - [28/Mar/2020:12:28:01 +0100] "GET /engine/emailque/scripts/delivery.php HTTP/1.0" 200 542 "-" "curl/7.29.0"
74.208.12.100 - - [28/Mar/2020:12:29:01 +0100] "GET /engine/emailque/scripts/delivery.php HTTP/1.0" 200 542 "-" "curl/7.29.0"
74.208.12.100 - - [28/Mar/2020:12:30:01 +0100] "GET /engine/emailque/scripts/delivery.php HTTP/1.0" 200 542 "-" "curl/7.29.0"
74.208.12.100 - - [28/Mar/2020:12:31:01 +0100] "GET /engine/emailque/scripts/delivery.php HTTP/1.0" 200 542 "-" "curl/7.29.0"
74.208.12.100 - - [28/Mar/2020:12:32:01 +0100] "GET /engine/emailque/scripts/delivery.php HTTP/1.0" 200 542 "-" "curl/7.29.0"
74.208.12.100 - - [28/Mar/2020:12:33:01 +0100] "GET /engine/emailque/scripts/delivery.php HTTP/1.0" 200 542 "-" "curl/7.29.0"
74.208.12.100 - - [28/Mar/2020:12:34:01 +0100] "GET /engine/emailque/scripts/delivery.php HTTP/1.0" 200 542 "-" "curl/7.29.0"
74.208.12.100 - - [28/Mar/2020:12:35:01 +0100] "GET /engine/emailque/scripts/delivery.php HTTP/1.0" 200 542 "-" "curl/7.29.0"
74.208.12.100 - - [28/Mar/2020:12:36:01 +0100] "GET /engine/emailque/scripts/delivery.php HTTP/1.0" 200 542 "-" "curl/7.29.0"
74.208.12.100 - - [28/Mar/2020:12:37:01 +0100] "GET /engine/emailque/scripts/delivery.php HTTP/1.0" 200 542 "-" "curl/7.29.0"
74.208.12.100 - - [28/Mar/2020:12:38:01 +0100] "GET /engine/emailque/scripts/delivery.php HTTP/1.0" 200 542 "-" "curl/7.29.0"
74.208.12.100 - - [28/Mar/2020:12:39:01 +0100] "GET /engine/emailque/scripts/delivery.php HTTP/1.0" 200 542 "-" "curl/7.29.0"
118.31.38.252 - - [28/Mar/2020:12:39:10 +0100] "GET /arx/license.txt HTTP/1.0" 301 413 "-" "Mozilla/5.0 (X11; Ubuntu; Linux x86_64; rv:62.0) Gecko/20100101 Firefox/62.0"
74.208.12.100 - - [28/Mar/2020:12:40:01 +0100] "GET /engine/emailque/scripts/delivery.php HTTP/1.0" 200 542 "-" "curl/7.29.0"
74.208.12.100 - - [28/Mar/2020:12:41:01 +0100] "GET /engine/emailque/scripts/delivery.php HTTP/1.0" 200 542 "-" "curl/7.29.0"
74.208.12.100 - - [28/Mar/2020:12:42:01 +0100] "GET /engine/emailque/scripts/delivery.php HTTP/1.0" 200 542 "-" "curl/7.29.0"
74.208.12.100 - - [28/Mar/2020:12:43:04 +0100] "GET /engine/emailque/scripts/delivery.php HTTP/1.0" 200 542 "-" "curl/7.29.0"
74.208.12.100 - - [28/Mar/2020:12:44:01 +0100] "GET /engine/emailque/scripts/delivery.php HTTP/1.0" 200 542 "-" "curl/7.29.0"
197.210.70.33 - - [28/Mar/2020:12:44:33 +0100] "POST /api/pro/myapp/myapp_request.txt HTTP/1.0" 200 368 "-" "okhttp/3.10.0"
197.210.71.123 - - [28/Mar/2020:12:44:34 +0100] "POST /api/pro/myapp/myapp_request.txt HTTP/1.0" 200 1390 "-" "okhttp/3.10.0"
197.210.70.197 - - [28/Mar/2020:12:44:50 +0100] "GET /theme/classic/icons/19.jpg HTTP/1.0" 200 237 "-" "Dalvik/2.1.0 (Linux; U; Android 8.0.0; SM-G935T Build/R16NW)"
197.210.71.151 - - [28/Mar/2020:12:44:52 +0100] "GET /theme/classic/icons/19.jpg HTTP/1.0" 200 237 "-" "Dalvik/2.1.0 (Linux; U; Android 8.0.0; SM-G935T Build/R16NW)"
197.210.70.169 - - [28/Mar/2020:12:44:58 +0100] "GET /theme/classic/icons/14.jpg HTTP/1.0" 200 237 "-" "Dalvik/2.1.0 (Linux; U; Android 8.0.0; SM-G935T Build/R16NW)"
197.210.70.59 - - [28/Mar/2020:12:44:58 +0100] "GET /theme/classic/icons/2.jpg HTTP/1.0" 200 236 "-" "Dalvik/2.1.0 (Linux; U; Android 8.0.0; SM-G935T Build/R16NW)"
197.210.70.7 - - [28/Mar/2020:12:44:59 +0100] "GET /theme/classic/icons/.jpg HTTP/1.0" 301 422 "-" "Dalvik/2.1.0 (Linux; U; Android 8.0.0; SM-G935T Build/R16NW)"
197.210.70.163 - - [28/Mar/2020:12:44:59 +0100] "GET /theme/classic/icons/.jpg HTTP/1.0" 301 422 "-" "Dalvik/2.1.0 (Linux; U; Android 8.0.0; SM-G935T Build/R16NW)"
197.210.70.7 - - [28/Mar/2020:12:44:59 +0100] "GET /theme/classic/icons/.jpg HTTP/1.0" 301 422 "-" "Dalvik/2.1.0 (Linux; U; Android 8.0.0; SM-G935T Build/R16NW)"
197.210.70.7 - - [28/Mar/2020:12:44:59 +0100] "GET /theme/classic/icons/19.jpg HTTP/1.0" 200 237 "-" "Dalvik/2.1.0 (Linux; U; Android 8.0.0; SM-G935T Build/R16NW)"
197.210.70.25 - - [28/Mar/2020:12:44:59 +0100] "GET /theme/classic/icons/.jpg HTTP/1.0" 301 422 "-" "Dalvik/2.1.0 (Linux; U; Android 8.0.0; SM-G935T Build/R16NW)"
74.208.12.100 - - [28/Mar/2020:12:45:01 +0100] "GET /engine/emailque/scripts/delivery.php HTTP/1.0" 200 542 "-" "curl/7.29.0"
197.210.70.33 - - [28/Mar/2020:12:45:06 +0100] "POST /api/pro/myapp/myapp_request.txt HTTP/1.0" 200 368 "-" "okhttp/3.10.0"
197.210.70.33 - - [28/Mar/2020:12:45:15 +0100] "POST /api/pro/myapp/myapp_request.txt HTTP/1.0" 200 1390 "-" "okhttp/3.10.0"
197.210.70.7 - - [28/Mar/2020:12:45:29 +0100] "GET /theme/classic/icons/.jpg HTTP/1.0" 301 422 "-" "Dalvik/2.1.0 (Linux; U; Android 8.0.0; SM-G935T Build/R16NW)"
197.210.70.249 - - [28/Mar/2020:12:45:29 +0100] "GET /theme/classic/icons/.jpg HTTP/1.0" 301 422 "-" "Dalvik/2.1.0 (Linux; U; Android 8.0.0; SM-G935T Build/R16NW)"
197.210.70.7 - - [28/Mar/2020:12:45:30 +0100] "GET /theme/classic/icons/.jpg HTTP/1.0" 301 422 "-" "Dalvik/2.1.0 (Linux; U; Android 8.0.0; SM-G935T Build/R16NW)"
74.208.12.100 - - [28/Mar/2020:12:46:02 +0100] "GET /engine/emailque/scripts/delivery.php HTTP/1.0" 200 542 "-" "curl/7.29.0"
74.208.12.100 - - [28/Mar/2020:12:47:01 +0100] "GET /engine/emailque/scripts/delivery.php HTTP/1.0" 200 542 "-" "curl/7.29.0"
74.208.12.100 - - [28/Mar/2020:12:48:01 +0100] "GET /engine/emailque/scripts/delivery.php HTTP/1.0" 200 542 "-" "curl/7.29.0"
74.208.12.100 - - [28/Mar/2020:12:49:01 +0100] "GET /engine/emailque/scripts/delivery.php HTTP/1.0" 200 542 "-" "curl/7.29.0"
74.208.12.100 - - [28/Mar/2020:12:50:01 +0100] "GET /engine/emailque/scripts/delivery.php HTTP/1.0" 200 542 "-" "curl/7.29.0"
74.208.12.100 - - [28/Mar/2020:12:51:01 +0100] "GET /engine/emailque/scripts/delivery.php HTTP/1.0" 200 542 "-" "curl/7.29.0"
74.208.12.100 - - [28/Mar/2020:12:52:01 +0100] "GET /engine/emailque/scripts/delivery.php HTTP/1.0" 200 542 "-" "curl/7.29.0"
74.208.12.100 - - [28/Mar/2020:12:53:01 +0100] "GET /engine/emailque/scripts/delivery.php HTTP/1.0" 200 542 "-" "curl/7.29.0"
74.208.12.100 - - [28/Mar/2020:12:54:01 +0100] "GET /engine/emailque/scripts/delivery.php HTTP/1.0" 200 542 "-" "curl/7.29.0"
74.208.12.100 - - [28/Mar/2020:12:55:01 +0100] "GET /engine/emailque/scripts/delivery.php HTTP/1.0" 200 542 "-" "curl/7.29.0"
74.208.12.100 - - [28/Mar/2020:12:56:01 +0100] "GET /engine/emailque/scripts/delivery.php HTTP/1.0" 200 542 "-" "curl/7.29.0"
74.208.12.100 - - [28/Mar/2020:12:57:01 +0100] "GET /engine/emailque/scripts/delivery.php HTTP/1.0" 200 542 "-" "curl/7.29.0"
74.208.12.100 - - [28/Mar/2020:12:58:04 +0100] "GET /engine/emailque/scripts/delivery.php HTTP/1.0" 200 542 "-" "curl/7.29.0"
74.208.12.100 - - [28/Mar/2020:12:59:01 +0100] "GET /engine/emailque/scripts/delivery.php HTTP/1.0" 200 542 "-" "curl/7.29.0"
74.208.12.100 - - [28/Mar/2020:13:00:01 +0100] "GET /engine/emailque/scripts/delivery.php HTTP/1.0" 200 542 "-" "curl/7.29.0"
74.208.12.100 - - [28/Mar/2020:13:01:01 +0100] "GET /engine/emailque/scripts/delivery.php HTTP/1.0" 200 542 "-" "curl/7.29.0"
74.208.12.100 - - [28/Mar/2020:13:02:01 +0100] "GET /engine/emailque/scripts/delivery.php HTTP/1.0" 200 542 "-" "curl/7.29.0"
74.208.12.100 - - [28/Mar/2020:13:03:01 +0100] "GET /engine/emailque/scripts/delivery.php HTTP/1.0" 200 542 "-" "curl/7.29.0"
74.208.12.100 - - [28/Mar/2020:13:04:01 +0100] "GET /engine/emailque/scripts/delivery.php HTTP/1.0" 200 542 "-" "curl/7.29.0"
45.56.78.64 - - [28/Mar/2020:13:04:39 +0100] "GET /Report.docx HTTP/1.0" 301 404 "-" "Mozilla/4.0 (compatible; MSIE 7.0; Windows NT 6.1; Trident/7.0; SLCC2; .NET CLR 2.0.50727; .NET CLR 3.5.30729; .NET CLR 3.0.30729; Media Center PC 6.0; .NET4.0C; .NET4.0E; ms-office; MSOffice 14)"
74.208.12.100 - - [28/Mar/2020:13:05:01 +0100] "GET /engine/emailque/scripts/delivery.php HTTP/1.0" 200 542 "-" "curl/7.29.0"
74.208.12.100 - - [28/Mar/2020:13:06:01 +0100] "GET /engine/emailque/scripts/delivery.php HTTP/1.0" 200 542 "-" "curl/7.29.0"
213.128.88.99 - - [28/Mar/2020:13:06:47 +0100] "GET /manager/html HTTP/1.0" 301 405 "-" "Mozilla/5.0 (compatible; MSIE 10.0; Windows NT 6.2; WOW64; Trident/6.0)"
74.208.12.100 - - [28/Mar/2020:13:07:01 +0100] "GET /engine/emailque/scripts/delivery.php HTTP/1.0" 200 542 "-" "curl/7.29.0"
74.208.12.100 - - [28/Mar/2020:13:08:01 +0100] "GET /engine/emailque/scripts/delivery.php HTTP/1.0" 200 542 "-" "curl/7.29.0"
74.208.12.100 - - [28/Mar/2020:13:09:03 +0100] "GET /engine/emailque/scripts/delivery.php HTTP/1.0" 200 542 "-" "curl/7.29.0"
74.208.12.100 - - [28/Mar/2020:13:10:01 +0100] "GET /engine/emailque/scripts/delivery.php HTTP/1.0" 200 542 "-" "curl/7.29.0"
74.208.12.100 - - [28/Mar/2020:13:11:01 +0100] "GET /engine/emailque/scripts/delivery.php HTTP/1.0" 200 542 "-" "curl/7.29.0"
74.208.12.100 - - [28/Mar/2020:13:12:01 +0100] "GET /engine/emailque/scripts/delivery.php HTTP/1.0" 200 542 "-" "curl/7.29.0"
74.208.12.100 - - [28/Mar/2020:13:13:01 +0100] "GET /engine/emailque/scripts/delivery.php HTTP/1.0" 200 542 "-" "curl/7.29.0"
47.98.207.111 - - [28/Mar/2020:13:13:11 +0100] "GET /arx/license.txt HTTP/1.0" 301 409 "-" "Mozilla/5.0 (X11; Ubuntu; Linux x86_64; rv:62.0) Gecko/20100101 Firefox/62.0"
74.208.12.100 - - [28/Mar/2020:13:14:01 +0100] "GET /engine/emailque/scripts/delivery.php HTTP/1.0" 200 542 "-" "curl/7.29.0"
74.208.12.100 - - [28/Mar/2020:13:15:01 +0100] "GET /engine/emailque/scripts/delivery.php HTTP/1.0" 200 542 "-" "curl/7.29.0"
74.208.12.100 - - [28/Mar/2020:13:16:01 +0100] "GET /engine/emailque/scripts/delivery.php HTTP/1.0" 200 542 "-" "curl/7.29.0"
74.208.12.100 - - [28/Mar/2020:13:17:01 +0100] "GET /engine/emailque/scripts/delivery.php HTTP/1.0" 200 542 "-" "curl/7.29.0"
74.208.12.100 - - [28/Mar/2020:13:18:01 +0100] "GET /engine/emailque/scripts/delivery.php HTTP/1.0" 200 542 "-" "curl/7.29.0"
74.208.12.100 - - [28/Mar/2020:13:19:01 +0100] "GET /engine/emailque/scripts/delivery.php HTTP/1.0" 200 542 "-" "curl/7.29.0"
74.208.12.100 - - [28/Mar/2020:13:20:01 +0100] "GET /engine/emailque/scripts/delivery.php HTTP/1.0" 200 542 "-" "curl/7.29.0"
74.208.12.100 - - [28/Mar/2020:13:21:01 +0100] "GET /engine/emailque/scripts/delivery.php HTTP/1.0" 200 542 "-" "curl/7.29.0"
74.208.12.100 - - [28/Mar/2020:13:22:01 +0100] "GET /engine/emailque/scripts/delivery.php HTTP/1.0" 200 542 "-" "curl/7.29.0"
175.42.86.85 - - [28/Mar/2020:13:22:03 +0100] "GET / HTTP/1.0" 301 398 "http://www.w-txt.com/articles/83009019/7-proven-strategies-to-increase-your-blogs-traffic/" "Mozilla/5.0 (Windows NT 6.1; Win64; x64) AppleWebKit/537.36 (KHTML, like Gecko) Chrome/80.0.3987.149 Safari/537.36"
74.208.12.100 - - [28/Mar/2020:13:23:01 +0100] "GET /engine/emailque/scripts/delivery.php HTTP/1.0" 200 542 "-" "curl/7.29.0"
74.208.12.100 - - [28/Mar/2020:13:24:01 +0100] "GET /engine/emailque/scripts/delivery.php HTTP/1.0" 200 542 "-" "curl/7.29.0"
207.46.13.20 - - [28/Mar/2020:13:24:41 +0100] "GET / HTTP/1.0" 301 398 "-" "Mozilla/5.0 (compatible; bingbot/2.0; +http://www.bing.com/bingbot.htm)"
74.208.12.100 - - [28/Mar/2020:13:25:01 +0100] "GET /engine/emailque/scripts/delivery.php HTTP/1.0" 200 542 "-" "curl/7.29.0"
74.208.12.100 - - [28/Mar/2020:13:26:01 +0100] "GET /engine/emailque/scripts/delivery.php HTTP/1.0" 200 542 "-" "curl/7.29.0"
74.208.12.100 - - [28/Mar/2020:13:27:01 +0100] "GET /engine/emailque/scripts/delivery.php HTTP/1.0" 200 542 "-" "curl/7.29.0"
74.208.12.100 - - [28/Mar/2020:13:28:01 +0100] "GET /engine/emailque/scripts/delivery.php HTTP/1.0" 200 542 "-" "curl/7.29.0"
74.208.12.100 - - [28/Mar/2020:13:29:01 +0100] "GET /engine/emailque/scripts/delivery.php HTTP/1.0" 200 542 "-" "curl/7.29.0"
74.208.12.100 - - [28/Mar/2020:13:30:01 +0100] "GET /engine/emailque/scripts/delivery.php HTTP/1.0" 200 542 "-" "curl/7.29.0"
74.208.12.100 - - [28/Mar/2020:13:31:01 +0100] "GET /engine/emailque/scripts/delivery.php HTTP/1.0" 200 542 "-" "curl/7.29.0"
74.208.12.100 - - [28/Mar/2020:13:32:03 +0100] "GET /engine/emailque/scripts/delivery.php HTTP/1.0" 200 542 "-" "curl/7.29.0"
74.208.12.100 - - [28/Mar/2020:13:33:01 +0100] "GET /engine/emailque/scripts/delivery.php HTTP/1.0" 200 542 "-" "curl/7.29.0"
74.208.12.100 - - [28/Mar/2020:13:34:01 +0100] "GET /engine/emailque/scripts/delivery.php HTTP/1.0" 200 542 "-" "curl/7.29.0"
74.208.12.100 - - [28/Mar/2020:13:35:01 +0100] "GET /engine/emailque/scripts/delivery.php HTTP/1.0" 200 542 "-" "curl/7.29.0"
74.208.12.100 - - [28/Mar/2020:13:36:01 +0100] "GET /engine/emailque/scripts/delivery.php HTTP/1.0" 200 542 "-" "curl/7.29.0"
66.249.75.17 - - [28/Mar/2020:13:36:08 +0100] "GET /robots.txt HTTP/1.0" 301 407 "-" "Mozilla/5.0 (compatible; Googlebot/2.1; +http://www.google.com/bot.html)"
66.249.75.16 - - [28/Mar/2020:13:36:08 +0100] "GET /ylitivrkrrjfxd.html HTTP/1.0" 301 416 "-" "Mozilla/5.0 (compatible; Googlebot/2.1; +http://www.google.com/bot.html)"
74.208.12.100 - - [28/Mar/2020:13:37:01 +0100] "GET /engine/emailque/scripts/delivery.php HTTP/1.0" 200 542 "-" "curl/7.29.0"
74.208.12.100 - - [28/Mar/2020:13:38:01 +0100] "GET /engine/emailque/scripts/delivery.php HTTP/1.0" 200 542 "-" "curl/7.29.0"
74.208.12.100 - - [28/Mar/2020:13:39:01 +0100] "GET /engine/emailque/scripts/delivery.php HTTP/1.0" 200 542 "-" "curl/7.29.0"
74.208.12.100 - - [28/Mar/2020:13:40:01 +0100] "GET /engine/emailque/scripts/delivery.php HTTP/1.0" 200 542 "-" "curl/7.29.0"
74.208.12.100 - - [28/Mar/2020:13:41:01 +0100] "GET /engine/emailque/scripts/delivery.php HTTP/1.0" 200 542 "-" "curl/7.29.0"
74.208.12.100 - - [28/Mar/2020:13:42:01 +0100] "GET /engine/emailque/scripts/delivery.php HTTP/1.0" 200 542 "-" "curl/7.29.0"
74.208.12.100 - - [28/Mar/2020:13:43:01 +0100] "GET /engine/emailque/scripts/delivery.php HTTP/1.0" 200 542 "-" "curl/7.29.0"
74.208.12.100 - - [28/Mar/2020:13:44:02 +0100] "GET /engine/emailque/scripts/delivery.php HTTP/1.0" 200 542 "-" "curl/7.29.0"
74.208.12.100 - - [28/Mar/2020:13:45:03 +0100] "GET /engine/emailque/scripts/delivery.php HTTP/1.0" 200 542 "-" "curl/7.29.0"
74.208.12.100 - - [28/Mar/2020:13:46:01 +0100] "GET /engine/emailque/scripts/delivery.php HTTP/1.0" 200 542 "-" "curl/7.29.0"
74.208.12.100 - - [28/Mar/2020:13:47:01 +0100] "GET /engine/emailque/scripts/delivery.php HTTP/1.0" 200 542 "-" "curl/7.29.0"
74.208.12.100 - - [28/Mar/2020:13:48:01 +0100] "GET /engine/emailque/scripts/delivery.php HTTP/1.0" 200 542 "-" "curl/7.29.0"
74.208.12.100 - - [28/Mar/2020:13:49:01 +0100] "GET /engine/emailque/scripts/delivery.php HTTP/1.0" 200 542 "-" "curl/7.29.0"
74.208.12.100 - - [28/Mar/2020:13:50:01 +0100] "GET /engine/emailque/scripts/delivery.php HTTP/1.0" 200 542 "-" "curl/7.29.0"
74.208.12.100 - - [28/Mar/2020:13:51:01 +0100] "GET /engine/emailque/scripts/delivery.php HTTP/1.0" 200 542 "-" "curl/7.29.0"
74.208.12.100 - - [28/Mar/2020:13:52:01 +0100] "GET /engine/emailque/scripts/delivery.php HTTP/1.0" 200 542 "-" "curl/7.29.0"
74.208.12.100 - - [28/Mar/2020:13:53:01 +0100] "GET /engine/emailque/scripts/delivery.php HTTP/1.0" 200 542 "-" "curl/7.29.0"
74.208.12.100 - - [28/Mar/2020:13:54:01 +0100] "GET /engine/emailque/scripts/delivery.php HTTP/1.0" 200 542 "-" "curl/7.29.0"
74.208.12.100 - - [28/Mar/2020:13:55:01 +0100] "GET /engine/emailque/scripts/delivery.php HTTP/1.0" 200 542 "-" "curl/7.29.0"
74.208.12.100 - - [28/Mar/2020:13:56:01 +0100] "GET /engine/emailque/scripts/delivery.php HTTP/1.0" 200 542 "-" "curl/7.29.0"
74.208.12.100 - - [28/Mar/2020:13:57:01 +0100] "GET /engine/emailque/scripts/delivery.php HTTP/1.0" 200 542 "-" "curl/7.29.0"
74.208.12.100 - - [28/Mar/2020:13:58:04 +0100] "GET /engine/emailque/scripts/delivery.php HTTP/1.0" 200 542 "-" "curl/7.29.0"
74.208.12.100 - - [28/Mar/2020:13:59:01 +0100] "GET /engine/emailque/scripts/delivery.php HTTP/1.0" 200 542 "-" "curl/7.29.0"
74.208.12.100 - - [28/Mar/2020:14:00:01 +0100] "GET /engine/emailque/scripts/delivery.php HTTP/1.0" 200 542 "-" "curl/7.29.0"
74.208.12.100 - - [28/Mar/2020:14:01:01 +0100] "GET /engine/emailque/scripts/delivery.php HTTP/1.0" 200 542 "-" "curl/7.29.0"
74.208.12.100 - - [28/Mar/2020:14:02:01 +0100] "GET /engine/emailque/scripts/delivery.php HTTP/1.0" 200 542 "-" "curl/7.29.0"
74.208.12.100 - - [28/Mar/2020:14:03:01 +0100] "GET /engine/emailque/scripts/delivery.php HTTP/1.0" 200 542 "-" "curl/7.29.0"
74.208.12.100 - - [28/Mar/2020:14:04:01 +0100] "GET /engine/emailque/scripts/delivery.php HTTP/1.0" 200 542 "-" "curl/7.29.0"
74.208.12.100 - - [28/Mar/2020:14:05:01 +0100] "GET /engine/emailque/scripts/delivery.php HTTP/1.0" 200 542 "-" "curl/7.29.0"
74.208.12.100 - - [28/Mar/2020:14:06:01 +0100] "GET /engine/emailque/scripts/delivery.php HTTP/1.0" 200 542 "-" "curl/7.29.0"
185.220.100.241 - - [28/Mar/2020:14:06:39 +0100] "GET / HTTP/1.0" 301 394 "-" "Mozilla/5.0 (Windows NT 10.0; Win64; x64) AppleWebKit/537.36 (KHTML, like Gecko) Chrome/73.0.3683.86 Safari/537.36"
74.208.12.100 - - [28/Mar/2020:14:07:01 +0100] "GET /engine/emailque/scripts/delivery.php HTTP/1.0" 200 542 "-" "curl/7.29.0"
74.208.12.100 - - [28/Mar/2020:14:08:01 +0100] "GET /engine/emailque/scripts/delivery.php HTTP/1.0" 200 542 "-" "curl/7.29.0"
74.208.12.100 - - [28/Mar/2020:14:09:01 +0100] "GET /engine/emailque/scripts/delivery.php HTTP/1.0" 200 542 "-" "curl/7.29.0"
74.208.12.100 - - [28/Mar/2020:14:10:01 +0100] "GET /engine/emailque/scripts/delivery.php HTTP/1.0" 200 542 "-" "curl/7.29.0"
74.208.12.100 - - [28/Mar/2020:14:11:02 +0100] "GET /engine/emailque/scripts/delivery.php HTTP/1.0" 200 542 "-" "curl/7.29.0"
74.208.12.100 - - [28/Mar/2020:14:12:01 +0100] "GET /engine/emailque/scripts/delivery.php HTTP/1.0" 200 542 "-" "curl/7.29.0"
74.208.12.100 - - [28/Mar/2020:14:13:01 +0100] "GET /engine/emailque/scripts/delivery.php HTTP/1.0" 200 542 "-" "curl/7.29.0"
74.208.12.100 - - [28/Mar/2020:14:14:02 +0100] "GET /engine/emailque/scripts/delivery.php HTTP/1.0" 200 542 "-" "curl/7.29.0"
74.208.12.100 - - [28/Mar/2020:14:15:01 +0100] "GET /engine/emailque/scripts/delivery.php HTTP/1.0" 200 542 "-" "curl/7.29.0"
74.208.12.100 - - [28/Mar/2020:14:16:01 +0100] "GET /engine/emailque/scripts/delivery.php HTTP/1.0" 200 542 "-" "curl/7.29.0"
74.208.12.100 - - [28/Mar/2020:14:17:02 +0100] "GET /engine/emailque/scripts/delivery.php HTTP/1.0" 200 542 "-" "curl/7.29.0"
74.208.12.100 - - [28/Mar/2020:14:18:01 +0100] "GET /engine/emailque/scripts/delivery.php HTTP/1.0" 200 542 "-" "curl/7.29.0"
197.211.61.127 - - [28/Mar/2020:14:18:13 +0100] "POST /api/pro/myapp/airtime_list.json HTTP/1.0" 200 459 "-" "okhttp/3.10.0"
197.211.61.127 - - [28/Mar/2020:14:18:13 +0100] "POST /api/pro/myapp/myapp_request.txt HTTP/1.0" 200 371 "-" "okhttp/3.10.0"
197.211.61.127 - - [28/Mar/2020:14:18:13 +0100] "POST /api/pro/myapp/myapp_request.txt HTTP/1.0" 200 371 "-" "okhttp/3.10.0"
197.211.61.127 - - [28/Mar/2020:14:18:25 +0100] "POST /api/pro/myapp/myapp_request.json HTTP/1.0" 200 494 "-" "okhttp/3.10.0"
74.208.12.100 - - [28/Mar/2020:14:19:01 +0100] "GET /engine/emailque/scripts/delivery.php HTTP/1.0" 200 542 "-" "curl/7.29.0"
197.211.61.127 - - [28/Mar/2020:14:19:03 +0100] "POST /api/pro/myapp/myapp_request.txt HTTP/1.0" 200 371 "-" "okhttp/3.10.0"
197.211.61.127 - - [28/Mar/2020:14:19:04 +0100] "POST /api/pro/myapp/myapp_request.json HTTP/1.0" 200 596 "-" "okhttp/3.10.0"
74.208.12.100 - - [28/Mar/2020:14:20:01 +0100] "GET /engine/emailque/scripts/delivery.php HTTP/1.0" 200 542 "-" "curl/7.29.0"
74.208.12.100 - - [28/Mar/2020:14:21:01 +0100] "GET /engine/emailque/scripts/delivery.php HTTP/1.0" 200 542 "-" "curl/7.29.0"
74.208.12.100 - - [28/Mar/2020:14:22:01 +0100] "GET /engine/emailque/scripts/delivery.php HTTP/1.0" 200 542 "-" "curl/7.29.0"
74.208.12.100 - - [28/Mar/2020:14:23:01 +0100] "GET /engine/emailque/scripts/delivery.php HTTP/1.0" 200 542 "-" "curl/7.29.0"
74.208.12.100 - - [28/Mar/2020:14:24:01 +0100] "GET /engine/emailque/scripts/delivery.php HTTP/1.0" 200 542 "-" "curl/7.29.0"
74.208.12.100 - - [28/Mar/2020:14:25:01 +0100] "GET /engine/emailque/scripts/delivery.php HTTP/1.0" 200 542 "-" "curl/7.29.0"
185.216.34.227 - - [28/Mar/2020:14:25:07 +0100] "GET / HTTP/1.0" 301 394 "http://splvending.com/" "Mozilla/5.0 (Windows NT 6.3; Win64; x64) AppleWebKit/537.36 (KHTML, like Gecko) Chrome/66.0.3359.181 Safari/537.36"
74.208.12.100 - - [28/Mar/2020:14:26:02 +0100] "GET /engine/emailque/scripts/delivery.php HTTP/1.0" 200 542 "-" "curl/7.29.0"
74.208.12.100 - - [28/Mar/2020:14:27:01 +0100] "GET /engine/emailque/scripts/delivery.php HTTP/1.0" 200 542 "-" "curl/7.29.0"
74.208.12.100 - - [28/Mar/2020:14:28:01 +0100] "GET /engine/emailque/scripts/delivery.php HTTP/1.0" 200 542 "-" "curl/7.29.0"
74.208.12.100 - - [28/Mar/2020:14:29:01 +0100] "GET /engine/emailque/scripts/delivery.php HTTP/1.0" 200 542 "-" "curl/7.29.0"
74.208.12.100 - - [28/Mar/2020:14:30:01 +0100] "GET /engine/emailque/scripts/delivery.php HTTP/1.0" 200 542 "-" "curl/7.29.0"
74.208.12.100 - - [28/Mar/2020:14:31:01 +0100] "GET /engine/emailque/scripts/delivery.php HTTP/1.0" 200 542 "-" "curl/7.29.0"
74.208.12.100 - - [28/Mar/2020:14:32:01 +0100] "GET /engine/emailque/scripts/delivery.php HTTP/1.0" 200 542 "-" "curl/7.29.0"
74.208.12.100 - - [28/Mar/2020:14:33:01 +0100] "GET /engine/emailque/scripts/delivery.php HTTP/1.0" 200 542 "-" "curl/7.29.0"
74.208.12.100 - - [28/Mar/2020:14:34:01 +0100] "GET /engine/emailque/scripts/delivery.php HTTP/1.0" 200 542 "-" "curl/7.29.0"
74.208.12.100 - - [28/Mar/2020:14:35:01 +0100] "GET /engine/emailque/scripts/delivery.php HTTP/1.0" 200 542 "-" "curl/7.29.0"
74.208.12.100 - - [28/Mar/2020:14:36:01 +0100] "GET /engine/emailque/scripts/delivery.php HTTP/1.0" 200 542 "-" "curl/7.29.0"
74.208.12.100 - - [28/Mar/2020:14:37:01 +0100] "GET /engine/emailque/scripts/delivery.php HTTP/1.0" 200 542 "-" "curl/7.29.0"
54.36.148.120 - - [28/Mar/2020:14:37:41 +0100] "GET / HTTP/1.0" 301 399 "-" "Mozilla/5.0 (compatible; AhrefsBot/6.1; +http://ahrefs.com/robot/)"
74.208.12.100 - - [28/Mar/2020:14:38:01 +0100] "GET /engine/emailque/scripts/delivery.php HTTP/1.0" 200 542 "-" "curl/7.29.0"
72.13.46.3 - - [28/Mar/2020:14:38:06 +0100] "GET /robots.txt HTTP/1.0" 301 408 "-" "Mozilla/5.0 (compatible; ips-agent)"
72.13.46.3 - - [28/Mar/2020:14:38:07 +0100] "GET / HTTP/1.0" 301 398 "-" "Mozilla/5.0 (compatible; ips-agent)"
74.208.12.100 - - [28/Mar/2020:14:39:01 +0100] "GET /engine/emailque/scripts/delivery.php HTTP/1.0" 200 542 "-" "curl/7.29.0"
74.208.12.100 - - [28/Mar/2020:14:40:01 +0100] "GET /engine/emailque/scripts/delivery.php HTTP/1.0" 200 542 "-" "curl/7.29.0"
74.208.12.100 - - [28/Mar/2020:14:41:01 +0100] "GET /engine/emailque/scripts/delivery.php HTTP/1.0" 200 542 "-" "curl/7.29.0"
74.208.12.100 - - [28/Mar/2020:14:42:01 +0100] "GET /engine/emailque/scripts/delivery.php HTTP/1.0" 200 542 "-" "curl/7.29.0"
74.208.12.100 - - [28/Mar/2020:14:43:01 +0100] "GET /engine/emailque/scripts/delivery.php HTTP/1.0" 200 542 "-" "curl/7.29.0"
74.208.12.100 - - [28/Mar/2020:14:44:01 +0100] "GET /engine/emailque/scripts/delivery.php HTTP/1.0" 200 542 "-" "curl/7.29.0"
74.208.12.100 - - [28/Mar/2020:14:45:01 +0100] "GET /engine/emailque/scripts/delivery.php HTTP/1.0" 200 542 "-" "curl/7.29.0"
74.208.12.100 - - [28/Mar/2020:14:46:01 +0100] "GET /engine/emailque/scripts/delivery.php HTTP/1.0" 200 542 "-" "curl/7.29.0"
74.208.12.100 - - [28/Mar/2020:14:47:01 +0100] "GET /engine/emailque/scripts/delivery.php HTTP/1.0" 200 542 "-" "curl/7.29.0"
74.208.12.100 - - [28/Mar/2020:14:48:01 +0100] "GET /engine/emailque/scripts/delivery.php HTTP/1.0" 200 542 "-" "curl/7.29.0"
74.208.12.100 - - [28/Mar/2020:14:49:01 +0100] "GET /engine/emailque/scripts/delivery.php HTTP/1.0" 200 542 "-" "curl/7.29.0"
74.208.12.100 - - [28/Mar/2020:14:50:01 +0100] "GET /engine/emailque/scripts/delivery.php HTTP/1.0" 200 542 "-" "curl/7.29.0"
103.38.70.28 - - [28/Mar/2020:14:50:22 +0100] "GET / HTTP/1.0" 301 393 "-" "Mozilla/5.0 (Windows NT 6.1; WOW64) AppleWebKit/537.36 (KHTML, like Gecko) Chrome/52.0.2743.116 Safari/537.36"
74.208.12.100 - - [28/Mar/2020:14:51:01 +0100] "GET /engine/emailque/scripts/delivery.php HTTP/1.0" 200 542 "-" "curl/7.29.0"
74.208.12.100 - - [28/Mar/2020:14:52:01 +0100] "GET /engine/emailque/scripts/delivery.php HTTP/1.0" 200 542 "-" "curl/7.29.0"
74.208.12.100 - - [28/Mar/2020:14:53:01 +0100] "GET /engine/emailque/scripts/delivery.php HTTP/1.0" 200 542 "-" "curl/7.29.0"
74.208.12.100 - - [28/Mar/2020:14:54:01 +0100] "GET /engine/emailque/scripts/delivery.php HTTP/1.0" 200 542 "-" "curl/7.29.0"
74.208.12.100 - - [28/Mar/2020:14:55:01 +0100] "GET /engine/emailque/scripts/delivery.php HTTP/1.0" 200 542 "-" "curl/7.29.0"
74.208.12.100 - - [28/Mar/2020:14:56:01 +0100] "GET /engine/emailque/scripts/delivery.php HTTP/1.0" 200 542 "-" "curl/7.29.0"
74.208.12.100 - - [28/Mar/2020:14:57:01 +0100] "GET /engine/emailque/scripts/delivery.php HTTP/1.0" 200 542 "-" "curl/7.29.0"
74.208.12.100 - - [28/Mar/2020:14:58:01 +0100] "GET /engine/emailque/scripts/delivery.php HTTP/1.0" 200 542 "-" "curl/7.29.0"
74.208.12.100 - - [28/Mar/2020:14:59:01 +0100] "GET /engine/emailque/scripts/delivery.php HTTP/1.0" 200 542 "-" "curl/7.29.0"
74.208.12.100 - - [28/Mar/2020:15:00:04 +0100] "GET /engine/emailque/scripts/delivery.php HTTP/1.0" 200 542 "-" "curl/7.29.0"
74.208.12.100 - - [28/Mar/2020:15:01:01 +0100] "GET /engine/emailque/scripts/delivery.php HTTP/1.0" 200 542 "-" "curl/7.29.0"
74.208.12.100 - - [28/Mar/2020:15:02:01 +0100] "GET /engine/emailque/scripts/delivery.php HTTP/1.0" 200 542 "-" "curl/7.29.0"
74.208.12.100 - - [28/Mar/2020:15:03:01 +0100] "GET /engine/emailque/scripts/delivery.php HTTP/1.0" 200 542 "-" "curl/7.29.0"
74.208.12.100 - - [28/Mar/2020:15:04:02 +0100] "GET /engine/emailque/scripts/delivery.php HTTP/1.0" 200 542 "-" "curl/7.29.0"
74.208.12.100 - - [28/Mar/2020:15:05:01 +0100] "GET /engine/emailque/scripts/delivery.php HTTP/1.0" 200 542 "-" "curl/7.29.0"
74.208.12.100 - - [28/Mar/2020:15:06:01 +0100] "GET /engine/emailque/scripts/delivery.php HTTP/1.0" 200 542 "-" "curl/7.29.0"
74.208.12.100 - - [28/Mar/2020:15:07:02 +0100] "GET /engine/emailque/scripts/delivery.php HTTP/1.0" 200 542 "-" "curl/7.29.0"
74.208.12.100 - - [28/Mar/2020:15:08:01 +0100] "GET /engine/emailque/scripts/delivery.php HTTP/1.0" 200 542 "-" "curl/7.29.0"
74.208.12.100 - - [28/Mar/2020:15:09:01 +0100] "GET /engine/emailque/scripts/delivery.php HTTP/1.0" 200 542 "-" "curl/7.29.0"
74.208.12.100 - - [28/Mar/2020:15:10:01 +0100] "GET /engine/emailque/scripts/delivery.php HTTP/1.0" 200 542 "-" "curl/7.29.0"
74.208.12.100 - - [28/Mar/2020:15:11:01 +0100] "GET /engine/emailque/scripts/delivery.php HTTP/1.0" 200 542 "-" "curl/7.29.0"
74.208.12.100 - - [28/Mar/2020:15:12:01 +0100] "GET /engine/emailque/scripts/delivery.php HTTP/1.0" 200 542 "-" "curl/7.29.0"
41.190.12.62 - - [28/Mar/2020:15:12:53 +0100] "POST /api/pro/myapp/myapp_request.txt HTTP/1.0" 200 369 "-" "okhttp/3.10.0"
41.190.12.62 - - [28/Mar/2020:15:12:55 +0100] "POST /api/pro/myapp/myapp_request.txt HTTP/1.0" 200 369 "-" "okhttp/3.10.0"
41.190.12.62 - - [28/Mar/2020:15:12:57 +0100] "POST /api/pro/myapp/myapp_request.txt HTTP/1.0" 200 1396 "-" "okhttp/3.10.0"
74.208.12.100 - - [28/Mar/2020:15:13:01 +0100] "GET /engine/emailque/scripts/delivery.php HTTP/1.0" 200 542 "-" "curl/7.29.0"
41.190.12.62 - - [28/Mar/2020:15:13:07 +0100] "GET /theme/classic/icons/28.jpg HTTP/1.0" 200 237 "-" "Dalvik/2.1.0 (Linux; U; Android 7.0; TECNO P904 Build/NRD90M)"
41.190.12.62 - - [28/Mar/2020:15:13:12 +0100] "GET /theme/classic/icons/.jpg HTTP/1.0" 301 422 "-" "Dalvik/2.1.0 (Linux; U; Android 7.0; TECNO P904 Build/NRD90M)"
41.190.12.62 - - [28/Mar/2020:15:13:59 +0100] "POST /api/pro/myapp/myapp_request.txt HTTP/1.0" 200 369 "-" "okhttp/3.10.0"
74.208.12.100 - - [28/Mar/2020:15:14:01 +0100] "GET /engine/emailque/scripts/delivery.php HTTP/1.0" 200 542 "-" "curl/7.29.0"
74.208.12.100 - - [28/Mar/2020:15:15:01 +0100] "GET /engine/emailque/scripts/delivery.php HTTP/1.0" 200 542 "-" "curl/7.29.0"
74.208.12.100 - - [28/Mar/2020:15:16:01 +0100] "GET /engine/emailque/scripts/delivery.php HTTP/1.0" 200 542 "-" "curl/7.29.0"
74.208.12.100 - - [28/Mar/2020:15:17:01 +0100] "GET /engine/emailque/scripts/delivery.php HTTP/1.0" 200 542 "-" "curl/7.29.0"
74.208.12.100 - - [28/Mar/2020:15:18:01 +0100] "GET /engine/emailque/scripts/delivery.php HTTP/1.0" 200 542 "-" "curl/7.29.0"
74.208.12.100 - - [28/Mar/2020:15:19:01 +0100] "GET /engine/emailque/scripts/delivery.php HTTP/1.0" 200 542 "-" "curl/7.29.0"
74.208.12.100 - - [28/Mar/2020:15:20:01 +0100] "GET /engine/emailque/scripts/delivery.php HTTP/1.0" 200 542 "-" "curl/7.29.0"
74.208.12.100 - - [28/Mar/2020:15:21:01 +0100] "GET /engine/emailque/scripts/delivery.php HTTP/1.0" 200 542 "-" "curl/7.29.0"
74.208.12.100 - - [28/Mar/2020:15:22:01 +0100] "GET /engine/emailque/scripts/delivery.php HTTP/1.0" 200 542 "-" "curl/7.29.0"
74.208.12.100 - - [28/Mar/2020:15:23:01 +0100] "GET /engine/emailque/scripts/delivery.php HTTP/1.0" 200 542 "-" "curl/7.29.0"
74.208.12.100 - - [28/Mar/2020:15:24:01 +0100] "GET /engine/emailque/scripts/delivery.php HTTP/1.0" 200 542 "-" "curl/7.29.0"
74.208.12.100 - - [28/Mar/2020:15:25:01 +0100] "GET /engine/emailque/scripts/delivery.php HTTP/1.0" 200 542 "-" "curl/7.29.0"
74.208.12.100 - - [28/Mar/2020:15:26:01 +0100] "GET /engine/emailque/scripts/delivery.php HTTP/1.0" 200 542 "-" "curl/7.29.0"
74.208.12.100 - - [28/Mar/2020:15:27:01 +0100] "GET /engine/emailque/scripts/delivery.php HTTP/1.0" 200 542 "-" "curl/7.29.0"
74.208.12.100 - - [28/Mar/2020:15:28:01 +0100] "GET /engine/emailque/scripts/delivery.php HTTP/1.0" 200 542 "-" "curl/7.29.0"
74.208.12.100 - - [28/Mar/2020:15:29:01 +0100] "GET /engine/emailque/scripts/delivery.php HTTP/1.0" 200 542 "-" "curl/7.29.0"
74.208.12.100 - - [28/Mar/2020:15:30:01 +0100] "GET /engine/emailque/scripts/delivery.php HTTP/1.0" 200 542 "-" "curl/7.29.0"
74.208.12.100 - - [28/Mar/2020:15:31:01 +0100] "GET /engine/emailque/scripts/delivery.php HTTP/1.0" 200 542 "-" "curl/7.29.0"
74.208.12.100 - - [28/Mar/2020:15:32:01 +0100] "GET /engine/emailque/scripts/delivery.php HTTP/1.0" 200 542 "-" "curl/7.29.0"
74.208.12.100 - - [28/Mar/2020:15:33:01 +0100] "GET /engine/emailque/scripts/delivery.php HTTP/1.0" 200 542 "-" "curl/7.29.0"
74.208.12.100 - - [28/Mar/2020:15:34:01 +0100] "GET /engine/emailque/scripts/delivery.php HTTP/1.0" 200 542 "-" "curl/7.29.0"
74.208.12.100 - - [28/Mar/2020:15:35:01 +0100] "GET /engine/emailque/scripts/delivery.php HTTP/1.0" 200 542 "-" "curl/7.29.0"
74.208.12.100 - - [28/Mar/2020:15:36:02 +0100] "GET /engine/emailque/scripts/delivery.php HTTP/1.0" 200 542 "-" "curl/7.29.0"
74.208.12.100 - - [28/Mar/2020:15:37:01 +0100] "GET /engine/emailque/scripts/delivery.php HTTP/1.0" 200 542 "-" "curl/7.29.0"
74.208.12.100 - - [28/Mar/2020:15:38:01 +0100] "GET /engine/emailque/scripts/delivery.php HTTP/1.0" 200 542 "-" "curl/7.29.0"
35.237.32.56 - - [28/Mar/2020:15:38:45 +0100] "GET /robots.txt HTTP/1.0" 301 408 "-" "bidswitchbot/1.0"
35.237.32.56 - - [28/Mar/2020:15:38:46 +0100] "GET /robots.txt HTTP/1.0" 301 408 "-" "bidswitchbot/1.0"
35.237.32.56 - - [28/Mar/2020:15:38:47 +0100] "GET /app-ads.txt HTTP/1.0" 301 409 "-" "bidswitchbot/1.0"
74.208.12.100 - - [28/Mar/2020:15:39:01 +0100] "GET /engine/emailque/scripts/delivery.php HTTP/1.0" 200 542 "-" "curl/7.29.0"
35.237.32.56 - - [28/Mar/2020:15:39:01 +0100] "GET /robots.txt HTTP/1.0" 301 412 "-" "bidswitchbot/1.0"
35.237.32.56 - - [28/Mar/2020:15:39:02 +0100] "GET /robots.txt HTTP/1.0" 301 412 "-" "bidswitchbot/1.0"
35.237.32.56 - - [28/Mar/2020:15:39:03 +0100] "GET /app-ads.txt HTTP/1.0" 301 413 "-" "bidswitchbot/1.0"
65.75.102.52 - - [28/Mar/2020:15:39:26 +0100] "GET / HTTP/1.0" 301 393 "-" "Mozilla/5.0 (Windows NT 10.0; WOW64) AppleWebKit/537.36 (KHTML, like Gecko) Chrome/52.0.2743.116 Safari/537.36"
74.208.12.100 - - [28/Mar/2020:15:40:01 +0100] "GET /engine/emailque/scripts/delivery.php HTTP/1.0" 200 542 "-" "curl/7.29.0"
74.208.12.100 - - [28/Mar/2020:15:41:01 +0100] "GET /engine/emailque/scripts/delivery.php HTTP/1.0" 200 542 "-" "curl/7.29.0"
74.208.12.100 - - [28/Mar/2020:15:42:01 +0100] "GET /engine/emailque/scripts/delivery.php HTTP/1.0" 200 542 "-" "curl/7.29.0"
74.208.12.100 - - [28/Mar/2020:15:43:01 +0100] "GET /engine/emailque/scripts/delivery.php HTTP/1.0" 200 542 "-" "curl/7.29.0"
74.208.12.100 - - [28/Mar/2020:15:44:01 +0100] "GET /engine/emailque/scripts/delivery.php HTTP/1.0" 200 542 "-" "curl/7.29.0"
74.208.12.100 - - [28/Mar/2020:15:45:01 +0100] "GET /engine/emailque/scripts/delivery.php HTTP/1.0" 200 542 "-" "curl/7.29.0"
74.208.12.100 - - [28/Mar/2020:15:46:01 +0100] "GET /engine/emailque/scripts/delivery.php HTTP/1.0" 200 542 "-" "curl/7.29.0"
74.208.12.100 - - [28/Mar/2020:15:47:01 +0100] "GET /engine/emailque/scripts/delivery.php HTTP/1.0" 200 542 "-" "curl/7.29.0"
74.208.12.100 - - [28/Mar/2020:15:48:01 +0100] "GET /engine/emailque/scripts/delivery.php HTTP/1.0" 200 542 "-" "curl/7.29.0"
74.208.12.100 - - [28/Mar/2020:15:49:01 +0100] "GET /engine/emailque/scripts/delivery.php HTTP/1.0" 200 542 "-" "curl/7.29.0"
74.208.12.100 - - [28/Mar/2020:15:50:01 +0100] "GET /engine/emailque/scripts/delivery.php HTTP/1.0" 200 542 "-" "curl/7.29.0"
74.208.12.100 - - [28/Mar/2020:15:51:01 +0100] "GET /engine/emailque/scripts/delivery.php HTTP/1.0" 200 542 "-" "curl/7.29.0"
74.208.12.100 - - [28/Mar/2020:15:52:01 +0100] "GET /engine/emailque/scripts/delivery.php HTTP/1.0" 200 542 "-" "curl/7.29.0"
74.208.12.100 - - [28/Mar/2020:15:53:01 +0100] "GET /engine/emailque/scripts/delivery.php HTTP/1.0" 200 542 "-" "curl/7.29.0"
129.205.113.136 - - [28/Mar/2020:15:53:50 +0100] "POST /api/pro/myapp/myapp_request.txt HTTP/1.0" 200 371 "-" "okhttp/3.10.0"
129.205.113.136 - - [28/Mar/2020:15:53:52 +0100] "POST /api/pro/myapp/utility_list.json HTTP/1.0" 200 694 "-" "okhttp/3.10.0"
74.208.12.100 - - [28/Mar/2020:15:54:01 +0100] "GET /engine/emailque/scripts/delivery.php HTTP/1.0" 200 542 "-" "curl/7.29.0"
129.205.113.136 - - [28/Mar/2020:15:54:54 +0100] "POST /api/pro/myapp/myapp_request.json HTTP/1.0" 200 420 "-" "okhttp/3.10.0"
74.208.12.100 - - [28/Mar/2020:15:55:01 +0100] "GET /engine/emailque/scripts/delivery.php HTTP/1.0" 200 542 "-" "curl/7.29.0"
129.205.113.136 - - [28/Mar/2020:15:55:14 +0100] "POST /api/pro/myapp/myapp_request.json HTTP/1.0" 200 564 "-" "okhttp/3.10.0"
129.205.113.136 - - [28/Mar/2020:15:55:23 +0100] "POST /api/pro/myapp/myapp_request.txt HTTP/1.0" 200 371 "-" "okhttp/3.10.0"
129.205.113.136 - - [28/Mar/2020:15:55:24 +0100] "POST /api/pro/myapp/myapp_request.json HTTP/1.0" 200 703 "-" "okhttp/3.10.0"
74.208.12.100 - - [28/Mar/2020:15:56:01 +0100] "GET /engine/emailque/scripts/delivery.php HTTP/1.0" 200 542 "-" "curl/7.29.0"
74.208.12.100 - - [28/Mar/2020:15:57:01 +0100] "GET /engine/emailque/scripts/delivery.php HTTP/1.0" 200 542 "-" "curl/7.29.0"
74.208.12.100 - - [28/Mar/2020:15:58:02 +0100] "GET /engine/emailque/scripts/delivery.php HTTP/1.0" 200 542 "-" "curl/7.29.0"
74.208.12.100 - - [28/Mar/2020:15:59:01 +0100] "GET /engine/emailque/scripts/delivery.php HTTP/1.0" 200 542 "-" "curl/7.29.0"
74.208.12.100 - - [28/Mar/2020:16:00:01 +0100] "GET /engine/emailque/scripts/delivery.php HTTP/1.0" 200 542 "-" "curl/7.29.0"
74.208.12.100 - - [28/Mar/2020:16:01:01 +0100] "GET /engine/emailque/scripts/delivery.php HTTP/1.0" 200 542 "-" "curl/7.29.0"
197.210.70.66 - - [28/Mar/2020:16:01:51 +0100] "POST /api/pro/myapp/myapp_request.txt HTTP/1.0" 200 368 "-" "okhttp/3.10.0"
197.210.70.66 - - [28/Mar/2020:16:01:53 +0100] "POST /api/pro/myapp/myapp_request.txt HTTP/1.0" 200 368 "-" "okhttp/3.10.0"
197.210.70.66 - - [28/Mar/2020:16:02:01 +0100] "POST /api/pro/myapp/utility_list.json HTTP/1.0" 200 694 "-" "okhttp/3.10.0"
74.208.12.100 - - [28/Mar/2020:16:02:01 +0100] "GET /engine/emailque/scripts/delivery.php HTTP/1.0" 200 542 "-" "curl/7.29.0"
197.210.70.66 - - [28/Mar/2020:16:02:49 +0100] "POST /api/pro/myapp/myapp_request.txt HTTP/1.0" 200 368 "-" "okhttp/3.10.0"
197.210.70.66 - - [28/Mar/2020:16:02:53 +0100] "POST /api/pro/myapp/tv_list.json HTTP/1.0" 200 429 "-" "okhttp/3.10.0"
197.210.70.66 - - [28/Mar/2020:16:02:54 +0100] "POST /api/pro/myapp/banquet_list.json HTTP/1.0" 200 1021 "-" "okhttp/3.10.0"
74.208.12.100 - - [28/Mar/2020:16:03:01 +0100] "GET /engine/emailque/scripts/delivery.php HTTP/1.0" 200 542 "-" "curl/7.29.0"
74.208.12.100 - - [28/Mar/2020:16:04:01 +0100] "GET /engine/emailque/scripts/delivery.php HTTP/1.0" 200 542 "-" "curl/7.29.0"
74.208.12.100 - - [28/Mar/2020:16:05:01 +0100] "GET /engine/emailque/scripts/delivery.php HTTP/1.0" 200 542 "-" "curl/7.29.0"
74.208.12.100 - - [28/Mar/2020:16:06:01 +0100] "GET /engine/emailque/scripts/delivery.php HTTP/1.0" 200 542 "-" "curl/7.29.0"
74.208.12.100 - - [28/Mar/2020:16:07:01 +0100] "GET /engine/emailque/scripts/delivery.php HTTP/1.0" 200 542 "-" "curl/7.29.0"
74.208.12.100 - - [28/Mar/2020:16:08:01 +0100] "GET /engine/emailque/scripts/delivery.php HTTP/1.0" 200 542 "-" "curl/7.29.0"
74.208.12.100 - - [28/Mar/2020:16:09:01 +0100] "GET /engine/emailque/scripts/delivery.php HTTP/1.0" 200 542 "-" "curl/7.29.0"
74.208.12.100 - - [28/Mar/2020:16:10:01 +0100] "GET /engine/emailque/scripts/delivery.php HTTP/1.0" 200 542 "-" "curl/7.29.0"
