66.249.75.247 - - [28/Mar/2020:09:10:15 +0100] "GET / HTTP/1.0" 301 394 "-" "Mozilla/5.0 (Linux; Android 6.0.1; Nexus 5X Build/MMB29P) AppleWebKit/537.36 (KHTML, like Gecko) Chrome/41.0.2272.96 Mobile Safari/537.36 (compatible; Googlebot/2.1; +http://www.google.com/bot.html)"
74.208.12.100 - - [28/Mar/2020:09:11:01 +0100] "GET /engine/emailque/scripts/delivery.php HTTP/1.0" 200 542 "-" "curl/7.29.0"
74.208.12.100 - - [28/Mar/2020:09:12:01 +0100] "GET /engine/emailque/scripts/delivery.php HTTP/1.0" 200 542 "-" "curl/7.29.0"
74.208.12.100 - - [28/Mar/2020:09:13:01 +0100] "GET /engine/emailque/scripts/delivery.php HTTP/1.0" 200 542 "-" "curl/7.29.0"
74.208.12.100 - - [28/Mar/2020:09:14:01 +0100] "GET /engine/emailque/scripts/delivery.php HTTP/1.0" 200 542 "-" "curl/7.29.0"
74.208.12.100 - - [28/Mar/2020:09:15:01 +0100] "GET /engine/emailque/scripts/delivery.php HTTP/1.0" 200 542 "-" "curl/7.29.0"
74.208.12.100 - - [28/Mar/2020:09:16:01 +0100] "GET /engine/emailque/scripts/delivery.php HTTP/1.0" 200 542 "-" "curl/7.29.0"
74.208.12.100 - - [28/Mar/2020:09:17:01 +0100] "GET /engine/emailque/scripts/delivery.php HTTP/1.0" 200 542 "-" "curl/7.29.0"
74.208.12.100 - - [28/Mar/2020:09:18:01 +0100] "GET /engine/emailque/scripts/delivery.php HTTP/1.0" 200 542 "-" "curl/7.29.0"
74.208.12.100 - - [28/Mar/2020:09:19:01 +0100] "GET /engine/emailque/scripts/delivery.php HTTP/1.0" 200 542 "-" "curl/7.29.0"
74.208.12.100 - - [28/Mar/2020:09:20:01 +0100] "GET /engine/emailque/scripts/delivery.php HTTP/1.0" 200 542 "-" "curl/7.29.0"
74.208.12.100 - - [28/Mar/2020:09:21:01 +0100] "GET /engine/emailque/scripts/delivery.php HTTP/1.0" 200 542 "-" "curl/7.29.0"
74.208.12.100 - - [28/Mar/2020:09:22:01 +0100] "GET /engine/emailque/scripts/delivery.php HTTP/1.0" 200 542 "-" "curl/7.29.0"
74.208.12.100 - - [28/Mar/2020:09:23:01 +0100] "GET /engine/emailque/scripts/delivery.php HTTP/1.0" 200 542 "-" "curl/7.29.0"
74.208.12.100 - - [28/Mar/2020:09:24:01 +0100] "GET /engine/emailque/scripts/delivery.php HTTP/1.0" 200 542 "-" "curl/7.29.0"
74.208.12.100 - - [28/Mar/2020:09:25:01 +0100] "GET /engine/emailque/scripts/delivery.php HTTP/1.0" 200 542 "-" "curl/7.29.0"
74.208.12.100 - - [28/Mar/2020:09:26:01 +0100] "GET /engine/emailque/scripts/delivery.php HTTP/1.0" 200 542 "-" "curl/7.29.0"
74.208.12.100 - - [28/Mar/2020:09:27:01 +0100] "GET /engine/emailque/scripts/delivery.php HTTP/1.0" 200 542 "-" "curl/7.29.0"
74.208.12.100 - - [28/Mar/2020:09:28:01 +0100] "GET /engine/emailque/scripts/delivery.php HTTP/1.0" 200 542 "-" "curl/7.29.0"
74.208.12.100 - - [28/Mar/2020:09:29:01 +0100] "GET /engine/emailque/scripts/delivery.php HTTP/1.0" 200 542 "-" "curl/7.29.0"
74.208.12.100 - - [28/Mar/2020:09:30:01 +0100] "GET /engine/emailque/scripts/delivery.php HTTP/1.0" 200 542 "-" "curl/7.29.0"
74.208.12.100 - - [28/Mar/2020:09:31:01 +0100] "GET /engine/emailque/scripts/delivery.php HTTP/1.0" 200 542 "-" "curl/7.29.0"
74.208.12.100 - - [28/Mar/2020:09:32:01 +0100] "GET /engine/emailque/scripts/delivery.php HTTP/1.0" 200 542 "-" "curl/7.29.0"
103.233.122.48 - - [28/Mar/2020:09:32:43 +0100] "GET / HTTP/1.0" 301 393 "-" "Mozilla/5.0 (Windows NT 6.1; WOW64) AppleWebKit/537.36 (KHTML, like Gecko) Chrome/52.0.2743.116 Safari/537.36"
74.208.12.100 - - [28/Mar/2020:09:33:01 +0100] "GET /engine/emailque/scripts/delivery.php HTTP/1.0" 200 542 "-" "curl/7.29.0"
74.208.12.100 - - [28/Mar/2020:09:34:01 +0100] "GET /engine/emailque/scripts/delivery.php HTTP/1.0" 200 542 "-" "curl/7.29.0"
74.208.12.100 - - [28/Mar/2020:09:35:01 +0100] "GET /engine/emailque/scripts/delivery.php HTTP/1.0" 200 542 "-" "curl/7.29.0"
74.208.12.100 - - [28/Mar/2020:09:36:01 +0100] "GET /engine/emailque/scripts/delivery.php HTTP/1.0" 200 542 "-" "curl/7.29.0"
74.208.12.100 - - [28/Mar/2020:09:37:01 +0100] "GET /engine/emailque/scripts/delivery.php HTTP/1.0" 200 542 "-" "curl/7.29.0"
74.208.12.100 - - [28/Mar/2020:09:38:01 +0100] "GET /engine/emailque/scripts/delivery.php HTTP/1.0" 200 542 "-" "curl/7.29.0"
74.208.12.100 - - [28/Mar/2020:09:39:01 +0100] "GET /engine/emailque/scripts/delivery.php HTTP/1.0" 200 542 "-" "curl/7.29.0"
74.208.12.100 - - [28/Mar/2020:09:40:01 +0100] "GET /engine/emailque/scripts/delivery.php HTTP/1.0" 200 542 "-" "curl/7.29.0"
74.208.12.100 - - [28/Mar/2020:09:41:01 +0100] "GET /engine/emailque/scripts/delivery.php HTTP/1.0" 200 542 "-" "curl/7.29.0"
74.208.12.100 - - [28/Mar/2020:09:42:01 +0100] "GET /engine/emailque/scripts/delivery.php HTTP/1.0" 200 542 "-" "curl/7.29.0"
74.208.12.100 - - [28/Mar/2020:09:43:01 +0100] "GET /engine/emailque/scripts/delivery.php HTTP/1.0" 200 542 "-" "curl/7.29.0"
74.208.12.100 - - [28/Mar/2020:09:44:01 +0100] "GET /engine/emailque/scripts/delivery.php HTTP/1.0" 200 542 "-" "curl/7.29.0"
74.208.12.100 - - [28/Mar/2020:09:45:03 +0100] "GET /engine/emailque/scripts/delivery.php HTTP/1.0" 200 542 "-" "curl/7.29.0"
74.208.12.100 - - [28/Mar/2020:09:46:01 +0100] "GET /engine/emailque/scripts/delivery.php HTTP/1.0" 200 542 "-" "curl/7.29.0"
74.208.12.100 - - [28/Mar/2020:09:47:01 +0100] "GET /engine/emailque/scripts/delivery.php HTTP/1.0" 200 542 "-" "curl/7.29.0"
74.208.12.100 - - [28/Mar/2020:09:48:01 +0100] "GET /engine/emailque/scripts/delivery.php HTTP/1.0" 200 542 "-" "curl/7.29.0"
74.208.12.100 - - [28/Mar/2020:09:49:01 +0100] "GET /engine/emailque/scripts/delivery.php HTTP/1.0" 200 542 "-" "curl/7.29.0"
74.208.12.100 - - [28/Mar/2020:09:50:01 +0100] "GET /engine/emailque/scripts/delivery.php HTTP/1.0" 200 542 "-" "curl/7.29.0"
74.208.12.100 - - [28/Mar/2020:09:51:01 +0100] "GET /engine/emailque/scripts/delivery.php HTTP/1.0" 200 542 "-" "curl/7.29.0"
74.208.12.100 - - [28/Mar/2020:09:52:01 +0100] "GET /engine/emailque/scripts/delivery.php HTTP/1.0" 200 542 "-" "curl/7.29.0"
74.208.12.100 - - [28/Mar/2020:09:53:01 +0100] "GET /engine/emailque/scripts/delivery.php HTTP/1.0" 200 542 "-" "curl/7.29.0"
74.208.12.100 - - [28/Mar/2020:09:54:01 +0100] "GET /engine/emailque/scripts/delivery.php HTTP/1.0" 200 542 "-" "curl/7.29.0"
74.208.12.100 - - [28/Mar/2020:09:55:01 +0100] "GET /engine/emailque/scripts/delivery.php HTTP/1.0" 200 542 "-" "curl/7.29.0"
74.208.12.100 - - [28/Mar/2020:09:56:05 +0100] "GET /engine/emailque/scripts/delivery.php HTTP/1.0" 200 542 "-" "curl/7.29.0"
74.208.12.100 - - [28/Mar/2020:09:57:01 +0100] "GET /engine/emailque/scripts/delivery.php HTTP/1.0" 200 542 "-" "curl/7.29.0"
74.208.12.100 - - [28/Mar/2020:09:58:01 +0100] "GET /engine/emailque/scripts/delivery.php HTTP/1.0" 200 542 "-" "curl/7.29.0"
74.208.12.100 - - [28/Mar/2020:09:59:01 +0100] "GET /engine/emailque/scripts/delivery.php HTTP/1.0" 200 542 "-" "curl/7.29.0"
74.208.12.100 - - [28/Mar/2020:10:00:02 +0100] "GET /engine/emailque/scripts/delivery.php HTTP/1.0" 200 542 "-" "curl/7.29.0"
74.208.12.100 - - [28/Mar/2020:10:01:01 +0100] "GET /engine/emailque/scripts/delivery.php HTTP/1.0" 200 542 "-" "curl/7.29.0"
74.208.12.100 - - [28/Mar/2020:10:02:01 +0100] "GET /engine/emailque/scripts/delivery.php HTTP/1.0" 200 542 "-" "curl/7.29.0"
74.208.12.100 - - [28/Mar/2020:10:03:01 +0100] "GET /engine/emailque/scripts/delivery.php HTTP/1.0" 200 542 "-" "curl/7.29.0"
74.208.12.100 - - [28/Mar/2020:10:04:01 +0100] "GET /engine/emailque/scripts/delivery.php HTTP/1.0" 200 542 "-" "curl/7.29.0"
41.190.12.62 - - [28/Mar/2020:10:04:36 +0100] "POST /api/pro/myapp/myapp_request.txt HTTP/1.0" 200 369 "-" "okhttp/3.10.0"
41.190.12.62 - - [28/Mar/2020:10:04:37 +0100] "POST /api/pro/myapp/airtime_list.json HTTP/1.0" 200 459 "-" "okhttp/3.10.0"
74.208.12.100 - - [28/Mar/2020:10:05:01 +0100] "GET /engine/emailque/scripts/delivery.php HTTP/1.0" 200 542 "-" "curl/7.29.0"
74.208.12.100 - - [28/Mar/2020:10:06:01 +0100] "GET /engine/emailque/scripts/delivery.php HTTP/1.0" 200 542 "-" "curl/7.29.0"
41.190.12.62 - - [28/Mar/2020:10:06:23 +0100] "POST /api/pro/myapp/myapp_request.json HTTP/1.0" 200 492 "-" "okhttp/3.10.0"
41.190.12.62 - - [28/Mar/2020:10:06:25 +0100] "POST /api/pro/myapp/myapp_request.txt HTTP/1.0" 200 369 "-" "okhttp/3.10.0"
41.190.12.62 - - [28/Mar/2020:10:06:28 +0100] "POST /api/pro/myapp/myapp_request.json HTTP/1.0" 200 604 "-" "okhttp/3.10.0"
41.190.12.62 - - [28/Mar/2020:10:06:35 +0100] "POST /api/pro/myapp/myapp_request.txt HTTP/1.0" 200 369 "-" "okhttp/3.10.0"
74.208.12.100 - - [28/Mar/2020:10:07:01 +0100] "GET /engine/emailque/scripts/delivery.php HTTP/1.0" 200 542 "-" "curl/7.29.0"
74.208.12.100 - - [28/Mar/2020:10:08:01 +0100] "GET /engine/emailque/scripts/delivery.php HTTP/1.0" 200 542 "-" "curl/7.29.0"
74.208.12.100 - - [28/Mar/2020:10:09:01 +0100] "GET /engine/emailque/scripts/delivery.php HTTP/1.0" 200 542 "-" "curl/7.29.0"
74.208.12.100 - - [28/Mar/2020:10:10:01 +0100] "GET /engine/emailque/scripts/delivery.php HTTP/1.0" 200 542 "-" "curl/7.29.0"
74.208.12.100 - - [28/Mar/2020:10:11:01 +0100] "GET /engine/emailque/scripts/delivery.php HTTP/1.0" 200 542 "-" "curl/7.29.0"
74.208.12.100 - - [28/Mar/2020:10:12:01 +0100] "GET /engine/emailque/scripts/delivery.php HTTP/1.0" 200 542 "-" "curl/7.29.0"
74.208.12.100 - - [28/Mar/2020:10:13:01 +0100] "GET /engine/emailque/scripts/delivery.php HTTP/1.0" 200 542 "-" "curl/7.29.0"
74.208.12.100 - - [28/Mar/2020:10:14:02 +0100] "GET /engine/emailque/scripts/delivery.php HTTP/1.0" 200 542 "-" "curl/7.29.0"
74.208.12.100 - - [28/Mar/2020:10:15:01 +0100] "GET /engine/emailque/scripts/delivery.php HTTP/1.0" 200 542 "-" "curl/7.29.0"
74.208.12.100 - - [28/Mar/2020:10:16:01 +0100] "GET /engine/emailque/scripts/delivery.php HTTP/1.0" 200 542 "-" "curl/7.29.0"
74.208.12.100 - - [28/Mar/2020:10:17:01 +0100] "GET /engine/emailque/scripts/delivery.php HTTP/1.0" 200 542 "-" "curl/7.29.0"
74.208.12.100 - - [28/Mar/2020:10:18:01 +0100] "GET /engine/emailque/scripts/delivery.php HTTP/1.0" 200 542 "-" "curl/7.29.0"
207.46.13.179 - - [28/Mar/2020:10:18:36 +0100] "GET /robots.txt HTTP/1.0" 301 404 "-" "Mozilla/5.0 (compatible; bingbot/2.0; +http://www.bing.com/bingbot.htm)"
207.46.13.20 - - [28/Mar/2020:10:18:39 +0100] "GET / HTTP/1.0" 301 394 "-" "Mozilla/5.0 (compatible; bingbot/2.0; +http://www.bing.com/bingbot.htm)"
74.208.12.100 - - [28/Mar/2020:10:19:01 +0100] "GET /engine/emailque/scripts/delivery.php HTTP/1.0" 200 542 "-" "curl/7.29.0"
74.208.12.100 - - [28/Mar/2020:10:20:01 +0100] "GET /engine/emailque/scripts/delivery.php HTTP/1.0" 200 542 "-" "curl/7.29.0"
74.208.12.100 - - [28/Mar/2020:10:21:02 +0100] "GET /engine/emailque/scripts/delivery.php HTTP/1.0" 200 542 "-" "curl/7.29.0"
74.208.12.100 - - [28/Mar/2020:10:22:01 +0100] "GET /engine/emailque/scripts/delivery.php HTTP/1.0" 200 542 "-" "curl/7.29.0"
74.208.12.100 - - [28/Mar/2020:10:23:02 +0100] "GET /engine/emailque/scripts/delivery.php HTTP/1.0" 200 542 "-" "curl/7.29.0"
74.208.12.100 - - [28/Mar/2020:10:24:01 +0100] "GET /engine/emailque/scripts/delivery.php HTTP/1.0" 200 542 "-" "curl/7.29.0"
74.208.12.100 - - [28/Mar/2020:10:25:01 +0100] "GET /engine/emailque/scripts/delivery.php HTTP/1.0" 200 542 "-" "curl/7.29.0"
74.208.12.100 - - [28/Mar/2020:10:26:02 +0100] "GET /engine/emailque/scripts/delivery.php HTTP/1.0" 200 542 "-" "curl/7.29.0"
74.208.12.100 - - [28/Mar/2020:10:27:01 +0100] "GET /engine/emailque/scripts/delivery.php HTTP/1.0" 200 542 "-" "curl/7.29.0"
74.208.12.100 - - [28/Mar/2020:10:28:01 +0100] "GET /engine/emailque/scripts/delivery.php HTTP/1.0" 200 542 "-" "curl/7.29.0"
74.208.12.100 - - [28/Mar/2020:10:29:01 +0100] "GET /engine/emailque/scripts/delivery.php HTTP/1.0" 200 542 "-" "curl/7.29.0"
74.208.12.100 - - [28/Mar/2020:10:30:01 +0100] "GET /engine/emailque/scripts/delivery.php HTTP/1.0" 200 542 "-" "curl/7.29.0"
74.208.12.100 - - [28/Mar/2020:10:31:01 +0100] "GET /engine/emailque/scripts/delivery.php HTTP/1.0" 200 542 "-" "curl/7.29.0"
74.208.12.100 - - [28/Mar/2020:10:32:01 +0100] "GET /engine/emailque/scripts/delivery.php HTTP/1.0" 200 542 "-" "curl/7.29.0"
74.208.12.100 - - [28/Mar/2020:10:33:01 +0100] "GET /engine/emailque/scripts/delivery.php HTTP/1.0" 200 542 "-" "curl/7.29.0"
74.208.12.100 - - [28/Mar/2020:10:34:01 +0100] "GET /engine/emailque/scripts/delivery.php HTTP/1.0" 200 542 "-" "curl/7.29.0"
74.208.12.100 - - [28/Mar/2020:10:35:01 +0100] "GET /engine/emailque/scripts/delivery.php HTTP/1.0" 200 542 "-" "curl/7.29.0"
74.208.12.100 - - [28/Mar/2020:10:36:01 +0100] "GET /engine/emailque/scripts/delivery.php HTTP/1.0" 200 542 "-" "curl/7.29.0"
74.208.12.100 - - [28/Mar/2020:10:37:01 +0100] "GET /engine/emailque/scripts/delivery.php HTTP/1.0" 200 542 "-" "curl/7.29.0"
74.208.12.100 - - [28/Mar/2020:10:38:01 +0100] "POST /ip.php?enter=abatiolayinka81@yahoo.com HTTP/1.0" 301 438 "-" "-"
74.208.12.100 - - [28/Mar/2020:10:38:01 +0100] "GET /engine/emailque/scripts/delivery.php HTTP/1.0" 200 542 "-" "curl/7.29.0"
171.67.70.85 - - [28/Mar/2020:10:38:10 +0100] "GET / HTTP/1.0" 301 393 "-" "Mozilla/5.0 zgrab/0.x"
74.208.12.100 - - [28/Mar/2020:10:39:01 +0100] "GET /engine/emailque/scripts/delivery.php HTTP/1.0" 200 542 "-" "curl/7.29.0"
74.208.12.100 - - [28/Mar/2020:10:40:01 +0100] "GET /engine/emailque/scripts/delivery.php HTTP/1.0" 200 542 "-" "curl/7.29.0"
74.208.12.100 - - [28/Mar/2020:10:41:01 +0100] "GET /engine/emailque/scripts/delivery.php HTTP/1.0" 200 542 "-" "curl/7.29.0"
74.208.12.100 - - [28/Mar/2020:10:42:01 +0100] "GET /engine/emailque/scripts/delivery.php HTTP/1.0" 200 542 "-" "curl/7.29.0"
74.208.12.100 - - [28/Mar/2020:10:43:01 +0100] "GET /engine/emailque/scripts/delivery.php HTTP/1.0" 200 542 "-" "curl/7.29.0"
74.208.12.100 - - [28/Mar/2020:10:44:01 +0100] "GET /engine/emailque/scripts/delivery.php HTTP/1.0" 200 542 "-" "curl/7.29.0"
66.249.75.16 - - [28/Mar/2020:10:44:48 +0100] "GET /robots.txt HTTP/1.0" 301 407 "-" "Mozilla/5.0 (compatible; Googlebot/2.1; +http://www.google.com/bot.html)"
66.249.75.15 - - [28/Mar/2020:10:44:48 +0100] "GET / HTTP/1.0" 301 397 "-" "Mozilla/5.0 (Linux; Android 6.0.1; Nexus 5X Build/MMB29P) AppleWebKit/537.36 (KHTML, like Gecko) Chrome/41.0.2272.96 Mobile Safari/537.36 (compatible; Googlebot/2.1; +http://www.google.com/bot.html)"
74.208.12.100 - - [28/Mar/2020:10:45:01 +0100] "GET /engine/emailque/scripts/delivery.php HTTP/1.0" 200 542 "-" "curl/7.29.0"
74.208.12.100 - - [28/Mar/2020:10:46:01 +0100] "GET /engine/emailque/scripts/delivery.php HTTP/1.0" 200 542 "-" "curl/7.29.0"
74.208.12.100 - - [28/Mar/2020:10:47:01 +0100] "GET /engine/emailque/scripts/delivery.php HTTP/1.0" 200 542 "-" "curl/7.29.0"
74.208.12.100 - - [28/Mar/2020:10:48:01 +0100] "GET /engine/emailque/scripts/delivery.php HTTP/1.0" 200 542 "-" "curl/7.29.0"
74.208.12.100 - - [28/Mar/2020:10:49:01 +0100] "GET /engine/emailque/scripts/delivery.php HTTP/1.0" 200 542 "-" "curl/7.29.0"
74.208.12.100 - - [28/Mar/2020:10:50:01 +0100] "GET /engine/emailque/scripts/delivery.php HTTP/1.0" 200 542 "-" "curl/7.29.0"
74.208.12.100 - - [28/Mar/2020:10:51:01 +0100] "GET /engine/emailque/scripts/delivery.php HTTP/1.0" 200 542 "-" "curl/7.29.0"
74.208.12.100 - - [28/Mar/2020:10:52:01 +0100] "GET /engine/emailque/scripts/delivery.php HTTP/1.0" 200 542 "-" "curl/7.29.0"
66.249.69.242 - - [28/Mar/2020:10:52:38 +0100] "GET /robots.txt HTTP/1.0" 301 408 "-" "Mozilla/5.0 (compatible; Googlebot/2.1; +http://www.google.com/bot.html)"
66.249.69.240 - - [28/Mar/2020:10:52:39 +0100] "GET / HTTP/1.0" 301 398 "-" "Mozilla/5.0 (Linux; Android 6.0.1; Nexus 5X Build/MMB29P) AppleWebKit/537.36 (KHTML, like Gecko) Chrome/41.0.2272.96 Mobile Safari/537.36 (compatible; Googlebot/2.1; +http://www.google.com/bot.html)"
74.208.12.100 - - [28/Mar/2020:10:53:01 +0100] "GET /engine/emailque/scripts/delivery.php HTTP/1.0" 200 542 "-" "curl/7.29.0"
74.208.12.100 - - [28/Mar/2020:10:54:01 +0100] "GET /engine/emailque/scripts/delivery.php HTTP/1.0" 200 697 "-" "curl/7.29.0"
66.249.75.216 - - [28/Mar/2020:10:54:24 +0100] "GET /robots.txt HTTP/1.0" 301 412 "-" "Mozilla/5.0 (compatible; Googlebot/2.1; +http://www.google.com/bot.html)"
66.249.75.218 - - [28/Mar/2020:10:54:24 +0100] "GET / HTTP/1.0" 301 402 "-" "Mozilla/5.0 (Linux; Android 6.0.1; Nexus 5X Build/MMB29P) AppleWebKit/537.36 (KHTML, like Gecko) Chrome/41.0.2272.96 Mobile Safari/537.36 (compatible; Googlebot/2.1; +http://www.google.com/bot.html)"
74.208.12.100 - - [28/Mar/2020:10:55:02 +0100] "GET /engine/emailque/scripts/delivery.php HTTP/1.0" 200 542 "-" "curl/7.29.0"
74.208.12.100 - - [28/Mar/2020:10:56:01 +0100] "GET /engine/emailque/scripts/delivery.php HTTP/1.0" 200 542 "-" "curl/7.29.0"
74.208.12.100 - - [28/Mar/2020:10:57:01 +0100] "GET /engine/emailque/scripts/delivery.php HTTP/1.0" 200 542 "-" "curl/7.29.0"
35.164.238.35 - - [28/Mar/2020:10:57:57 +0100] "GET / HTTP/1.0" 301 398 "-" "Mozilla/5.0 (Windows NT 10.0; Win64; x64)AppleWebKit/537.36 (KHTML, like Gecko) Chrome/66.0.3359.181 Safari/537.36"
74.208.12.100 - - [28/Mar/2020:10:58:01 +0100] "GET /engine/emailque/scripts/delivery.php HTTP/1.0" 200 542 "-" "curl/7.29.0"
74.208.12.100 - - [28/Mar/2020:10:59:01 +0100] "GET /engine/emailque/scripts/delivery.php HTTP/1.0" 200 542 "-" "curl/7.29.0"
74.208.12.100 - - [28/Mar/2020:11:00:01 +0100] "GET /engine/emailque/scripts/delivery.php HTTP/1.0" 200 542 "-" "curl/7.29.0"
74.208.12.100 - - [28/Mar/2020:11:01:01 +0100] "GET /engine/emailque/scripts/delivery.php HTTP/1.0" 200 542 "-" "curl/7.29.0"
74.208.12.100 - - [28/Mar/2020:11:02:01 +0100] "GET /engine/emailque/scripts/delivery.php HTTP/1.0" 200 542 "-" "curl/7.29.0"
74.208.12.100 - - [28/Mar/2020:11:03:01 +0100] "GET /engine/emailque/scripts/delivery.php HTTP/1.0" 200 542 "-" "curl/7.29.0"
74.208.12.100 - - [28/Mar/2020:11:04:01 +0100] "GET /engine/emailque/scripts/delivery.php HTTP/1.0" 200 542 "-" "curl/7.29.0"
74.208.12.100 - - [28/Mar/2020:11:05:01 +0100] "GET /engine/emailque/scripts/delivery.php HTTP/1.0" 200 542 "-" "curl/7.29.0"
66.249.69.242 - - [28/Mar/2020:11:05:50 +0100] "GET / HTTP/1.0" 301 398 "-" "Mozilla/5.0 (compatible; Googlebot/2.1; +http://www.google.com/bot.html)"
74.208.12.100 - - [28/Mar/2020:11:06:01 +0100] "GET /engine/emailque/scripts/delivery.php HTTP/1.0" 200 542 "-" "curl/7.29.0"
74.208.12.100 - - [28/Mar/2020:11:07:01 +0100] "GET /engine/emailque/scripts/delivery.php HTTP/1.0" 200 542 "-" "curl/7.29.0"
74.208.12.100 - - [28/Mar/2020:11:08:01 +0100] "GET /engine/emailque/scripts/delivery.php HTTP/1.0" 200 542 "-" "curl/7.29.0"
74.208.12.100 - - [28/Mar/2020:11:09:03 +0100] "GET /engine/emailque/scripts/delivery.php HTTP/1.0" 200 542 "-" "curl/7.29.0"
74.208.12.100 - - [28/Mar/2020:11:10:01 +0100] "GET /engine/emailque/scripts/delivery.php HTTP/1.0" 200 542 "-" "curl/7.29.0"
74.208.12.100 - - [28/Mar/2020:11:11:01 +0100] "GET /engine/emailque/scripts/delivery.php HTTP/1.0" 200 542 "-" "curl/7.29.0"
74.208.12.100 - - [28/Mar/2020:11:12:01 +0100] "GET /engine/emailque/scripts/delivery.php HTTP/1.0" 200 542 "-" "curl/7.29.0"
74.208.12.100 - - [28/Mar/2020:11:13:01 +0100] "GET /engine/emailque/scripts/delivery.php HTTP/1.0" 200 542 "-" "curl/7.29.0"
74.208.12.100 - - [28/Mar/2020:11:14:01 +0100] "GET /engine/emailque/scripts/delivery.php HTTP/1.0" 200 542 "-" "curl/7.29.0"
74.208.12.100 - - [28/Mar/2020:11:15:01 +0100] "GET /engine/emailque/scripts/delivery.php HTTP/1.0" 200 542 "-" "curl/7.29.0"
74.208.12.100 - - [28/Mar/2020:11:16:01 +0100] "GET /engine/emailque/scripts/delivery.php HTTP/1.0" 200 542 "-" "curl/7.29.0"
74.208.12.100 - - [28/Mar/2020:11:17:01 +0100] "GET /engine/emailque/scripts/delivery.php HTTP/1.0" 200 542 "-" "curl/7.29.0"
74.208.12.100 - - [28/Mar/2020:11:18:01 +0100] "GET /engine/emailque/scripts/delivery.php HTTP/1.0" 200 542 "-" "curl/7.29.0"
74.208.12.100 - - [28/Mar/2020:11:19:01 +0100] "GET /engine/emailque/scripts/delivery.php HTTP/1.0" 200 542 "-" "curl/7.29.0"
74.208.12.100 - - [28/Mar/2020:11:20:01 +0100] "GET /engine/emailque/scripts/delivery.php HTTP/1.0" 200 542 "-" "curl/7.29.0"
74.208.12.100 - - [28/Mar/2020:11:21:01 +0100] "GET /engine/emailque/scripts/delivery.php HTTP/1.0" 200 542 "-" "curl/7.29.0"
197.211.57.247 - - [28/Mar/2020:11:21:29 +0100] "GET / HTTP/1.0" 301 402 "-" "android"
74.208.12.100 - - [28/Mar/2020:11:22:01 +0100] "GET /engine/emailque/scripts/delivery.php HTTP/1.0" 200 542 "-" "curl/7.29.0"
74.208.12.100 - - [28/Mar/2020:11:23:01 +0100] "GET /engine/emailque/scripts/delivery.php HTTP/1.0" 200 542 "-" "curl/7.29.0"
74.208.12.100 - - [28/Mar/2020:11:24:01 +0100] "GET /engine/emailque/scripts/delivery.php HTTP/1.0" 200 542 "-" "curl/7.29.0"
74.208.12.100 - - [28/Mar/2020:11:25:01 +0100] "GET /engine/emailque/scripts/delivery.php HTTP/1.0" 200 542 "-" "curl/7.29.0"
74.208.12.100 - - [28/Mar/2020:11:26:01 +0100] "GET /engine/emailque/scripts/delivery.php HTTP/1.0" 200 542 "-" "curl/7.29.0"
74.208.12.100 - - [28/Mar/2020:11:27:01 +0100] "GET /engine/emailque/scripts/delivery.php HTTP/1.0" 200 542 "-" "curl/7.29.0"
74.208.12.100 - - [28/Mar/2020:11:28:01 +0100] "GET /engine/emailque/scripts/delivery.php HTTP/1.0" 200 542 "-" "curl/7.29.0"
129.205.113.136 - - [28/Mar/2020:11:28:40 +0100] "POST /api/pro/myapp/myapp_request.txt HTTP/1.0" 200 371 "-" "okhttp/3.10.0"
129.205.113.136 - - [28/Mar/2020:11:28:40 +0100] "POST /api/pro/myapp/myapp_request.txt HTTP/1.0" 200 371 "-" "okhttp/3.10.0"
74.208.12.100 - - [28/Mar/2020:11:29:01 +0100] "GET /engine/emailque/scripts/delivery.php HTTP/1.0" 200 542 "-" "curl/7.29.0"
129.205.113.136 - - [28/Mar/2020:11:29:04 +0100] "POST /api/pro/myapp/airtime_list.json HTTP/1.0" 200 459 "-" "okhttp/3.10.0"
129.205.113.136 - - [28/Mar/2020:11:29:31 +0100] "POST /api/pro/myapp/myapp_request.json HTTP/1.0" 200 494 "-" "okhttp/3.10.0"
129.205.113.136 - - [28/Mar/2020:11:29:40 +0100] "POST /api/pro/myapp/myapp_request.txt HTTP/1.0" 200 371 "-" "okhttp/3.10.0"
129.205.113.136 - - [28/Mar/2020:11:29:42 +0100] "POST /api/pro/myapp/myapp_request.json HTTP/1.0" 200 602 "-" "okhttp/3.10.0"
74.208.12.100 - - [28/Mar/2020:11:30:01 +0100] "GET /engine/emailque/scripts/delivery.php HTTP/1.0" 200 542 "-" "curl/7.29.0"
74.208.12.100 - - [28/Mar/2020:11:31:01 +0100] "GET /engine/emailque/scripts/delivery.php HTTP/1.0" 200 542 "-" "curl/7.29.0"
74.208.12.100 - - [28/Mar/2020:11:32:01 +0100] "GET /engine/emailque/scripts/delivery.php HTTP/1.0" 200 542 "-" "curl/7.29.0"
74.208.12.100 - - [28/Mar/2020:11:33:01 +0100] "GET /engine/emailque/scripts/delivery.php HTTP/1.0" 200 542 "-" "curl/7.29.0"
74.208.12.100 - - [28/Mar/2020:11:34:01 +0100] "GET /engine/emailque/scripts/delivery.php HTTP/1.0" 200 542 "-" "curl/7.29.0"
74.208.12.100 - - [28/Mar/2020:11:35:01 +0100] "GET /engine/emailque/scripts/delivery.php HTTP/1.0" 200 542 "-" "curl/7.29.0"
74.208.12.100 - - [28/Mar/2020:11:36:01 +0100] "GET /engine/emailque/scripts/delivery.php HTTP/1.0" 200 542 "-" "curl/7.29.0"
74.208.12.100 - - [28/Mar/2020:11:37:01 +0100] "GET /engine/emailque/scripts/delivery.php HTTP/1.0" 200 542 "-" "curl/7.29.0"
74.208.12.100 - - [28/Mar/2020:11:38:01 +0100] "GET /engine/emailque/scripts/delivery.php HTTP/1.0" 200 542 "-" "curl/7.29.0"
74.208.12.100 - - [28/Mar/2020:11:39:01 +0100] "GET /engine/emailque/scripts/delivery.php HTTP/1.0" 200 542 "-" "curl/7.29.0"
74.208.12.100 - - [28/Mar/2020:11:40:01 +0100] "GET /engine/emailque/scripts/delivery.php HTTP/1.0" 200 542 "-" "curl/7.29.0"
74.208.12.100 - - [28/Mar/2020:11:41:01 +0100] "GET /engine/emailque/scripts/delivery.php HTTP/1.0" 200 542 "-" "curl/7.29.0"
74.208.12.100 - - [28/Mar/2020:11:42:01 +0100] "GET /engine/emailque/scripts/delivery.php HTTP/1.0" 200 542 "-" "curl/7.29.0"
74.208.12.100 - - [28/Mar/2020:11:43:01 +0100] "GET /engine/emailque/scripts/delivery.php HTTP/1.0" 200 542 "-" "curl/7.29.0"
197.210.70.163 - - [28/Mar/2020:11:43:49 +0100] "POST /api/pro/myapp/myapp_request.txt HTTP/1.0" 200 368 "-" "okhttp/3.10.0"
197.210.70.163 - - [28/Mar/2020:11:43:50 +0100] "POST /api/pro/myapp/myapp_request.txt HTTP/1.0" 200 368 "-" "okhttp/3.10.0"
197.210.70.163 - - [28/Mar/2020:11:43:51 +0100] "POST /api/pro/myapp/myapp_request.txt HTTP/1.0" 200 1390 "-" "okhttp/3.10.0"
197.210.70.25 - - [28/Mar/2020:11:43:52 +0100] "GET /theme/classic/icons/27.jpg HTTP/1.0" 200 237 "-" "Dalvik/2.1.0 (Linux; U; Android 8.0.0; SM-G935T Build/R16NW)"
197.210.70.7 - - [28/Mar/2020:11:43:52 +0100] "GET /theme/classic/icons/20.jpg HTTP/1.0" 200 237 "-" "Dalvik/2.1.0 (Linux; U; Android 8.0.0; SM-G935T Build/R16NW)"
197.210.70.237 - - [28/Mar/2020:11:43:53 +0100] "GET /theme/classic/icons/14.jpg HTTP/1.0" 200 237 "-" "Dalvik/2.1.0 (Linux; U; Android 8.0.0; SM-G935T Build/R16NW)"
197.210.70.237 - - [28/Mar/2020:11:43:53 +0100] "GET /theme/classic/icons/2.jpg HTTP/1.0" 200 236 "-" "Dalvik/2.1.0 (Linux; U; Android 8.0.0; SM-G935T Build/R16NW)"
197.210.70.127 - - [28/Mar/2020:11:43:54 +0100] "GET /theme/classic/icons/.jpg HTTP/1.0" 301 422 "-" "Dalvik/2.1.0 (Linux; U; Android 8.0.0; SM-G935T Build/R16NW)"
197.210.70.237 - - [28/Mar/2020:11:43:54 +0100] "GET /theme/classic/icons/.jpg HTTP/1.0" 301 422 "-" "Dalvik/2.1.0 (Linux; U; Android 8.0.0; SM-G935T Build/R16NW)"
197.210.70.181 - - [28/Mar/2020:11:43:54 +0100] "GET /theme/classic/icons/28.jpg HTTP/1.0" 200 237 "-" "Dalvik/2.1.0 (Linux; U; Android 8.0.0; SM-G935T Build/R16NW)"
197.210.70.59 - - [28/Mar/2020:11:43:54 +0100] "GET /theme/classic/icons/.jpg HTTP/1.0" 301 422 "-" "Dalvik/2.1.0 (Linux; U; Android 8.0.0; SM-G935T Build/R16NW)"
197.210.70.223 - - [28/Mar/2020:11:43:54 +0100] "GET /theme/classic/icons/.jpg HTTP/1.0" 301 422 "-" "Dalvik/2.1.0 (Linux; U; Android 8.0.0; SM-G935T Build/R16NW)"
197.210.70.163 - - [28/Mar/2020:11:43:58 +0100] "POST /api/pro/myapp/myapp_request.txt HTTP/1.0" 200 1358 "-" "okhttp/3.10.0"
197.210.70.59 - - [28/Mar/2020:11:44:01 +0100] "GET /theme/classic/icons/.jpg HTTP/1.0" 301 422 "-" "Dalvik/2.1.0 (Linux; U; Android 8.0.0; SM-G935T Build/R16NW)"
74.208.12.100 - - [28/Mar/2020:11:44:01 +0100] "GET /engine/emailque/scripts/delivery.php HTTP/1.0" 200 542 "-" "curl/7.29.0"
197.210.70.59 - - [28/Mar/2020:11:44:02 +0100] "GET /theme/classic/icons/.jpg HTTP/1.0" 301 422 "-" "Dalvik/2.1.0 (Linux; U; Android 8.0.0; SM-G935T Build/R16NW)"
197.210.70.127 - - [28/Mar/2020:11:44:02 +0100] "GET /theme/classic/icons/.jpg HTTP/1.0" 301 422 "-" "Dalvik/2.1.0 (Linux; U; Android 8.0.0; SM-G935T Build/R16NW)"
197.210.70.231 - - [28/Mar/2020:11:44:02 +0100] "GET /theme/classic/icons/.jpg HTTP/1.0" 301 422 "-" "Dalvik/2.1.0 (Linux; U; Android 8.0.0; SM-G935T Build/R16NW)"
197.210.70.59 - - [28/Mar/2020:11:44:02 +0100] "GET /theme/classic/icons/.jpg HTTP/1.0" 301 422 "-" "Dalvik/2.1.0 (Linux; U; Android 8.0.0; SM-G935T Build/R16NW)"
197.210.71.123 - - [28/Mar/2020:11:44:02 +0100] "GET /theme/classic/icons/.jpg HTTP/1.0" 301 422 "-" "Dalvik/2.1.0 (Linux; U; Android 8.0.0; SM-G935T Build/R16NW)"
197.210.70.59 - - [28/Mar/2020:11:44:02 +0100] "GET /theme/classic/icons/.jpg HTTP/1.0" 301 422 "-" "Dalvik/2.1.0 (Linux; U; Android 8.0.0; SM-G935T Build/R16NW)"
197.210.70.231 - - [28/Mar/2020:11:44:02 +0100] "GET /theme/classic/icons/.jpg HTTP/1.0" 301 422 "-" "Dalvik/2.1.0 (Linux; U; Android 8.0.0; SM-G935T Build/R16NW)"
197.210.70.59 - - [28/Mar/2020:11:44:03 +0100] "GET /theme/classic/icons/.jpg HTTP/1.0" 301 422 "-" "Dalvik/2.1.0 (Linux; U; Android 8.0.0; SM-G935T Build/R16NW)"
197.210.70.75 - - [28/Mar/2020:11:44:03 +0100] "GET /theme/classic/icons/.jpg HTTP/1.0" 301 422 "-" "Dalvik/2.1.0 (Linux; U; Android 8.0.0; SM-G935T Build/R16NW)"
197.210.70.197 - - [28/Mar/2020:11:44:02 +0100] "GET /theme/classic/icons/.jpg HTTP/1.0" 301 422 "-" "Dalvik/2.1.0 (Linux; U; Android 8.0.0; SM-G935T Build/R16NW)"
197.210.70.163 - - [28/Mar/2020:11:44:03 +0100] "POST /api/pro/myapp/myapp_request.txt HTTP/1.0" 200 941 "-" "okhttp/3.10.0"
197.210.70.59 - - [28/Mar/2020:11:44:04 +0100] "GET /theme/classic/icons/.jpg HTTP/1.0" 301 422 "-" "Dalvik/2.1.0 (Linux; U; Android 8.0.0; SM-G935T Build/R16NW)"
197.210.70.197 - - [28/Mar/2020:11:44:04 +0100] "GET /theme/classic/icons/.jpg HTTP/1.0" 301 422 "-" "Dalvik/2.1.0 (Linux; U; Android 8.0.0; SM-G935T Build/R16NW)"
197.210.70.231 - - [28/Mar/2020:11:44:04 +0100] "GET /theme/classic/icons/.jpg HTTP/1.0" 301 422 "-" "Dalvik/2.1.0 (Linux; U; Android 8.0.0; SM-G935T Build/R16NW)"
197.210.71.123 - - [28/Mar/2020:11:44:04 +0100] "GET /theme/classic/icons/14.jpg HTTP/1.0" 200 237 "-" "Dalvik/2.1.0 (Linux; U; Android 8.0.0; SM-G935T Build/R16NW)"
197.210.70.75 - - [28/Mar/2020:11:44:04 +0100] "GET /theme/classic/icons/.jpg HTTP/1.0" 301 422 "-" "Dalvik/2.1.0 (Linux; U; Android 8.0.0; SM-G935T Build/R16NW)"
197.210.70.59 - - [28/Mar/2020:11:44:04 +0100] "GET /theme/classic/icons/2.jpg HTTP/1.0" 200 236 "-" "Dalvik/2.1.0 (Linux; U; Android 8.0.0; SM-G935T Build/R16NW)"
197.210.70.231 - - [28/Mar/2020:11:44:04 +0100] "GET /theme/classic/icons/20.jpg HTTP/1.0" 200 237 "-" "Dalvik/2.1.0 (Linux; U; Android 8.0.0; SM-G935T Build/R16NW)"
197.210.70.197 - - [28/Mar/2020:11:44:04 +0100] "GET /theme/classic/icons/.jpg HTTP/1.0" 301 422 "-" "Dalvik/2.1.0 (Linux; U; Android 8.0.0; SM-G935T Build/R16NW)"
197.210.70.197 - - [28/Mar/2020:11:44:08 +0100] "GET /theme/classic/icons/.jpg HTTP/1.0" 301 422 "-" "Dalvik/2.1.0 (Linux; U; Android 8.0.0; SM-G935T Build/R16NW)"
197.210.70.163 - - [28/Mar/2020:11:44:55 +0100] "POST /api/pro/myapp/myapp_request.txt HTTP/1.0" 200 1390 "-" "okhttp/3.10.0"
197.210.70.33 - - [28/Mar/2020:11:44:57 +0100] "GET /theme/classic/icons/27.jpg HTTP/1.0" 200 237 "-" "Dalvik/2.1.0 (Linux; U; Android 8.0.0; SM-G935T Build/R16NW)"
197.210.71.219 - - [28/Mar/2020:11:44:57 +0100] "GET /theme/classic/icons/.jpg HTTP/1.0" 301 422 "-" "Dalvik/2.1.0 (Linux; U; Android 8.0.0; SM-G935T Build/R16NW)"
197.210.70.75 - - [28/Mar/2020:11:44:57 +0100] "GET /theme/classic/icons/.jpg HTTP/1.0" 301 422 "-" "Dalvik/2.1.0 (Linux; U; Android 8.0.0; SM-G935T Build/R16NW)"
197.210.70.93 - - [28/Mar/2020:11:44:57 +0100] "GET /theme/classic/icons/28.jpg HTTP/1.0" 200 237 "-" "Dalvik/2.1.0 (Linux; U; Android 8.0.0; SM-G935T Build/R16NW)"
197.210.70.129 - - [28/Mar/2020:11:44:57 +0100] "GET /theme/classic/icons/.jpg HTTP/1.0" 301 422 "-" "Dalvik/2.1.0 (Linux; U; Android 8.0.0; SM-G935T Build/R16NW)"
197.210.70.169 - - [28/Mar/2020:11:44:57 +0100] "GET /theme/classic/icons/.jpg HTTP/1.0" 301 422 "-" "Dalvik/2.1.0 (Linux; U; Android 8.0.0; SM-G935T Build/R16NW)"
197.210.70.163 - - [28/Mar/2020:11:44:58 +0100] "POST /api/pro/myapp/myapp_request.txt HTTP/1.0" 200 1358 "-" "okhttp/3.10.0"
197.210.70.129 - - [28/Mar/2020:11:44:59 +0100] "GET /theme/classic/icons/.jpg HTTP/1.0" 301 422 "-" "Dalvik/2.1.0 (Linux; U; Android 8.0.0; SM-G935T Build/R16NW)"
197.210.70.33 - - [28/Mar/2020:11:44:59 +0100] "GET /theme/classic/icons/.jpg HTTP/1.0" 301 422 "-" "Dalvik/2.1.0 (Linux; U; Android 8.0.0; SM-G935T Build/R16NW)"
197.210.70.129 - - [28/Mar/2020:11:44:59 +0100] "GET /theme/classic/icons/.jpg HTTP/1.0" 301 422 "-" "Dalvik/2.1.0 (Linux; U; Android 8.0.0; SM-G935T Build/R16NW)"
197.210.70.127 - - [28/Mar/2020:11:44:59 +0100] "GET /theme/classic/icons/.jpg HTTP/1.0" 301 422 "-" "Dalvik/2.1.0 (Linux; U; Android 8.0.0; SM-G935T Build/R16NW)"
197.210.70.101 - - [28/Mar/2020:11:44:59 +0100] "GET /theme/classic/icons/.jpg HTTP/1.0" 301 422 "-" "Dalvik/2.1.0 (Linux; U; Android 8.0.0; SM-G935T Build/R16NW)"
197.210.70.231 - - [28/Mar/2020:11:44:59 +0100] "GET /theme/classic/icons/.jpg HTTP/1.0" 301 422 "-" "Dalvik/2.1.0 (Linux; U; Android 8.0.0; SM-G935T Build/R16NW)"
74.208.12.100 - - [28/Mar/2020:11:45:01 +0100] "GET /engine/emailque/scripts/delivery.php HTTP/1.0" 200 542 "-" "curl/7.29.0"
197.210.70.129 - - [28/Mar/2020:11:45:19 +0100] "GET /theme/classic/icons/.jpg HTTP/1.0" 301 422 "-" "Dalvik/2.1.0 (Linux; U; Android 8.0.0; SM-G935T Build/R16NW)"
197.210.70.33 - - [28/Mar/2020:11:45:19 +0100] "GET /theme/classic/icons/.jpg HTTP/1.0" 301 422 "-" "Dalvik/2.1.0 (Linux; U; Android 8.0.0; SM-G935T Build/R16NW)"
197.210.70.101 - - [28/Mar/2020:11:45:19 +0100] "GET /theme/classic/icons/.jpg HTTP/1.0" 301 422 "-" "Dalvik/2.1.0 (Linux; U; Android 8.0.0; SM-G935T Build/R16NW)"
197.210.70.231 - - [28/Mar/2020:11:45:19 +0100] "GET /theme/classic/icons/.jpg HTTP/1.0" 301 422 "-" "Dalvik/2.1.0 (Linux; U; Android 8.0.0; SM-G935T Build/R16NW)"
197.210.70.163 - - [28/Mar/2020:11:45:20 +0100] "POST /api/pro/myapp/myapp_request.txt HTTP/1.0" 200 941 "-" "okhttp/3.10.0"
197.210.70.231 - - [28/Mar/2020:11:45:24 +0100] "GET /theme/classic/icons/.jpg HTTP/1.0" 301 422 "-" "Dalvik/2.1.0 (Linux; U; Android 8.0.0; SM-G935T Build/R16NW)"
197.210.70.129 - - [28/Mar/2020:11:45:24 +0100] "GET /theme/classic/icons/.jpg HTTP/1.0" 301 422 "-" "Dalvik/2.1.0 (Linux; U; Android 8.0.0; SM-G935T Build/R16NW)"
197.210.70.33 - - [28/Mar/2020:11:45:24 +0100] "GET /theme/classic/icons/.jpg HTTP/1.0" 301 422 "-" "Dalvik/2.1.0 (Linux; U; Android 8.0.0; SM-G935T Build/R16NW)"
197.210.70.101 - - [28/Mar/2020:11:45:25 +0100] "GET /theme/classic/icons/.jpg HTTP/1.0" 301 422 "-" "Dalvik/2.1.0 (Linux; U; Android 8.0.0; SM-G935T Build/R16NW)"
197.210.70.33 - - [28/Mar/2020:11:45:28 +0100] "GET /theme/classic/icons/.jpg HTTP/1.0" 301 422 "-" "Dalvik/2.1.0 (Linux; U; Android 8.0.0; SM-G935T Build/R16NW)"
197.210.70.249 - - [28/Mar/2020:11:45:28 +0100] "GET /theme/classic/icons/.jpg HTTP/1.0" 301 422 "-" "Dalvik/2.1.0 (Linux; U; Android 8.0.0; SM-G935T Build/R16NW)"
74.208.12.100 - - [28/Mar/2020:11:46:01 +0100] "GET /engine/emailque/scripts/delivery.php HTTP/1.0" 200 542 "-" "curl/7.29.0"
74.208.12.100 - - [28/Mar/2020:11:47:01 +0100] "GET /engine/emailque/scripts/delivery.php HTTP/1.0" 200 542 "-" "curl/7.29.0"
74.208.12.100 - - [28/Mar/2020:11:48:01 +0100] "GET /engine/emailque/scripts/delivery.php HTTP/1.0" 200 542 "-" "curl/7.29.0"
74.208.12.100 - - [28/Mar/2020:11:49:01 +0100] "GET /engine/emailque/scripts/delivery.php HTTP/1.0" 200 542 "-" "curl/7.29.0"
74.208.12.100 - - [28/Mar/2020:11:50:01 +0100] "GET /engine/emailque/scripts/delivery.php HTTP/1.0" 200 542 "-" "curl/7.29.0"
74.208.12.100 - - [28/Mar/2020:11:51:01 +0100] "GET /engine/emailque/scripts/delivery.php HTTP/1.0" 200 542 "-" "curl/7.29.0"
74.208.12.100 - - [28/Mar/2020:11:52:01 +0100] "GET /engine/emailque/scripts/delivery.php HTTP/1.0" 200 542 "-" "curl/7.29.0"
74.208.12.100 - - [28/Mar/2020:11:53:01 +0100] "GET /engine/emailque/scripts/delivery.php HTTP/1.0" 200 542 "-" "curl/7.29.0"
74.208.12.100 - - [28/Mar/2020:11:54:01 +0100] "GET /engine/emailque/scripts/delivery.php HTTP/1.0" 200 542 "-" "curl/7.29.0"
197.210.70.197 - - [28/Mar/2020:11:54:58 +0100] "GET /theme/classic/icons/.jpg HTTP/1.0" 301 422 "-" "Dalvik/2.1.0 (Linux; U; Android 8.0.0; SM-G935T Build/R16NW)"
74.208.12.100 - - [28/Mar/2020:11:55:01 +0100] "GET /engine/emailque/scripts/delivery.php HTTP/1.0" 200 542 "-" "curl/7.29.0"
197.210.70.129 - - [28/Mar/2020:11:55:03 +0100] "POST /api/pro/myapp/myapp_request.txt HTTP/1.0" 200 1358 "-" "okhttp/3.10.0"
197.210.71.151 - - [28/Mar/2020:11:55:04 +0100] "GET /theme/classic/icons/.jpg HTTP/1.0" 301 422 "-" "Dalvik/2.1.0 (Linux; U; Android 8.0.0; SM-G935T Build/R16NW)"
197.210.71.219 - - [28/Mar/2020:11:55:04 +0100] "GET /theme/classic/icons/.jpg HTTP/1.0" 301 422 "-" "Dalvik/2.1.0 (Linux; U; Android 8.0.0; SM-G935T Build/R16NW)"
197.210.70.169 - - [28/Mar/2020:11:55:04 +0100] "GET /theme/classic/icons/.jpg HTTP/1.0" 301 422 "-" "Dalvik/2.1.0 (Linux; U; Android 8.0.0; SM-G935T Build/R16NW)"
197.210.71.219 - - [28/Mar/2020:11:55:05 +0100] "GET /theme/classic/icons/.jpg HTTP/1.0" 301 422 "-" "Dalvik/2.1.0 (Linux; U; Android 8.0.0; SM-G935T Build/R16NW)"
197.210.70.163 - - [28/Mar/2020:11:55:05 +0100] "GET /theme/classic/icons/.jpg HTTP/1.0" 301 422 "-" "Dalvik/2.1.0 (Linux; U; Android 8.0.0; SM-G935T Build/R16NW)"
197.210.71.219 - - [28/Mar/2020:11:55:07 +0100] "GET /theme/classic/icons/.jpg HTTP/1.0" 301 422 "-" "Dalvik/2.1.0 (Linux; U; Android 8.0.0; SM-G935T Build/R16NW)"
197.210.71.219 - - [28/Mar/2020:11:55:07 +0100] "GET /theme/classic/icons/.jpg HTTP/1.0" 301 422 "-" "Dalvik/2.1.0 (Linux; U; Android 8.0.0; SM-G935T Build/R16NW)"
197.210.70.169 - - [28/Mar/2020:11:55:09 +0100] "GET /theme/classic/icons/.jpg HTTP/1.0" 301 422 "-" "Dalvik/2.1.0 (Linux; U; Android 8.0.0; SM-G935T Build/R16NW)"
197.210.70.163 - - [28/Mar/2020:11:55:09 +0100] "GET /theme/classic/icons/.jpg HTTP/1.0" 301 422 "-" "Dalvik/2.1.0 (Linux; U; Android 8.0.0; SM-G935T Build/R16NW)"
197.210.71.219 - - [28/Mar/2020:11:55:09 +0100] "GET /theme/classic/icons/.jpg HTTP/1.0" 301 422 "-" "Dalvik/2.1.0 (Linux; U; Android 8.0.0; SM-G935T Build/R16NW)"
197.210.71.219 - - [28/Mar/2020:11:55:09 +0100] "GET /theme/classic/icons/.jpg HTTP/1.0" 301 422 "-" "Dalvik/2.1.0 (Linux; U; Android 8.0.0; SM-G935T Build/R16NW)"
197.210.70.129 - - [28/Mar/2020:11:55:22 +0100] "POST /api/pro/myapp/myapp_request.txt HTTP/1.0" 200 941 "-" "okhttp/3.10.0"
197.210.71.219 - - [28/Mar/2020:11:55:24 +0100] "GET /theme/classic/icons/.jpg HTTP/1.0" 301 422 "-" "Dalvik/2.1.0 (Linux; U; Android 8.0.0; SM-G935T Build/R16NW)"
197.210.70.169 - - [28/Mar/2020:11:55:24 +0100] "GET /theme/classic/icons/.jpg HTTP/1.0" 301 422 "-" "Dalvik/2.1.0 (Linux; U; Android 8.0.0; SM-G935T Build/R16NW)"
197.210.71.219 - - [28/Mar/2020:11:55:24 +0100] "GET /theme/classic/icons/.jpg HTTP/1.0" 301 422 "-" "Dalvik/2.1.0 (Linux; U; Android 8.0.0; SM-G935T Build/R16NW)"
197.210.70.237 - - [28/Mar/2020:11:55:25 +0100] "GET /theme/classic/icons/.jpg HTTP/1.0" 301 422 "-" "Dalvik/2.1.0 (Linux; U; Android 8.0.0; SM-G935T Build/R16NW)"
197.210.71.151 - - [28/Mar/2020:11:55:25 +0100] "GET /theme/classic/icons/.jpg HTTP/1.0" 301 422 "-" "Dalvik/2.1.0 (Linux; U; Android 8.0.0; SM-G935T Build/R16NW)"
74.208.12.100 - - [28/Mar/2020:11:56:01 +0100] "GET /engine/emailque/scripts/delivery.php HTTP/1.0" 200 542 "-" "curl/7.29.0"
197.210.70.237 - - [28/Mar/2020:11:56:30 +0100] "GET /theme/classic/icons/.jpg HTTP/1.0" 301 422 "-" "Dalvik/2.1.0 (Linux; U; Android 8.0.0; SM-G935T Build/R16NW)"
197.210.70.197 - - [28/Mar/2020:11:56:37 +0100] "POST /api/pro/myapp/myapp_request.txt HTTP/1.0" 200 1358 "-" "okhttp/3.10.0"
197.210.70.237 - - [28/Mar/2020:11:56:39 +0100] "GET /theme/classic/icons/19.jpg HTTP/1.0" 200 237 "-" "Dalvik/2.1.0 (Linux; U; Android 8.0.0; SM-G935T Build/R16NW)"
197.210.70.59 - - [28/Mar/2020:11:56:39 +0100] "GET /theme/classic/icons/.jpg HTTP/1.0" 301 422 "-" "Dalvik/2.1.0 (Linux; U; Android 8.0.0; SM-G935T Build/R16NW)"
197.210.70.59 - - [28/Mar/2020:11:56:39 +0100] "GET /theme/classic/icons/.jpg HTTP/1.0" 301 422 "-" "Dalvik/2.1.0 (Linux; U; Android 8.0.0; SM-G935T Build/R16NW)"
197.210.70.249 - - [28/Mar/2020:11:56:39 +0100] "GET /theme/classic/icons/.jpg HTTP/1.0" 301 422 "-" "Dalvik/2.1.0 (Linux; U; Android 8.0.0; SM-G935T Build/R16NW)"
197.210.70.59 - - [28/Mar/2020:11:56:39 +0100] "GET /theme/classic/icons/.jpg HTTP/1.0" 301 422 "-" "Dalvik/2.1.0 (Linux; U; Android 8.0.0; SM-G935T Build/R16NW)"
197.210.70.59 - - [28/Mar/2020:11:56:39 +0100] "GET /theme/classic/icons/.jpg HTTP/1.0" 301 422 "-" "Dalvik/2.1.0 (Linux; U; Android 8.0.0; SM-G935T Build/R16NW)"
197.210.70.155 - - [28/Mar/2020:11:56:40 +0100] "GET /theme/classic/icons/.jpg HTTP/1.0" 301 422 "-" "Dalvik/2.1.0 (Linux; U; Android 8.0.0; SM-G935T Build/R16NW)"
197.210.70.249 - - [28/Mar/2020:11:56:43 +0100] "GET /theme/classic/icons/.jpg HTTP/1.0" 301 422 "-" "Dalvik/2.1.0 (Linux; U; Android 8.0.0; SM-G935T Build/R16NW)"
197.210.70.59 - - [28/Mar/2020:11:56:44 +0100] "GET /theme/classic/icons/.jpg HTTP/1.0" 301 422 "-" "Dalvik/2.1.0 (Linux; U; Android 8.0.0; SM-G935T Build/R16NW)"
197.210.70.59 - - [28/Mar/2020:11:56:44 +0100] "GET /theme/classic/icons/.jpg HTTP/1.0" 301 422 "-" "Dalvik/2.1.0 (Linux; U; Android 8.0.0; SM-G935T Build/R16NW)"
197.210.70.249 - - [28/Mar/2020:11:56:44 +0100] "GET /theme/classic/icons/.jpg HTTP/1.0" 301 422 "-" "Dalvik/2.1.0 (Linux; U; Android 8.0.0; SM-G935T Build/R16NW)"
197.210.70.155 - - [28/Mar/2020:11:56:44 +0100] "GET /theme/classic/icons/.jpg HTTP/1.0" 301 422 "-" "Dalvik/2.1.0 (Linux; U; Android 8.0.0; SM-G935T Build/R16NW)"
74.208.12.100 - - [28/Mar/2020:11:57:01 +0100] "GET /engine/emailque/scripts/delivery.php HTTP/1.0" 200 542 "-" "curl/7.29.0"
197.210.70.197 - - [28/Mar/2020:11:57:20 +0100] "POST /api/pro/myapp/myapp_request.txt HTTP/1.0" 200 941 "-" "okhttp/3.10.0"
197.210.70.249 - - [28/Mar/2020:11:57:21 +0100] "GET /theme/classic/icons/.jpg HTTP/1.0" 301 422 "-" "Dalvik/2.1.0 (Linux; U; Android 8.0.0; SM-G935T Build/R16NW)"
197.210.70.59 - - [28/Mar/2020:11:57:22 +0100] "GET /theme/classic/icons/.jpg HTTP/1.0" 301 422 "-" "Dalvik/2.1.0 (Linux; U; Android 8.0.0; SM-G935T Build/R16NW)"
197.210.70.59 - - [28/Mar/2020:11:57:22 +0100] "GET /theme/classic/icons/.jpg HTTP/1.0" 301 422 "-" "Dalvik/2.1.0 (Linux; U; Android 8.0.0; SM-G935T Build/R16NW)"
197.210.71.219 - - [28/Mar/2020:11:57:24 +0100] "GET /theme/classic/icons/.jpg HTTP/1.0" 301 422 "-" "Dalvik/2.1.0 (Linux; U; Android 8.0.0; SM-G935T Build/R16NW)"
197.210.70.209 - - [28/Mar/2020:11:57:26 +0100] "GET /theme/classic/icons/.jpg HTTP/1.0" 301 422 "-" "Dalvik/2.1.0 (Linux; U; Android 8.0.0; SM-G935T Build/R16NW)"
197.210.70.59 - - [28/Mar/2020:11:57:40 +0100] "GET /theme/classic/icons/.jpg HTTP/1.0" 301 422 "-" "Dalvik/2.1.0 (Linux; U; Android 8.0.0; SM-G935T Build/R16NW)"
197.210.70.197 - - [28/Mar/2020:11:57:42 +0100] "POST /api/pro/myapp/myapp_request.txt HTTP/1.0" 200 1358 "-" "okhttp/3.10.0"
197.210.71.219 - - [28/Mar/2020:11:57:45 +0100] "GET /theme/classic/icons/.jpg HTTP/1.0" 301 422 "-" "Dalvik/2.1.0 (Linux; U; Android 8.0.0; SM-G935T Build/R16NW)"
197.210.70.209 - - [28/Mar/2020:11:57:46 +0100] "GET /theme/classic/icons/.jpg HTTP/1.0" 301 422 "-" "Dalvik/2.1.0 (Linux; U; Android 8.0.0; SM-G935T Build/R16NW)"
197.210.71.219 - - [28/Mar/2020:11:57:47 +0100] "GET /theme/classic/icons/.jpg HTTP/1.0" 301 422 "-" "Dalvik/2.1.0 (Linux; U; Android 8.0.0; SM-G935T Build/R16NW)"
197.210.70.197 - - [28/Mar/2020:11:57:47 +0100] "GET /theme/classic/icons/.jpg HTTP/1.0" 301 422 "-" "Dalvik/2.1.0 (Linux; U; Android 8.0.0; SM-G935T Build/R16NW)"
197.210.70.169 - - [28/Mar/2020:11:57:47 +0100] "GET /theme/classic/icons/.jpg HTTP/1.0" 301 422 "-" "Dalvik/2.1.0 (Linux; U; Android 8.0.0; SM-G935T Build/R16NW)"
197.210.71.219 - - [28/Mar/2020:11:57:47 +0100] "GET /theme/classic/icons/.jpg HTTP/1.0" 301 422 "-" "Dalvik/2.1.0 (Linux; U; Android 8.0.0; SM-G935T Build/R16NW)"
74.208.12.100 - - [28/Mar/2020:11:58:01 +0100] "GET /engine/emailque/scripts/delivery.php HTTP/1.0" 200 542 "-" "curl/7.29.0"
197.210.71.219 - - [28/Mar/2020:11:58:05 +0100] "GET /theme/classic/icons/.jpg HTTP/1.0" 301 422 "-" "Dalvik/2.1.0 (Linux; U; Android 8.0.0; SM-G935T Build/R16NW)"
197.210.70.197 - - [28/Mar/2020:11:58:05 +0100] "GET /theme/classic/icons/.jpg HTTP/1.0" 301 422 "-" "Dalvik/2.1.0 (Linux; U; Android 8.0.0; SM-G935T Build/R16NW)"
197.210.70.169 - - [28/Mar/2020:11:58:06 +0100] "GET /theme/classic/icons/.jpg HTTP/1.0" 301 422 "-" "Dalvik/2.1.0 (Linux; U; Android 8.0.0; SM-G935T Build/R16NW)"
197.210.71.219 - - [28/Mar/2020:11:58:07 +0100] "GET /theme/classic/icons/.jpg HTTP/1.0" 301 422 "-" "Dalvik/2.1.0 (Linux; U; Android 8.0.0; SM-G935T Build/R16NW)"
74.208.12.100 - - [28/Mar/2020:11:59:01 +0100] "GET /engine/emailque/scripts/delivery.php HTTP/1.0" 200 542 "-" "curl/7.29.0"
74.208.12.100 - - [28/Mar/2020:12:00:01 +0100] "GET /engine/emailque/scripts/delivery.php HTTP/1.0" 200 542 "-" "curl/7.29.0"
74.208.12.100 - - [28/Mar/2020:12:01:01 +0100] "GET /engine/emailque/scripts/delivery.php HTTP/1.0" 200 542 "-" "curl/7.29.0"
74.208.12.100 - - [28/Mar/2020:12:02:02 +0100] "GET /engine/emailque/scripts/delivery.php HTTP/1.0" 200 542 "-" "curl/7.29.0"
74.208.12.100 - - [28/Mar/2020:12:03:01 +0100] "GET /engine/emailque/scripts/delivery.php HTTP/1.0" 200 542 "-" "curl/7.29.0"
74.208.12.100 - - [28/Mar/2020:12:04:01 +0100] "GET /engine/emailque/scripts/delivery.php HTTP/1.0" 200 542 "-" "curl/7.29.0"
74.208.12.100 - - [28/Mar/2020:12:05:01 +0100] "GET /engine/emailque/scripts/delivery.php HTTP/1.0" 200 542 "-" "curl/7.29.0"
74.208.12.100 - - [28/Mar/2020:12:06:01 +0100] "GET /engine/emailque/scripts/delivery.php HTTP/1.0" 200 542 "-" "curl/7.29.0"
74.208.12.100 - - [28/Mar/2020:12:07:01 +0100] "GET /engine/emailque/scripts/delivery.php HTTP/1.0" 200 542 "-" "curl/7.29.0"
197.210.70.223 - - [28/Mar/2020:12:07:56 +0100] "POST /api/pro/myapp/myapp_request.txt HTTP/1.0" 200 941 "-" "okhttp/3.10.0"
197.210.70.155 - - [28/Mar/2020:12:07:57 +0100] "GET /theme/classic/icons/.jpg HTTP/1.0" 301 422 "-" "Dalvik/2.1.0 (Linux; U; Android 8.0.0; SM-G935T Build/R16NW)"
197.210.70.249 - - [28/Mar/2020:12:07:57 +0100] "GET /theme/classic/icons/.jpg HTTP/1.0" 301 422 "-" "Dalvik/2.1.0 (Linux; U; Android 8.0.0; SM-G935T Build/R16NW)"
197.210.71.219 - - [28/Mar/2020:12:07:58 +0100] "GET /theme/classic/icons/.jpg HTTP/1.0" 301 422 "-" "Dalvik/2.1.0 (Linux; U; Android 8.0.0; SM-G935T Build/R16NW)"
197.210.70.155 - - [28/Mar/2020:12:07:58 +0100] "GET /theme/classic/icons/.jpg HTTP/1.0" 301 422 "-" "Dalvik/2.1.0 (Linux; U; Android 8.0.0; SM-G935T Build/R16NW)"
197.210.70.249 - - [28/Mar/2020:12:07:58 +0100] "GET /theme/classic/icons/.jpg HTTP/1.0" 301 422 "-" "Dalvik/2.1.0 (Linux; U; Android 8.0.0; SM-G935T Build/R16NW)"
74.208.12.100 - - [28/Mar/2020:12:08:01 +0100] "GET /engine/emailque/scripts/delivery.php HTTP/1.0" 200 542 "-" "curl/7.29.0"
197.210.70.223 - - [28/Mar/2020:12:08:20 +0100] "POST /api/pro/myapp/myapp_request.txt HTTP/1.0" 200 1358 "-" "okhttp/3.10.0"
197.210.71.219 - - [28/Mar/2020:12:08:22 +0100] "GET /theme/classic/icons/.jpg HTTP/1.0" 301 422 "-" "Dalvik/2.1.0 (Linux; U; Android 8.0.0; SM-G935T Build/R16NW)"
197.210.71.219 - - [28/Mar/2020:12:08:23 +0100] "GET /theme/classic/icons/.jpg HTTP/1.0" 301 422 "-" "Dalvik/2.1.0 (Linux; U; Android 8.0.0; SM-G935T Build/R16NW)"
197.210.71.55 - - [28/Mar/2020:12:08:23 +0100] "GET /theme/classic/icons/.jpg HTTP/1.0" 301 422 "-" "Dalvik/2.1.0 (Linux; U; Android 8.0.0; SM-G935T Build/R16NW)"
197.210.71.219 - - [28/Mar/2020:12:08:23 +0100] "GET /theme/classic/icons/.jpg HTTP/1.0" 301 422 "-" "Dalvik/2.1.0 (Linux; U; Android 8.0.0; SM-G935T Build/R16NW)"
197.210.70.231 - - [28/Mar/2020:12:08:23 +0100] "GET /theme/classic/icons/.jpg HTTP/1.0" 301 422 "-" "Dalvik/2.1.0 (Linux; U; Android 8.0.0; SM-G935T Build/R16NW)"
197.210.70.13 - - [28/Mar/2020:12:08:23 +0100] "GET /theme/classic/icons/.jpg HTTP/1.0" 301 422 "-" "Dalvik/2.1.0 (Linux; U; Android 8.0.0; SM-G935T Build/R16NW)"
197.210.71.219 - - [28/Mar/2020:12:08:26 +0100] "GET /theme/classic/icons/.jpg HTTP/1.0" 301 422 "-" "Dalvik/2.1.0 (Linux; U; Android 8.0.0; SM-G935T Build/R16NW)"
197.210.71.55 - - [28/Mar/2020:12:08:26 +0100] "GET /theme/classic/icons/.jpg HTTP/1.0" 301 422 "-" "Dalvik/2.1.0 (Linux; U; Android 8.0.0; SM-G935T Build/R16NW)"
197.210.70.231 - - [28/Mar/2020:12:08:26 +0100] "GET /theme/classic/icons/.jpg HTTP/1.0" 301 422 "-" "Dalvik/2.1.0 (Linux; U; Android 8.0.0; SM-G935T Build/R16NW)"
197.210.70.13 - - [28/Mar/2020:12:08:27 +0100] "GET /theme/classic/icons/.jpg HTTP/1.0" 301 422 "-" "Dalvik/2.1.0 (Linux; U; Android 8.0.0; SM-G935T Build/R16NW)"
197.210.70.75 - - [28/Mar/2020:12:08:27 +0100] "GET /theme/classic/icons/.jpg HTTP/1.0" 301 422 "-" "Dalvik/2.1.0 (Linux; U; Android 8.0.0; SM-G935T Build/R16NW)"
197.210.70.223 - - [28/Mar/2020:12:08:52 +0100] "POST /api/pro/myapp/myapp_request.txt HTTP/1.0" 200 941 "-" "okhttp/3.10.0"
197.210.71.219 - - [28/Mar/2020:12:08:53 +0100] "GET /theme/classic/icons/.jpg HTTP/1.0" 301 422 "-" "Dalvik/2.1.0 (Linux; U; Android 8.0.0; SM-G935T Build/R16NW)"
197.210.71.55 - - [28/Mar/2020:12:08:53 +0100] "GET /theme/classic/icons/.jpg HTTP/1.0" 301 422 "-" "Dalvik/2.1.0 (Linux; U; Android 8.0.0; SM-G935T Build/R16NW)"
197.210.70.231 - - [28/Mar/2020:12:08:54 +0100] "GET /theme/classic/icons/.jpg HTTP/1.0" 301 422 "-" "Dalvik/2.1.0 (Linux; U; Android 8.0.0; SM-G935T Build/R16NW)"
197.210.70.231 - - [28/Mar/2020:12:08:54 +0100] "GET /theme/classic/icons/.jpg HTTP/1.0" 301 422 "-" "Dalvik/2.1.0 (Linux; U; Android 8.0.0; SM-G935T Build/R16NW)"
197.210.70.75 - - [28/Mar/2020:12:08:54 +0100] "GET /theme/classic/icons/.jpg HTTP/1.0" 301 422 "-" "Dalvik/2.1.0 (Linux; U; Android 8.0.0; SM-G935T Build/R16NW)"
74.208.12.100 - - [28/Mar/2020:12:09:01 +0100] "GET /engine/emailque/scripts/delivery.php HTTP/1.0" 200 542 "-" "curl/7.29.0"
197.210.70.223 - - [28/Mar/2020:12:09:25 +0100] "POST /api/pro/myapp/myapp_request.txt HTTP/1.0" 200 1358 "-" "okhttp/3.10.0"
197.210.70.75 - - [28/Mar/2020:12:09:33 +0100] "GET /theme/classic/icons/.jpg HTTP/1.0" 301 422 "-" "Dalvik/2.1.0 (Linux; U; Android 8.0.0; SM-G935T Build/R16NW)"
197.210.70.33 - - [28/Mar/2020:12:09:56 +0100] "GET /theme/classic/icons/.jpg HTTP/1.0" 301 422 "-" "Dalvik/2.1.0 (Linux; U; Android 8.0.0; SM-G935T Build/R16NW)"
197.210.70.7 - - [28/Mar/2020:12:09:56 +0100] "GET /theme/classic/icons/.jpg HTTP/1.0" 301 422 "-" "Dalvik/2.1.0 (Linux; U; Android 8.0.0; SM-G935T Build/R16NW)"
197.210.70.13 - - [28/Mar/2020:12:09:57 +0100] "GET /theme/classic/icons/.jpg HTTP/1.0" 301 422 "-" "Dalvik/2.1.0 (Linux; U; Android 8.0.0; SM-G935T Build/R16NW)"
197.210.70.75 - - [28/Mar/2020:12:09:57 +0100] "GET /theme/classic/icons/.jpg HTTP/1.0" 301 422 "-" "Dalvik/2.1.0 (Linux; U; Android 8.0.0; SM-G935T Build/R16NW)"
197.210.70.33 - - [28/Mar/2020:12:09:57 +0100] "GET /theme/classic/icons/.jpg HTTP/1.0" 301 422 "-" "Dalvik/2.1.0 (Linux; U; Android 8.0.0; SM-G935T Build/R16NW)"
197.210.70.7 - - [28/Mar/2020:12:09:57 +0100] "GET /theme/classic/icons/.jpg HTTP/1.0" 301 422 "-" "Dalvik/2.1.0 (Linux; U; Android 8.0.0; SM-G935T Build/R16NW)"
197.210.70.13 - - [28/Mar/2020:12:09:57 +0100] "GET /theme/classic/icons/19.jpg HTTP/1.0" 200 237 "-" "Dalvik/2.1.0 (Linux; U; Android 8.0.0; SM-G935T Build/R16NW)"
74.208.12.100 - - [28/Mar/2020:12:10:04 +0100] "GET /engine/emailque/scripts/delivery.php HTTP/1.0" 200 542 "-" "curl/7.29.0"
197.210.70.75 - - [28/Mar/2020:12:10:06 +0100] "GET /theme/classic/icons/.jpg HTTP/1.0" 301 422 "-" "Dalvik/2.1.0 (Linux; U; Android 8.0.0; SM-G935T Build/R16NW)"
