41.190.12.62 - - [28/Mar/2020:16:10:25 +0100] "POST /api/pro/myapp/myapp_request.txt HTTP/1.0" 200 369 "-" "okhttp/3.10.0"
41.190.12.62 - - [28/Mar/2020:16:10:27 +0100] "POST /api/pro/myapp/myapp_request.txt HTTP/1.0" 200 369 "-" "okhttp/3.10.0"
41.190.12.62 - - [28/Mar/2020:16:10:29 +0100] "POST /api/pro/myapp/myapp_request.txt HTTP/1.0" 200 1396 "-" "okhttp/3.10.0"
41.190.12.62 - - [28/Mar/2020:16:10:36 +0100] "GET /theme/classic/icons/.jpg HTTP/1.0" 301 422 "-" "Dalvik/2.1.0 (Linux; U; Android 7.0; TECNO P904 Build/NRD90M)"
41.190.12.62 - - [28/Mar/2020:16:10:38 +0100] "GET /theme/classic/icons/28.jpg HTTP/1.0" 200 237 "-" "Dalvik/2.1.0 (Linux; U; Android 7.0; TECNO P904 Build/NRD90M)"
41.190.12.62 - - [28/Mar/2020:16:10:46 +0100] "POST /api/pro/myapp/myapp_request.txt HTTP/1.0" 200 1412 "-" "okhttp/3.10.0"
74.208.12.100 - - [28/Mar/2020:16:11:01 +0100] "GET /engine/emailque/scripts/delivery.php HTTP/1.0" 200 542 "-" "curl/7.29.0"
41.190.12.62 - - [28/Mar/2020:16:11:02 +0100] "POST /api/pro/myapp/myapp_request.txt HTTP/1.0" 200 369 "-" "okhttp/3.10.0"
41.190.12.62 - - [28/Mar/2020:16:11:04 +0100] "POST /api/pro/myapp/myapp_request.txt HTTP/1.0" 200 1396 "-" "okhttp/3.10.0"
41.190.12.62 - - [28/Mar/2020:16:11:09 +0100] "GET /theme/classic/icons/28.jpg HTTP/1.0" 200 237 "-" "Dalvik/2.1.0 (Linux; U; Android 7.0; TECNO P904 Build/NRD90M)"
41.190.12.62 - - [28/Mar/2020:16:11:09 +0100] "GET /theme/classic/icons/.jpg HTTP/1.0" 301 422 "-" "Dalvik/2.1.0 (Linux; U; Android 7.0; TECNO P904 Build/NRD90M)"
41.190.12.62 - - [28/Mar/2020:16:11:12 +0100] "POST /api/pro/myapp/myapp_request.txt HTTP/1.0" 200 1412 "-" "okhttp/3.10.0"
41.190.12.62 - - [28/Mar/2020:16:11:13 +0100] "POST /api/pro/myapp/myapp_request.txt HTTP/1.0" 200 1382 "-" "okhttp/3.10.0"
41.190.12.62 - - [28/Mar/2020:16:11:16 +0100] "GET /theme/classic/icons/.jpg HTTP/1.0" 301 422 "-" "Dalvik/2.1.0 (Linux; U; Android 7.0; TECNO P904 Build/NRD90M)"
41.190.12.62 - - [28/Mar/2020:16:11:16 +0100] "GET /theme/classic/icons/20.jpg HTTP/1.0" 200 237 "-" "Dalvik/2.1.0 (Linux; U; Android 7.0; TECNO P904 Build/NRD90M)"
41.190.12.62 - - [28/Mar/2020:16:11:17 +0100] "POST /api/pro/myapp/myapp_request.txt HTTP/1.0" 200 1408 "-" "okhttp/3.10.0"
41.190.12.62 - - [28/Mar/2020:16:11:35 +0100] "POST /api/pro/myapp/myapp_request.txt HTTP/1.0" 200 1382 "-" "okhttp/3.10.0"
41.190.12.62 - - [28/Mar/2020:16:11:37 +0100] "GET /theme/classic/icons/.jpg HTTP/1.0" 301 422 "-" "Dalvik/2.1.0 (Linux; U; Android 7.0; TECNO P904 Build/NRD90M)"
74.208.12.100 - - [28/Mar/2020:16:12:01 +0100] "GET /engine/emailque/scripts/delivery.php HTTP/1.0" 200 542 "-" "curl/7.29.0"
41.190.12.62 - - [28/Mar/2020:16:12:17 +0100] "POST /api/pro/myapp/myapp_request.txt HTTP/1.0" 200 1412 "-" "okhttp/3.10.0"
74.208.12.100 - - [28/Mar/2020:16:13:01 +0100] "GET /engine/emailque/scripts/delivery.php HTTP/1.0" 200 542 "-" "curl/7.29.0"
41.190.12.62 - - [28/Mar/2020:16:13:47 +0100] "POST /api/pro/myapp/myapp_request.txt HTTP/1.0" 200 1396 "-" "okhttp/3.10.0"
41.190.12.62 - - [28/Mar/2020:16:13:59 +0100] "GET /theme/classic/icons/28.jpg HTTP/1.0" 200 237 "-" "Dalvik/2.1.0 (Linux; U; Android 7.0; TECNO P904 Build/NRD90M)"
41.190.12.62 - - [28/Mar/2020:16:13:59 +0100] "GET /theme/classic/icons/.jpg HTTP/1.0" 301 422 "-" "Dalvik/2.1.0 (Linux; U; Android 7.0; TECNO P904 Build/NRD90M)"
74.208.12.100 - - [28/Mar/2020:16:14:01 +0100] "GET /engine/emailque/scripts/delivery.php HTTP/1.0" 200 542 "-" "curl/7.29.0"
74.208.12.100 - - [28/Mar/2020:16:15:01 +0100] "GET /engine/emailque/scripts/delivery.php HTTP/1.0" 200 542 "-" "curl/7.29.0"
41.190.12.62 - - [28/Mar/2020:16:15:27 +0100] "POST /api/pro/myapp/myapp_request.json HTTP/1.0" 200 738 "-" "okhttp/3.10.0"
41.190.12.62 - - [28/Mar/2020:16:15:35 +0100] "POST /api/pro/myapp/myapp_request.txt HTTP/1.0" 200 1396 "-" "okhttp/3.10.0"
41.190.12.62 - - [28/Mar/2020:16:15:47 +0100] "GET /theme/classic/icons/28.jpg HTTP/1.0" 200 237 "-" "Dalvik/2.1.0 (Linux; U; Android 7.0; TECNO P904 Build/NRD90M)"
41.190.12.62 - - [28/Mar/2020:16:15:47 +0100] "GET /theme/classic/icons/.jpg HTTP/1.0" 301 422 "-" "Dalvik/2.1.0 (Linux; U; Android 7.0; TECNO P904 Build/NRD90M)"
74.208.12.100 - - [28/Mar/2020:16:16:01 +0100] "GET /engine/emailque/scripts/delivery.php HTTP/1.0" 200 542 "-" "curl/7.29.0"
74.208.12.100 - - [28/Mar/2020:16:17:01 +0100] "GET /engine/emailque/scripts/delivery.php HTTP/1.0" 200 542 "-" "curl/7.29.0"
74.208.12.100 - - [28/Mar/2020:16:18:02 +0100] "GET /engine/emailque/scripts/delivery.php HTTP/1.0" 200 542 "-" "curl/7.29.0"
74.208.12.100 - - [28/Mar/2020:16:19:01 +0100] "GET /engine/emailque/scripts/delivery.php HTTP/1.0" 200 542 "-" "curl/7.29.0"
74.208.12.100 - - [28/Mar/2020:16:20:01 +0100] "GET /engine/emailque/scripts/delivery.php HTTP/1.0" 200 542 "-" "curl/7.29.0"
74.208.12.100 - - [28/Mar/2020:16:21:01 +0100] "GET /engine/emailque/scripts/delivery.php HTTP/1.0" 200 542 "-" "curl/7.29.0"
171.67.70.85 - - [28/Mar/2020:16:21:07 +0100] "GET / HTTP/1.0" 301 393 "-" "Mozilla/5.0 zgrab/0.x"
41.190.12.62 - - [28/Mar/2020:16:21:21 +0100] "POST /api/pro/myapp/myapp_request.txt HTTP/1.0" 200 369 "-" "okhttp/3.10.0"
74.208.12.100 - - [28/Mar/2020:16:22:01 +0100] "GET /engine/emailque/scripts/delivery.php HTTP/1.0" 200 542 "-" "curl/7.29.0"
74.208.12.100 - - [28/Mar/2020:16:23:02 +0100] "GET /engine/emailque/scripts/delivery.php HTTP/1.0" 200 542 "-" "curl/7.29.0"
74.208.12.100 - - [28/Mar/2020:16:24:01 +0100] "GET /engine/emailque/scripts/delivery.php HTTP/1.0" 200 542 "-" "curl/7.29.0"
74.208.12.100 - - [28/Mar/2020:16:25:01 +0100] "GET /engine/emailque/scripts/delivery.php HTTP/1.0" 200 542 "-" "curl/7.29.0"
197.211.61.127 - - [28/Mar/2020:16:25:11 +0100] "POST /api/pro/myapp/myapp_request.txt HTTP/1.0" 200 371 "-" "okhttp/3.10.0"
197.211.61.127 - - [28/Mar/2020:16:25:14 +0100] "POST /api/pro/myapp/myapp_request.txt HTTP/1.0" 200 371 "-" "okhttp/3.10.0"
197.211.61.127 - - [28/Mar/2020:16:25:17 +0100] "POST /api/pro/myapp/tv_list.json HTTP/1.0" 200 429 "-" "okhttp/3.10.0"
197.211.61.127 - - [28/Mar/2020:16:25:17 +0100] "POST /api/pro/myapp/banquet_list.json HTTP/1.0" 200 1021 "-" "okhttp/3.10.0"
197.211.61.127 - - [28/Mar/2020:16:25:22 +0100] "POST /api/pro/myapp/banquet_list.json HTTP/1.0" 200 539 "-" "okhttp/3.10.0"
74.208.12.100 - - [28/Mar/2020:16:26:01 +0100] "GET /engine/emailque/scripts/delivery.php HTTP/1.0" 200 542 "-" "curl/7.29.0"
197.211.61.127 - - [28/Mar/2020:16:26:36 +0100] "POST /api/pro/myapp/myapp_request.json HTTP/1.0" 200 490 "-" "okhttp/3.10.0"
197.211.61.127 - - [28/Mar/2020:16:26:42 +0100] "POST /api/pro/myapp/myapp_request.txt HTTP/1.0" 200 371 "-" "okhttp/3.10.0"
74.208.12.100 - - [28/Mar/2020:16:27:01 +0100] "GET /engine/emailque/scripts/delivery.php HTTP/1.0" 200 542 "-" "curl/7.29.0"
197.211.61.127 - - [28/Mar/2020:16:27:04 +0100] "POST /api/pro/myapp/myapp_request.json HTTP/1.0" 200 684 "-" "okhttp/3.10.0"
74.208.12.100 - - [28/Mar/2020:16:28:01 +0100] "GET /engine/emailque/scripts/delivery.php HTTP/1.0" 200 542 "-" "curl/7.29.0"
74.208.12.100 - - [28/Mar/2020:16:29:01 +0100] "GET /engine/emailque/scripts/delivery.php HTTP/1.0" 200 542 "-" "curl/7.29.0"
74.208.12.100 - - [28/Mar/2020:16:30:01 +0100] "GET /engine/emailque/scripts/delivery.php HTTP/1.0" 200 542 "-" "curl/7.29.0"
74.208.12.100 - - [28/Mar/2020:16:31:01 +0100] "GET /engine/emailque/scripts/delivery.php HTTP/1.0" 200 542 "-" "curl/7.29.0"
74.208.12.100 - - [28/Mar/2020:16:32:01 +0100] "GET /engine/emailque/scripts/delivery.php HTTP/1.0" 200 542 "-" "curl/7.29.0"
78.187.79.208 - - [28/Mar/2020:16:32:17 +0100] "GET / HTTP/1.0" 301 393 "-" "Mozilla/5.0 (Windows NT 6.1; WOW64) AppleWebKit/537.36 (KHTML, like Gecko) Chrome/51.0.2704.103 Safari/537.36"
74.208.12.100 - - [28/Mar/2020:16:33:01 +0100] "GET /engine/emailque/scripts/delivery.php HTTP/1.0" 200 542 "-" "curl/7.29.0"
74.208.12.100 - - [28/Mar/2020:16:34:01 +0100] "GET /engine/emailque/scripts/delivery.php HTTP/1.0" 200 542 "-" "curl/7.29.0"
197.211.61.127 - - [28/Mar/2020:16:34:43 +0100] "POST /api/pro/myapp/myapp_request.txt HTTP/1.0" 200 371 "-" "okhttp/3.10.0"
197.211.61.127 - - [28/Mar/2020:16:34:45 +0100] "POST /api/pro/myapp/utility_list.json HTTP/1.0" 200 694 "-" "okhttp/3.10.0"
74.208.12.100 - - [28/Mar/2020:16:35:01 +0100] "GET /engine/emailque/scripts/delivery.php HTTP/1.0" 200 542 "-" "curl/7.29.0"
197.211.61.127 - - [28/Mar/2020:16:35:28 +0100] "POST /api/pro/myapp/myapp_request.json HTTP/1.0" 200 558 "-" "okhttp/3.10.0"
197.211.61.127 - - [28/Mar/2020:16:35:36 +0100] "POST /api/pro/myapp/myapp_request.txt HTTP/1.0" 200 371 "-" "okhttp/3.10.0"
197.211.61.127 - - [28/Mar/2020:16:35:37 +0100] "POST /api/pro/myapp/myapp_request.json HTTP/1.0" 200 697 "-" "okhttp/3.10.0"
74.208.12.100 - - [28/Mar/2020:16:36:01 +0100] "GET /engine/emailque/scripts/delivery.php HTTP/1.0" 200 542 "-" "curl/7.29.0"
74.208.12.100 - - [28/Mar/2020:16:37:02 +0100] "GET /engine/emailque/scripts/delivery.php HTTP/1.0" 200 542 "-" "curl/7.29.0"
74.208.12.100 - - [28/Mar/2020:16:38:01 +0100] "GET /engine/emailque/scripts/delivery.php HTTP/1.0" 200 542 "-" "curl/7.29.0"
74.208.12.100 - - [28/Mar/2020:16:39:01 +0100] "GET /engine/emailque/scripts/delivery.php HTTP/1.0" 200 542 "-" "curl/7.29.0"
74.208.12.100 - - [28/Mar/2020:16:40:01 +0100] "GET /engine/emailque/scripts/delivery.php HTTP/1.0" 200 542 "-" "curl/7.29.0"
74.208.12.100 - - [28/Mar/2020:16:41:01 +0100] "GET /engine/emailque/scripts/delivery.php HTTP/1.0" 200 542 "-" "curl/7.29.0"
74.208.12.100 - - [28/Mar/2020:16:42:02 +0100] "GET /engine/emailque/scripts/delivery.php HTTP/1.0" 200 542 "-" "curl/7.29.0"
74.208.12.100 - - [28/Mar/2020:16:43:01 +0100] "GET /engine/emailque/scripts/delivery.php HTTP/1.0" 200 542 "-" "curl/7.29.0"
74.208.12.100 - - [28/Mar/2020:16:44:01 +0100] "GET /engine/emailque/scripts/delivery.php HTTP/1.0" 200 542 "-" "curl/7.29.0"
74.208.12.100 - - [28/Mar/2020:16:45:01 +0100] "GET /engine/emailque/scripts/delivery.php HTTP/1.0" 200 542 "-" "curl/7.29.0"
74.208.12.100 - - [28/Mar/2020:16:46:01 +0100] "GET /engine/emailque/scripts/delivery.php HTTP/1.0" 200 542 "-" "curl/7.29.0"
197.210.70.66 - - [28/Mar/2020:16:46:24 +0100] "POST /api/pro/myapp/myapp_request.txt HTTP/1.0" 200 368 "-" "okhttp/3.10.0"
197.210.70.66 - - [28/Mar/2020:16:46:26 +0100] "POST /api/pro/myapp/myapp_request.txt HTTP/1.0" 200 368 "-" "okhttp/3.10.0"
197.210.70.66 - - [28/Mar/2020:16:46:28 +0100] "POST /api/pro/myapp/myapp_request.txt HTTP/1.0" 200 1390 "-" "okhttp/3.10.0"
197.210.71.40 - - [28/Mar/2020:16:46:35 +0100] "GET /theme/classic/icons/20.jpg HTTP/1.0" 200 237 "-" "Dalvik/2.1.0 (Linux; U; Android 8.0.0; SM-G935T Build/R16NW)"
197.210.71.0 - - [28/Mar/2020:16:46:36 +0100] "GET /theme/classic/icons/19.jpg HTTP/1.0" 200 237 "-" "Dalvik/2.1.0 (Linux; U; Android 8.0.0; SM-G935T Build/R16NW)"
197.210.71.216 - - [28/Mar/2020:16:46:36 +0100] "GET /theme/classic/icons/19.jpg HTTP/1.0" 200 237 "-" "Dalvik/2.1.0 (Linux; U; Android 8.0.0; SM-G935T Build/R16NW)"
197.210.71.120 - - [28/Mar/2020:16:46:36 +0100] "GET /theme/classic/icons/27.jpg HTTP/1.0" 200 237 "-" "Dalvik/2.1.0 (Linux; U; Android 8.0.0; SM-G935T Build/R16NW)"
197.210.71.40 - - [28/Mar/2020:16:46:38 +0100] "GET /theme/classic/icons/19.jpg HTTP/1.0" 200 237 "-" "Dalvik/2.1.0 (Linux; U; Android 8.0.0; SM-G935T Build/R16NW)"
197.210.71.120 - - [28/Mar/2020:16:46:38 +0100] "GET /theme/classic/icons/19.jpg HTTP/1.0" 200 237 "-" "Dalvik/2.1.0 (Linux; U; Android 8.0.0; SM-G935T Build/R16NW)"
197.210.71.40 - - [28/Mar/2020:16:46:38 +0100] "GET /theme/classic/icons/14.jpg HTTP/1.0" 200 237 "-" "Dalvik/2.1.0 (Linux; U; Android 8.0.0; SM-G935T Build/R16NW)"
197.210.71.52 - - [28/Mar/2020:16:46:38 +0100] "GET /theme/classic/icons/.jpg HTTP/1.0" 301 422 "-" "Dalvik/2.1.0 (Linux; U; Android 8.0.0; SM-G935T Build/R16NW)"
197.210.71.52 - - [28/Mar/2020:16:46:39 +0100] "GET /theme/classic/icons/.jpg HTTP/1.0" 301 422 "-" "Dalvik/2.1.0 (Linux; U; Android 8.0.0; SM-G935T Build/R16NW)"
197.210.71.14 - - [28/Mar/2020:16:46:39 +0100] "GET /theme/classic/icons/.jpg HTTP/1.0" 301 422 "-" "Dalvik/2.1.0 (Linux; U; Android 8.0.0; SM-G935T Build/R16NW)"
197.210.71.238 - - [28/Mar/2020:16:46:39 +0100] "GET /theme/classic/icons/28.jpg HTTP/1.0" 200 237 "-" "Dalvik/2.1.0 (Linux; U; Android 8.0.0; SM-G935T Build/R16NW)"
197.210.71.80 - - [28/Mar/2020:16:46:39 +0100] "GET /theme/classic/icons/.jpg HTTP/1.0" 301 422 "-" "Dalvik/2.1.0 (Linux; U; Android 8.0.0; SM-G935T Build/R16NW)"
197.210.71.68 - - [28/Mar/2020:16:46:40 +0100] "GET /theme/classic/icons/2.jpg HTTP/1.0" 200 236 "-" "Dalvik/2.1.0 (Linux; U; Android 8.0.0; SM-G935T Build/R16NW)"
197.210.70.66 - - [28/Mar/2020:16:46:43 +0100] "POST /api/pro/myapp/myapp_request.txt HTTP/1.0" 200 1358 "-" "okhttp/3.10.0"
197.210.71.52 - - [28/Mar/2020:16:46:44 +0100] "GET /theme/classic/icons/19.jpg HTTP/1.0" 200 237 "-" "Dalvik/2.1.0 (Linux; U; Android 8.0.0; SM-G935T Build/R16NW)"
197.210.71.14 - - [28/Mar/2020:16:46:44 +0100] "GET /theme/classic/icons/19.jpg HTTP/1.0" 200 237 "-" "Dalvik/2.1.0 (Linux; U; Android 8.0.0; SM-G935T Build/R16NW)"
197.210.71.80 - - [28/Mar/2020:16:46:44 +0100] "GET /theme/classic/icons/.jpg HTTP/1.0" 301 422 "-" "Dalvik/2.1.0 (Linux; U; Android 8.0.0; SM-G935T Build/R16NW)"
197.210.71.80 - - [28/Mar/2020:16:46:44 +0100] "GET /theme/classic/icons/.jpg HTTP/1.0" 301 422 "-" "Dalvik/2.1.0 (Linux; U; Android 8.0.0; SM-G935T Build/R16NW)"
197.210.71.170 - - [28/Mar/2020:16:46:45 +0100] "GET /theme/classic/icons/.jpg HTTP/1.0" 301 422 "-" "Dalvik/2.1.0 (Linux; U; Android 8.0.0; SM-G935T Build/R16NW)"
197.210.71.94 - - [28/Mar/2020:16:46:45 +0100] "GET /theme/classic/icons/.jpg HTTP/1.0" 301 422 "-" "Dalvik/2.1.0 (Linux; U; Android 8.0.0; SM-G935T Build/R16NW)"
197.210.71.114 - - [28/Mar/2020:16:46:45 +0100] "GET /theme/classic/icons/.jpg HTTP/1.0" 301 422 "-" "Dalvik/2.1.0 (Linux; U; Android 8.0.0; SM-G935T Build/R16NW)"
197.210.71.108 - - [28/Mar/2020:16:46:46 +0100] "GET /theme/classic/icons/.jpg HTTP/1.0" 301 422 "-" "Dalvik/2.1.0 (Linux; U; Android 8.0.0; SM-G935T Build/R16NW)"
197.210.70.66 - - [28/Mar/2020:16:46:47 +0100] "POST /api/pro/myapp/myapp_request.txt HTTP/1.0" 200 1390 "-" "okhttp/3.10.0"
197.210.71.80 - - [28/Mar/2020:16:46:49 +0100] "GET /theme/classic/icons/19.jpg HTTP/1.0" 200 237 "-" "Dalvik/2.1.0 (Linux; U; Android 8.0.0; SM-G935T Build/R16NW)"
197.210.71.170 - - [28/Mar/2020:16:46:49 +0100] "GET /theme/classic/icons/19.jpg HTTP/1.0" 200 237 "-" "Dalvik/2.1.0 (Linux; U; Android 8.0.0; SM-G935T Build/R16NW)"
197.210.71.108 - - [28/Mar/2020:16:46:49 +0100] "GET /theme/classic/icons/20.jpg HTTP/1.0" 200 237 "-" "Dalvik/2.1.0 (Linux; U; Android 8.0.0; SM-G935T Build/R16NW)"
197.210.71.94 - - [28/Mar/2020:16:46:49 +0100] "GET /theme/classic/icons/19.jpg HTTP/1.0" 200 237 "-" "Dalvik/2.1.0 (Linux; U; Android 8.0.0; SM-G935T Build/R16NW)"
197.210.71.114 - - [28/Mar/2020:16:46:49 +0100] "GET /theme/classic/icons/27.jpg HTTP/1.0" 200 237 "-" "Dalvik/2.1.0 (Linux; U; Android 8.0.0; SM-G935T Build/R16NW)"
197.210.71.148 - - [28/Mar/2020:16:46:50 +0100] "GET /theme/classic/icons/19.jpg HTTP/1.0" 200 237 "-" "Dalvik/2.1.0 (Linux; U; Android 8.0.0; SM-G935T Build/R16NW)"
197.210.71.148 - - [28/Mar/2020:16:46:50 +0100] "GET /theme/classic/icons/14.jpg HTTP/1.0" 200 237 "-" "Dalvik/2.1.0 (Linux; U; Android 8.0.0; SM-G935T Build/R16NW)"
197.210.71.52 - - [28/Mar/2020:16:46:50 +0100] "GET /theme/classic/icons/2.jpg HTTP/1.0" 200 236 "-" "Dalvik/2.1.0 (Linux; U; Android 8.0.0; SM-G935T Build/R16NW)"
197.210.71.120 - - [28/Mar/2020:16:46:51 +0100] "GET /theme/classic/icons/.jpg HTTP/1.0" 301 422 "-" "Dalvik/2.1.0 (Linux; U; Android 8.0.0; SM-G935T Build/R16NW)"
197.210.71.250 - - [28/Mar/2020:16:46:52 +0100] "GET /theme/classic/icons/.jpg HTTP/1.0" 301 422 "-" "Dalvik/2.1.0 (Linux; U; Android 8.0.0; SM-G935T Build/R16NW)"
197.210.71.136 - - [28/Mar/2020:16:46:52 +0100] "GET /theme/classic/icons/28.jpg HTTP/1.0" 200 237 "-" "Dalvik/2.1.0 (Linux; U; Android 8.0.0; SM-G935T Build/R16NW)"
197.210.71.52 - - [28/Mar/2020:16:46:52 +0100] "GET /theme/classic/icons/.jpg HTTP/1.0" 301 422 "-" "Dalvik/2.1.0 (Linux; U; Android 8.0.0; SM-G935T Build/R16NW)"
197.210.71.148 - - [28/Mar/2020:16:46:52 +0100] "GET /theme/classic/icons/.jpg HTTP/1.0" 301 422 "-" "Dalvik/2.1.0 (Linux; U; Android 8.0.0; SM-G935T Build/R16NW)"
197.210.71.52 - - [28/Mar/2020:16:46:52 +0100] "GET /theme/classic/icons/19.jpg HTTP/1.0" 200 237 "-" "Dalvik/2.1.0 (Linux; U; Android 8.0.0; SM-G935T Build/R16NW)"
197.210.71.120 - - [28/Mar/2020:16:46:59 +0100] "GET /theme/classic/icons/27.jpg HTTP/1.0" 200 237 "-" "Dalvik/2.1.0 (Linux; U; Android 8.0.0; SM-G935T Build/R16NW)"
74.208.12.100 - - [28/Mar/2020:16:47:02 +0100] "GET /engine/emailque/scripts/delivery.php HTTP/1.0" 200 542 "-" "curl/7.29.0"
74.208.12.100 - - [28/Mar/2020:16:48:01 +0100] "GET /engine/emailque/scripts/delivery.php HTTP/1.0" 200 542 "-" "curl/7.29.0"
74.208.12.100 - - [28/Mar/2020:16:49:01 +0100] "GET /engine/emailque/scripts/delivery.php HTTP/1.0" 200 542 "-" "curl/7.29.0"
74.208.12.100 - - [28/Mar/2020:16:50:01 +0100] "GET /engine/emailque/scripts/delivery.php HTTP/1.0" 200 542 "-" "curl/7.29.0"
74.208.12.100 - - [28/Mar/2020:16:51:02 +0100] "GET /engine/emailque/scripts/delivery.php HTTP/1.0" 200 542 "-" "curl/7.29.0"
74.208.12.100 - - [28/Mar/2020:16:52:01 +0100] "GET /engine/emailque/scripts/delivery.php HTTP/1.0" 200 542 "-" "curl/7.29.0"
74.208.12.100 - - [28/Mar/2020:16:53:01 +0100] "GET /engine/emailque/scripts/delivery.php HTTP/1.0" 200 542 "-" "curl/7.29.0"
74.208.12.100 - - [28/Mar/2020:16:54:01 +0100] "GET /engine/emailque/scripts/delivery.php HTTP/1.0" 200 542 "-" "curl/7.29.0"
74.208.12.100 - - [28/Mar/2020:16:55:01 +0100] "GET /engine/emailque/scripts/delivery.php HTTP/1.0" 200 542 "-" "curl/7.29.0"
74.208.12.100 - - [28/Mar/2020:16:56:01 +0100] "GET /engine/emailque/scripts/delivery.php HTTP/1.0" 200 542 "-" "curl/7.29.0"
74.208.12.100 - - [28/Mar/2020:16:57:06 +0100] "GET /engine/emailque/scripts/delivery.php HTTP/1.0" 200 542 "-" "curl/7.29.0"
74.208.12.100 - - [28/Mar/2020:16:58:01 +0100] "GET /engine/emailque/scripts/delivery.php HTTP/1.0" 200 542 "-" "curl/7.29.0"
74.208.12.100 - - [28/Mar/2020:16:59:02 +0100] "GET /engine/emailque/scripts/delivery.php HTTP/1.0" 200 542 "-" "curl/7.29.0"
41.190.12.62 - - [28/Mar/2020:16:59:35 +0100] "POST /api/pro/myapp/myapp_request.txt HTTP/1.0" 200 369 "-" "okhttp/3.10.0"
41.190.12.62 - - [28/Mar/2020:16:59:37 +0100] "POST /api/pro/myapp/myapp_request.txt HTTP/1.0" 200 369 "-" "okhttp/3.10.0"
41.190.12.62 - - [28/Mar/2020:16:59:43 +0100] "POST /api/pro/myapp/airtime_list.json HTTP/1.0" 200 459 "-" "okhttp/3.10.0"
41.190.12.62 - - [28/Mar/2020:16:59:55 +0100] "POST /api/pro/myapp/myapp_request.json HTTP/1.0" 200 490 "-" "okhttp/3.10.0"
41.190.12.62 - - [28/Mar/2020:16:59:57 +0100] "POST /api/pro/myapp/myapp_request.txt HTTP/1.0" 200 369 "-" "okhttp/3.10.0"
74.208.12.100 - - [28/Mar/2020:17:00:02 +0100] "GET /engine/emailque/scripts/delivery.php HTTP/1.0" 200 542 "-" "curl/7.29.0"
171.13.14.40 - - [28/Mar/2020:17:00:27 +0100] "GET / HTTP/1.0" 301 398 "-" "Mozilla/5.0 (Windows NT 10.0; Win64; x64) AppleWebKit/537.36 (KHTML, like Gecko) Chrome/78.0.3904.87 Safari/537.36"
197.210.71.210 - - [28/Mar/2020:17:00:46 +0100] "GET /theme/classic/icons/27.jpg HTTP/1.0" 200 237 "-" "Dalvik/2.1.0 (Linux; U; Android 8.0.0; SM-G935T Build/R16NW)"
197.210.71.148 - - [28/Mar/2020:17:00:48 +0100] "GET /theme/classic/icons/19.jpg HTTP/1.0" 200 237 "-" "Dalvik/2.1.0 (Linux; U; Android 8.0.0; SM-G935T Build/R16NW)"
74.208.12.100 - - [28/Mar/2020:17:01:01 +0100] "GET /engine/emailque/scripts/delivery.php HTTP/1.0" 200 542 "-" "curl/7.29.0"
197.210.71.204 - - [28/Mar/2020:17:01:05 +0100] "GET /theme/classic/icons/19.jpg HTTP/1.0" 200 237 "-" "Dalvik/2.1.0 (Linux; U; Android 8.0.0; SM-G935T Build/R16NW)"
197.210.70.254 - - [28/Mar/2020:17:01:05 +0100] "GET /theme/classic/icons/20.jpg HTTP/1.0" 200 237 "-" "Dalvik/2.1.0 (Linux; U; Android 8.0.0; SM-G935T Build/R16NW)"
197.210.70.254 - - [28/Mar/2020:17:01:06 +0100] "GET /theme/classic/icons/19.jpg HTTP/1.0" 200 237 "-" "Dalvik/2.1.0 (Linux; U; Android 8.0.0; SM-G935T Build/R16NW)"
197.210.71.94 - - [28/Mar/2020:17:01:08 +0100] "GET /theme/classic/icons/.jpg HTTP/1.0" 301 422 "-" "Dalvik/2.1.0 (Linux; U; Android 8.0.0; SM-G935T Build/R16NW)"
197.210.71.94 - - [28/Mar/2020:17:01:19 +0100] "GET /theme/classic/icons/.jpg HTTP/1.0" 301 422 "-" "Dalvik/2.1.0 (Linux; U; Android 8.0.0; SM-G935T Build/R16NW)"
197.210.71.94 - - [28/Mar/2020:17:01:20 +0100] "GET /theme/classic/icons/28.jpg HTTP/1.0" 200 237 "-" "Dalvik/2.1.0 (Linux; U; Android 8.0.0; SM-G935T Build/R16NW)"
197.210.71.94 - - [28/Mar/2020:17:01:21 +0100] "GET /theme/classic/icons/.jpg HTTP/1.0" 301 422 "-" "Dalvik/2.1.0 (Linux; U; Android 8.0.0; SM-G935T Build/R16NW)"
41.190.12.62 - - [28/Mar/2020:17:01:27 +0100] "POST /api/pro/myapp/airtime_list.json HTTP/1.0" 200 459 "-" "okhttp/3.10.0"
41.190.12.62 - - [28/Mar/2020:17:01:28 +0100] "POST /api/pro/myapp/myapp_request.txt HTTP/1.0" 200 369 "-" "okhttp/3.10.0"
41.190.12.62 - - [28/Mar/2020:17:01:31 +0100] "POST /api/pro/myapp/myapp_request.txt HTTP/1.0" 200 369 "-" "okhttp/3.10.0"
74.208.12.100 - - [28/Mar/2020:17:02:01 +0100] "GET /engine/emailque/scripts/delivery.php HTTP/1.0" 200 542 "-" "curl/7.29.0"
84.17.51.84 - - [28/Mar/2020:17:03:00 +0100] "GET / HTTP/1.0" 301 394 "http://splvending.com/" "Mozilla/5.0 (Windows NT 6.1) AppleWebKit/537.36 (KHTML, like Gecko) Chrome/66.0.3359.181 Safari/537.36 Kinza/4.7.2"
74.208.12.100 - - [28/Mar/2020:17:03:01 +0100] "GET /engine/emailque/scripts/delivery.php HTTP/1.0" 200 542 "-" "curl/7.29.0"
74.208.12.100 - - [28/Mar/2020:17:04:01 +0100] "GET /engine/emailque/scripts/delivery.php HTTP/1.0" 200 542 "-" "curl/7.29.0"
74.208.12.100 - - [28/Mar/2020:17:05:01 +0100] "GET /engine/emailque/scripts/delivery.php HTTP/1.0" 200 542 "-" "curl/7.29.0"
202.52.229.2 - - [28/Mar/2020:17:05:28 +0100] "GET / HTTP/1.0" 301 393 "-" "Mozilla/5.0 (Windows NT 6.1; WOW64) AppleWebKit/537.36 (KHTML, like Gecko) Chrome/52.0.2743.116 Safari/537.36"
74.208.12.100 - - [28/Mar/2020:17:06:01 +0100] "GET /engine/emailque/scripts/delivery.php HTTP/1.0" 200 542 "-" "curl/7.29.0"
74.208.12.100 - - [28/Mar/2020:17:07:01 +0100] "GET /engine/emailque/scripts/delivery.php HTTP/1.0" 200 542 "-" "curl/7.29.0"
74.208.12.100 - - [28/Mar/2020:17:08:02 +0100] "GET /engine/emailque/scripts/delivery.php HTTP/1.0" 200 542 "-" "curl/7.29.0"
74.208.12.100 - - [28/Mar/2020:17:09:01 +0100] "GET /engine/emailque/scripts/delivery.php HTTP/1.0" 200 542 "-" "curl/7.29.0"
74.208.12.100 - - [28/Mar/2020:17:10:01 +0100] "GET /engine/emailque/scripts/delivery.php HTTP/1.0" 200 542 "-" "curl/7.29.0"
74.208.12.100 - - [28/Mar/2020:17:11:01 +0100] "GET /engine/emailque/scripts/delivery.php HTTP/1.0" 200 542 "-" "curl/7.29.0"
74.208.12.100 - - [28/Mar/2020:17:12:01 +0100] "GET /engine/emailque/scripts/delivery.php HTTP/1.0" 200 542 "-" "curl/7.29.0"
74.208.12.100 - - [28/Mar/2020:17:13:01 +0100] "GET /engine/emailque/scripts/delivery.php HTTP/1.0" 200 542 "-" "curl/7.29.0"
74.208.12.100 - - [28/Mar/2020:17:14:01 +0100] "GET /engine/emailque/scripts/delivery.php HTTP/1.0" 200 542 "-" "curl/7.29.0"
74.208.12.100 - - [28/Mar/2020:17:15:01 +0100] "GET /engine/emailque/scripts/delivery.php HTTP/1.0" 200 542 "-" "curl/7.29.0"
74.208.12.100 - - [28/Mar/2020:17:16:01 +0100] "GET /engine/emailque/scripts/delivery.php HTTP/1.0" 200 542 "-" "curl/7.29.0"
197.210.71.26 - - [28/Mar/2020:17:16:34 +0100] "POST /api/pro/myapp/myapp_request.txt HTTP/1.0" 200 368 "-" "okhttp/3.10.0"
197.210.70.254 - - [28/Mar/2020:17:16:34 +0100] "POST /api/pro/myapp/myapp_request.txt HTTP/1.0" 200 1390 "-" "okhttp/3.10.0"
197.210.71.114 - - [28/Mar/2020:17:16:35 +0100] "GET /theme/classic/icons/19.jpg HTTP/1.0" 200 237 "-" "Dalvik/2.1.0 (Linux; U; Android 8.0.0; SM-G935T Build/R16NW)"
197.210.71.108 - - [28/Mar/2020:17:16:35 +0100] "GET /theme/classic/icons/19.jpg HTTP/1.0" 200 237 "-" "Dalvik/2.1.0 (Linux; U; Android 8.0.0; SM-G935T Build/R16NW)"
197.210.71.136 - - [28/Mar/2020:17:16:35 +0100] "GET /theme/classic/icons/20.jpg HTTP/1.0" 200 237 "-" "Dalvik/2.1.0 (Linux; U; Android 8.0.0; SM-G935T Build/R16NW)"
197.210.71.210 - - [28/Mar/2020:17:16:35 +0100] "GET /theme/classic/icons/27.jpg HTTP/1.0" 200 237 "-" "Dalvik/2.1.0 (Linux; U; Android 8.0.0; SM-G935T Build/R16NW)"
197.210.71.216 - - [28/Mar/2020:17:16:35 +0100] "GET /theme/classic/icons/19.jpg HTTP/1.0" 200 237 "-" "Dalvik/2.1.0 (Linux; U; Android 8.0.0; SM-G935T Build/R16NW)"
197.210.71.52 - - [28/Mar/2020:17:16:37 +0100] "GET /theme/classic/icons/19.jpg HTTP/1.0" 200 237 "-" "Dalvik/2.1.0 (Linux; U; Android 8.0.0; SM-G935T Build/R16NW)"
197.210.71.210 - - [28/Mar/2020:17:16:37 +0100] "GET /theme/classic/icons/14.jpg HTTP/1.0" 200 237 "-" "Dalvik/2.1.0 (Linux; U; Android 8.0.0; SM-G935T Build/R16NW)"
197.210.71.52 - - [28/Mar/2020:17:16:38 +0100] "GET /theme/classic/icons/2.jpg HTTP/1.0" 200 236 "-" "Dalvik/2.1.0 (Linux; U; Android 8.0.0; SM-G935T Build/R16NW)"
197.210.71.94 - - [28/Mar/2020:17:16:40 +0100] "GET /theme/classic/icons/.jpg HTTP/1.0" 301 422 "-" "Dalvik/2.1.0 (Linux; U; Android 8.0.0; SM-G935T Build/R16NW)"
197.210.71.238 - - [28/Mar/2020:17:16:40 +0100] "GET /theme/classic/icons/.jpg HTTP/1.0" 301 422 "-" "Dalvik/2.1.0 (Linux; U; Android 8.0.0; SM-G935T Build/R16NW)"
197.210.71.94 - - [28/Mar/2020:17:16:44 +0100] "GET /theme/classic/icons/28.jpg HTTP/1.0" 200 237 "-" "Dalvik/2.1.0 (Linux; U; Android 8.0.0; SM-G935T Build/R16NW)"
197.210.71.238 - - [28/Mar/2020:17:16:58 +0100] "GET /theme/classic/icons/.jpg HTTP/1.0" 301 422 "-" "Dalvik/2.1.0 (Linux; U; Android 8.0.0; SM-G935T Build/R16NW)"
197.210.71.26 - - [28/Mar/2020:17:17:01 +0100] "GET /theme/classic/icons/.jpg HTTP/1.0" 301 422 "-" "Dalvik/2.1.0 (Linux; U; Android 8.0.0; SM-G935T Build/R16NW)"
74.208.12.100 - - [28/Mar/2020:17:17:01 +0100] "GET /engine/emailque/scripts/delivery.php HTTP/1.0" 200 542 "-" "curl/7.29.0"
74.208.12.100 - - [28/Mar/2020:17:18:01 +0100] "GET /engine/emailque/scripts/delivery.php HTTP/1.0" 200 542 "-" "curl/7.29.0"
66.249.69.242 - - [28/Mar/2020:17:18:13 +0100] "GET /robots.txt HTTP/1.0" 301 408 "-" "Mozilla/5.0 (compatible; Googlebot/2.1; +http://www.google.com/bot.html)"
66.249.69.242 - - [28/Mar/2020:17:18:13 +0100] "GET /app-ads.txt HTTP/1.0" 301 409 "-" "Mozilla/5.0 (compatible; Googlebot/2.1; +http://www.google.com/bot.html)"
74.208.12.100 - - [28/Mar/2020:17:19:01 +0100] "GET /engine/emailque/scripts/delivery.php HTTP/1.0" 200 542 "-" "curl/7.29.0"
74.208.12.100 - - [28/Mar/2020:17:20:01 +0100] "GET /engine/emailque/scripts/delivery.php HTTP/1.0" 200 542 "-" "curl/7.29.0"
74.208.12.100 - - [28/Mar/2020:17:21:02 +0100] "GET /engine/emailque/scripts/delivery.php HTTP/1.0" 200 542 "-" "curl/7.29.0"
74.208.12.100 - - [28/Mar/2020:17:22:01 +0100] "GET /engine/emailque/scripts/delivery.php HTTP/1.0" 200 542 "-" "curl/7.29.0"
74.208.12.100 - - [28/Mar/2020:17:23:01 +0100] "GET /engine/emailque/scripts/delivery.php HTTP/1.0" 200 542 "-" "curl/7.29.0"
74.208.12.100 - - [28/Mar/2020:17:24:01 +0100] "GET /engine/emailque/scripts/delivery.php HTTP/1.0" 200 542 "-" "curl/7.29.0"
197.210.52.41 - - [28/Mar/2020:17:24:26 +0100] "GET /theme/classic/icons/27.jpg HTTP/1.0" 200 237 "-" "Dalvik/2.1.0 (Linux; U; Android 8.0.0; SM-G935T Build/R16NW)"
197.210.53.82 - - [28/Mar/2020:17:24:27 +0100] "GET /theme/classic/icons/27.jpg HTTP/1.0" 200 237 "-" "Dalvik/2.1.0 (Linux; U; Android 8.0.0; SM-G935T Build/R16NW)"
197.210.52.41 - - [28/Mar/2020:17:24:27 +0100] "GET /theme/classic/icons/.jpg HTTP/1.0" 301 422 "-" "Dalvik/2.1.0 (Linux; U; Android 8.0.0; SM-G935T Build/R16NW)"
197.210.53.82 - - [28/Mar/2020:17:24:27 +0100] "GET /theme/classic/icons/19.jpg HTTP/1.0" 200 237 "-" "Dalvik/2.1.0 (Linux; U; Android 8.0.0; SM-G935T Build/R16NW)"
197.210.52.41 - - [28/Mar/2020:17:24:27 +0100] "GET /theme/classic/icons/19.jpg HTTP/1.0" 200 237 "-" "Dalvik/2.1.0 (Linux; U; Android 8.0.0; SM-G935T Build/R16NW)"
197.210.53.82 - - [28/Mar/2020:17:24:28 +0100] "GET /theme/classic/icons/19.jpg HTTP/1.0" 200 237 "-" "Dalvik/2.1.0 (Linux; U; Android 8.0.0; SM-G935T Build/R16NW)"
197.210.52.41 - - [28/Mar/2020:17:24:30 +0100] "GET /theme/classic/icons/20.jpg HTTP/1.0" 200 237 "-" "Dalvik/2.1.0 (Linux; U; Android 8.0.0; SM-G935T Build/R16NW)"
74.208.12.100 - - [28/Mar/2020:17:25:01 +0100] "GET /engine/emailque/scripts/delivery.php HTTP/1.0" 200 542 "-" "curl/7.29.0"
74.208.12.100 - - [28/Mar/2020:17:26:01 +0100] "GET /engine/emailque/scripts/delivery.php HTTP/1.0" 200 542 "-" "curl/7.29.0"
197.210.53.61 - - [28/Mar/2020:17:26:33 +0100] "POST /api/pro/myapp/myapp_request.txt HTTP/1.0" 200 1390 "-" "okhttp/3.10.0"
197.210.53.61 - - [28/Mar/2020:17:26:35 +0100] "GET /theme/classic/icons/20.jpg HTTP/1.0" 200 237 "-" "Dalvik/2.1.0 (Linux; U; Android 8.0.0; SM-G935T Build/R16NW)"
197.210.53.61 - - [28/Mar/2020:17:26:36 +0100] "GET /theme/classic/icons/14.jpg HTTP/1.0" 200 237 "-" "Dalvik/2.1.0 (Linux; U; Android 8.0.0; SM-G935T Build/R16NW)"
197.210.53.61 - - [28/Mar/2020:17:26:37 +0100] "POST /api/pro/myapp/myapp_request.txt HTTP/1.0" 200 368 "-" "okhttp/3.10.0"
74.208.12.100 - - [28/Mar/2020:17:27:01 +0100] "GET /engine/emailque/scripts/delivery.php HTTP/1.0" 200 542 "-" "curl/7.29.0"
74.208.12.100 - - [28/Mar/2020:17:28:01 +0100] "GET /engine/emailque/scripts/delivery.php HTTP/1.0" 200 542 "-" "curl/7.29.0"
74.208.12.100 - - [28/Mar/2020:17:29:01 +0100] "GET /engine/emailque/scripts/delivery.php HTTP/1.0" 200 542 "-" "curl/7.29.0"
74.208.12.100 - - [28/Mar/2020:17:30:01 +0100] "GET /engine/emailque/scripts/delivery.php HTTP/1.0" 200 542 "-" "curl/7.29.0"
74.208.12.100 - - [28/Mar/2020:17:31:01 +0100] "GET /engine/emailque/scripts/delivery.php HTTP/1.0" 200 542 "-" "curl/7.29.0"
74.208.12.100 - - [28/Mar/2020:17:32:01 +0100] "GET /engine/emailque/scripts/delivery.php HTTP/1.0" 200 542 "-" "curl/7.29.0"
74.208.12.100 - - [28/Mar/2020:17:33:01 +0100] "GET /engine/emailque/scripts/delivery.php HTTP/1.0" 200 542 "-" "curl/7.29.0"
74.208.12.100 - - [28/Mar/2020:17:34:05 +0100] "GET /engine/emailque/scripts/delivery.php HTTP/1.0" 200 542 "-" "curl/7.29.0"
74.208.12.100 - - [28/Mar/2020:17:35:01 +0100] "GET /engine/emailque/scripts/delivery.php HTTP/1.0" 200 542 "-" "curl/7.29.0"
74.208.12.100 - - [28/Mar/2020:17:36:01 +0100] "GET /engine/emailque/scripts/delivery.php HTTP/1.0" 200 542 "-" "curl/7.29.0"
74.208.12.100 - - [28/Mar/2020:17:37:01 +0100] "GET /engine/emailque/scripts/delivery.php HTTP/1.0" 200 542 "-" "curl/7.29.0"
74.208.12.100 - - [28/Mar/2020:17:38:01 +0100] "GET /engine/emailque/scripts/delivery.php HTTP/1.0" 200 542 "-" "curl/7.29.0"
74.208.12.100 - - [28/Mar/2020:17:39:01 +0100] "GET /engine/emailque/scripts/delivery.php HTTP/1.0" 200 542 "-" "curl/7.29.0"
74.208.12.100 - - [28/Mar/2020:17:40:01 +0100] "GET /engine/emailque/scripts/delivery.php HTTP/1.0" 200 542 "-" "curl/7.29.0"
74.208.12.100 - - [28/Mar/2020:17:41:01 +0100] "GET /engine/emailque/scripts/delivery.php HTTP/1.0" 200 542 "-" "curl/7.29.0"
74.208.12.100 - - [28/Mar/2020:17:42:01 +0100] "GET /engine/emailque/scripts/delivery.php HTTP/1.0" 200 542 "-" "curl/7.29.0"
74.208.12.100 - - [28/Mar/2020:17:43:01 +0100] "GET /engine/emailque/scripts/delivery.php HTTP/1.0" 200 542 "-" "curl/7.29.0"
74.208.12.100 - - [28/Mar/2020:17:44:01 +0100] "GET /engine/emailque/scripts/delivery.php HTTP/1.0" 200 542 "-" "curl/7.29.0"
74.208.12.100 - - [28/Mar/2020:17:45:04 +0100] "GET /engine/emailque/scripts/delivery.php HTTP/1.0" 200 542 "-" "curl/7.29.0"
74.208.12.100 - - [28/Mar/2020:17:46:01 +0100] "GET /engine/emailque/scripts/delivery.php HTTP/1.0" 200 542 "-" "curl/7.29.0"
74.208.12.100 - - [28/Mar/2020:17:47:01 +0100] "GET /engine/emailque/scripts/delivery.php HTTP/1.0" 200 542 "-" "curl/7.29.0"
74.208.12.100 - - [28/Mar/2020:17:48:01 +0100] "GET /engine/emailque/scripts/delivery.php HTTP/1.0" 200 542 "-" "curl/7.29.0"
34.216.73.77 - - [28/Mar/2020:17:48:11 +0100] "GET / HTTP/1.0" 301 394 "-" "-"
74.208.12.100 - - [28/Mar/2020:17:49:01 +0100] "GET /engine/emailque/scripts/delivery.php HTTP/1.0" 200 542 "-" "curl/7.29.0"
74.208.12.100 - - [28/Mar/2020:17:50:01 +0100] "GET /engine/emailque/scripts/delivery.php HTTP/1.0" 200 542 "-" "curl/7.29.0"
60.191.52.254 - - [28/Mar/2020:17:50:15 +0100] "HEAD / HTTP/1.0" 301 374 "-" "Mozilla/5.0 (Macintosh; Intel Mac OS X 10_11_6) AppleWebKit/537.36 (KHTML, like Gecko) Chrome/53.0.2785.143 Safari/537.36"
124.90.49.133 - - [28/Mar/2020:17:50:18 +0100] "HEAD / HTTP/1.0" 301 376 "-" "Mozilla/5.01717655 Mozilla/5.0 (Windows; U; Windows NT 6.1; en-US) AppleWebKit/534.20 (KHTML, like Gecko) Chrome/11.0.672.2 Safari/534.20"
74.208.12.100 - - [28/Mar/2020:17:51:01 +0100] "GET /engine/emailque/scripts/delivery.php HTTP/1.0" 200 542 "-" "curl/7.29.0"
74.208.12.100 - - [28/Mar/2020:17:52:01 +0100] "GET /engine/emailque/scripts/delivery.php HTTP/1.0" 200 542 "-" "curl/7.29.0"
74.208.12.100 - - [28/Mar/2020:17:53:01 +0100] "GET /engine/emailque/scripts/delivery.php HTTP/1.0" 200 542 "-" "curl/7.29.0"
74.208.12.100 - - [28/Mar/2020:17:54:01 +0100] "GET /engine/emailque/scripts/delivery.php HTTP/1.0" 200 542 "-" "curl/7.29.0"
74.208.12.100 - - [28/Mar/2020:17:55:01 +0100] "GET /engine/emailque/scripts/delivery.php HTTP/1.0" 200 542 "-" "curl/7.29.0"
74.208.12.100 - - [28/Mar/2020:17:56:01 +0100] "GET /engine/emailque/scripts/delivery.php HTTP/1.0" 200 542 "-" "curl/7.29.0"
74.208.12.100 - - [28/Mar/2020:17:57:01 +0100] "GET /engine/emailque/scripts/delivery.php HTTP/1.0" 200 542 "-" "curl/7.29.0"
162.243.128.80 - - [28/Mar/2020:17:57:35 +0100] "GET / HTTP/1.0" 301 393 "-" "Mozilla/5.0 zgrab/0.x"
74.208.12.100 - - [28/Mar/2020:17:58:01 +0100] "GET /engine/emailque/scripts/delivery.php HTTP/1.0" 200 542 "-" "curl/7.29.0"
74.208.12.100 - - [28/Mar/2020:17:59:01 +0100] "GET /engine/emailque/scripts/delivery.php HTTP/1.0" 200 542 "-" "curl/7.29.0"
74.208.12.100 - - [28/Mar/2020:18:00:01 +0100] "GET /engine/emailque/scripts/delivery.php HTTP/1.0" 200 542 "-" "curl/7.29.0"
74.208.12.100 - - [28/Mar/2020:18:01:01 +0100] "GET /engine/emailque/scripts/delivery.php HTTP/1.0" 200 542 "-" "curl/7.29.0"
74.208.12.100 - - [28/Mar/2020:18:02:01 +0100] "GET /engine/emailque/scripts/delivery.php HTTP/1.0" 200 542 "-" "curl/7.29.0"
74.208.12.100 - - [28/Mar/2020:18:03:01 +0100] "GET /engine/emailque/scripts/delivery.php HTTP/1.0" 200 542 "-" "curl/7.29.0"
66.249.75.171 - - [28/Mar/2020:18:03:06 +0100] "GET /robots.txt HTTP/1.0" 301 411 "-" "Mozilla/5.0 (compatible; Googlebot/2.1; +http://www.google.com/bot.html)"
66.249.75.171 - - [28/Mar/2020:18:03:06 +0100] "GET / HTTP/1.0" 301 401 "-" "Mozilla/5.0 (Linux; Android 6.0.1; Nexus 5X Build/MMB29P) AppleWebKit/537.36 (KHTML, like Gecko) Chrome/41.0.2272.96 Mobile Safari/537.36 (compatible; Googlebot/2.1; +http://www.google.com/bot.html)"
66.249.69.118 - - [28/Mar/2020:18:03:09 +0100] "GET /robots.txt HTTP/1.0" 301 408 "-" "Mozilla/5.0 (compatible; Googlebot/2.1; +http://www.google.com/bot.html)"
66.249.69.114 - - [28/Mar/2020:18:03:09 +0100] "GET / HTTP/1.0" 301 398 "-" "Mozilla/5.0 (Linux; Android 6.0.1; Nexus 5X Build/MMB29P) AppleWebKit/537.36 (KHTML, like Gecko) Chrome/41.0.2272.96 Mobile Safari/537.36 (compatible; Googlebot/2.1; +http://www.google.com/bot.html)"
74.208.12.100 - - [28/Mar/2020:18:04:01 +0100] "GET /engine/emailque/scripts/delivery.php HTTP/1.0" 200 542 "-" "curl/7.29.0"
74.208.12.100 - - [28/Mar/2020:18:05:01 +0100] "GET /engine/emailque/scripts/delivery.php HTTP/1.0" 200 542 "-" "curl/7.29.0"
74.208.12.100 - - [28/Mar/2020:18:06:01 +0100] "GET /engine/emailque/scripts/delivery.php HTTP/1.0" 200 542 "-" "curl/7.29.0"
74.208.12.100 - - [28/Mar/2020:18:07:01 +0100] "GET /engine/emailque/scripts/delivery.php HTTP/1.0" 200 542 "-" "curl/7.29.0"
68.82.182.21 - - [28/Mar/2020:18:07:47 +0100] "GET / HTTP/1.0" 301 393 "-" "-"
74.208.12.100 - - [28/Mar/2020:18:08:04 +0100] "GET /engine/emailque/scripts/delivery.php HTTP/1.0" 200 542 "-" "curl/7.29.0"
74.208.12.100 - - [28/Mar/2020:18:09:01 +0100] "GET /engine/emailque/scripts/delivery.php HTTP/1.0" 200 542 "-" "curl/7.29.0"
74.208.12.100 - - [28/Mar/2020:18:10:01 +0100] "GET /engine/emailque/scripts/delivery.php HTTP/1.0" 200 542 "-" "curl/7.29.0"
74.208.12.100 - - [28/Mar/2020:18:11:01 +0100] "GET /engine/emailque/scripts/delivery.php HTTP/1.0" 200 542 "-" "curl/7.29.0"
74.208.12.100 - - [28/Mar/2020:18:12:01 +0100] "GET /engine/emailque/scripts/delivery.php HTTP/1.0" 200 542 "-" "curl/7.29.0"
74.208.12.100 - - [28/Mar/2020:18:13:02 +0100] "GET /engine/emailque/scripts/delivery.php HTTP/1.0" 200 542 "-" "curl/7.29.0"
74.208.12.100 - - [28/Mar/2020:18:14:01 +0100] "GET /engine/emailque/scripts/delivery.php HTTP/1.0" 200 542 "-" "curl/7.29.0"
74.208.12.100 - - [28/Mar/2020:18:15:01 +0100] "GET /engine/emailque/scripts/delivery.php HTTP/1.0" 200 542 "-" "curl/7.29.0"
74.208.12.100 - - [28/Mar/2020:18:16:01 +0100] "GET /engine/emailque/scripts/delivery.php HTTP/1.0" 200 542 "-" "curl/7.29.0"
74.208.12.100 - - [28/Mar/2020:18:17:01 +0100] "GET /engine/emailque/scripts/delivery.php HTTP/1.0" 200 542 "-" "curl/7.29.0"
74.208.12.100 - - [28/Mar/2020:18:18:01 +0100] "GET /engine/emailque/scripts/delivery.php HTTP/1.0" 200 542 "-" "curl/7.29.0"
74.208.12.100 - - [28/Mar/2020:18:19:01 +0100] "GET /engine/emailque/scripts/delivery.php HTTP/1.0" 200 542 "-" "curl/7.29.0"
74.208.12.100 - - [28/Mar/2020:18:20:01 +0100] "GET /engine/emailque/scripts/delivery.php HTTP/1.0" 200 542 "-" "curl/7.29.0"
197.211.61.127 - - [28/Mar/2020:18:20:44 +0100] "POST /api/pro/myapp/myapp_request.txt HTTP/1.0" 200 372 "-" "okhttp/3.10.0"
197.211.61.127 - - [28/Mar/2020:18:20:44 +0100] "POST /api/pro/myapp/myapp_request.txt HTTP/1.0" 200 372 "-" "okhttp/3.10.0"
74.208.12.100 - - [28/Mar/2020:18:21:01 +0100] "GET /engine/emailque/scripts/delivery.php HTTP/1.0" 200 542 "-" "curl/7.29.0"
197.211.61.127 - - [28/Mar/2020:18:21:09 +0100] "POST /api/pro/myapp/airtime_list.json HTTP/1.0" 200 459 "-" "okhttp/3.10.0"
197.211.61.127 - - [28/Mar/2020:18:21:40 +0100] "POST /api/pro/myapp/myapp_request.json HTTP/1.0" 200 494 "-" "okhttp/3.10.0"
197.211.61.127 - - [28/Mar/2020:18:21:42 +0100] "POST /api/pro/myapp/myapp_request.txt HTTP/1.0" 200 372 "-" "okhttp/3.10.0"
197.211.61.127 - - [28/Mar/2020:18:21:44 +0100] "POST /api/pro/myapp/myapp_request.json HTTP/1.0" 200 591 "-" "okhttp/3.10.0"
197.211.61.127 - - [28/Mar/2020:18:21:52 +0100] "POST /api/pro/myapp/myapp_request.txt HTTP/1.0" 200 371 "-" "okhttp/3.10.0"
197.211.61.127 - - [28/Mar/2020:18:21:53 +0100] "POST /api/pro/myapp/airtime_list.json HTTP/1.0" 200 459 "-" "okhttp/3.10.0"
74.208.12.100 - - [28/Mar/2020:18:22:01 +0100] "GET /engine/emailque/scripts/delivery.php HTTP/1.0" 200 542 "-" "curl/7.29.0"
197.211.61.127 - - [28/Mar/2020:18:22:17 +0100] "POST /api/pro/myapp/myapp_request.json HTTP/1.0" 200 494 "-" "okhttp/3.10.0"
197.211.61.127 - - [28/Mar/2020:18:22:18 +0100] "POST /api/pro/myapp/myapp_request.txt HTTP/1.0" 200 371 "-" "okhttp/3.10.0"
5.188.84.130 - - [28/Mar/2020:18:22:22 +0100] "GET / HTTP/1.0" 301 398 "http://www.splvending.com/" "Mozilla/5.0 (Windows NT 10.0; Win64; x64) AppleWebKit/537.36 (KHTML, like Gecko) Chrome/68.0.3440.84 Safari/537.36"
197.211.61.127 - - [28/Mar/2020:18:22:21 +0100] "POST /api/pro/myapp/myapp_request.json HTTP/1.0" 200 591 "-" "okhttp/3.10.0"
197.211.61.127 - - [28/Mar/2020:18:22:37 +0100] "POST /api/pro/myapp/myapp_request.txt HTTP/1.0" 200 371 "-" "okhttp/3.10.0"
196.52.84.46 - - [28/Mar/2020:18:22:38 +0100] "GET / HTTP/1.0" 301 394 "http://splvending.com/" "Mozilla/5.0 (Windows NT 6.1; Win64; x64) AppleWebKit/537.36 (KHTML, like Gecko) Chrome/66.0.3359.170 Safari/537.36 OPR/53.0.2907.99"
74.208.12.100 - - [28/Mar/2020:18:23:01 +0100] "GET /engine/emailque/scripts/delivery.php HTTP/1.0" 200 583 "-" "curl/7.29.0"
74.208.12.100 - - [28/Mar/2020:18:24:01 +0100] "GET /engine/emailque/scripts/delivery.php HTTP/1.0" 200 542 "-" "curl/7.29.0"
74.208.12.100 - - [28/Mar/2020:18:25:01 +0100] "GET /engine/emailque/scripts/delivery.php HTTP/1.0" 200 542 "-" "curl/7.29.0"
74.208.12.100 - - [28/Mar/2020:18:26:01 +0100] "GET /engine/emailque/scripts/delivery.php HTTP/1.0" 200 542 "-" "curl/7.29.0"
74.208.12.100 - - [28/Mar/2020:18:27:01 +0100] "GET /engine/emailque/scripts/delivery.php HTTP/1.0" 200 542 "-" "curl/7.29.0"
74.208.12.100 - - [28/Mar/2020:18:28:01 +0100] "GET /engine/emailque/scripts/delivery.php HTTP/1.0" 200 542 "-" "curl/7.29.0"
74.208.12.100 - - [28/Mar/2020:18:29:01 +0100] "GET /engine/emailque/scripts/delivery.php HTTP/1.0" 200 542 "-" "curl/7.29.0"
74.208.12.100 - - [28/Mar/2020:18:30:01 +0100] "GET /engine/emailque/scripts/delivery.php HTTP/1.0" 200 542 "-" "curl/7.29.0"
74.208.12.100 - - [28/Mar/2020:18:31:02 +0100] "GET /engine/emailque/scripts/delivery.php HTTP/1.0" 200 542 "-" "curl/7.29.0"
74.208.12.100 - - [28/Mar/2020:18:32:01 +0100] "GET /engine/emailque/scripts/delivery.php HTTP/1.0" 200 542 "-" "curl/7.29.0"
74.208.12.100 - - [28/Mar/2020:18:33:01 +0100] "GET /engine/emailque/scripts/delivery.php HTTP/1.0" 200 542 "-" "curl/7.29.0"
74.208.12.100 - - [28/Mar/2020:18:34:02 +0100] "GET /engine/emailque/scripts/delivery.php HTTP/1.0" 200 542 "-" "curl/7.29.0"
74.208.12.100 - - [28/Mar/2020:18:35:01 +0100] "GET /engine/emailque/scripts/delivery.php HTTP/1.0" 200 542 "-" "curl/7.29.0"
74.208.12.100 - - [28/Mar/2020:18:36:01 +0100] "GET /engine/emailque/scripts/delivery.php HTTP/1.0" 200 542 "-" "curl/7.29.0"
74.208.12.100 - - [28/Mar/2020:18:37:01 +0100] "GET /engine/emailque/scripts/delivery.php HTTP/1.0" 200 542 "-" "curl/7.29.0"
74.208.12.100 - - [28/Mar/2020:18:38:01 +0100] "GET /engine/emailque/scripts/delivery.php HTTP/1.0" 200 542 "-" "curl/7.29.0"
74.208.12.100 - - [28/Mar/2020:18:39:01 +0100] "GET /engine/emailque/scripts/delivery.php HTTP/1.0" 200 542 "-" "curl/7.29.0"
74.208.12.100 - - [28/Mar/2020:18:40:01 +0100] "GET /engine/emailque/scripts/delivery.php HTTP/1.0" 200 542 "-" "curl/7.29.0"
74.208.12.100 - - [28/Mar/2020:18:41:01 +0100] "GET /engine/emailque/scripts/delivery.php HTTP/1.0" 200 542 "-" "curl/7.29.0"
74.208.12.100 - - [28/Mar/2020:18:42:02 +0100] "GET /engine/emailque/scripts/delivery.php HTTP/1.0" 200 542 "-" "curl/7.29.0"
74.208.12.100 - - [28/Mar/2020:18:43:01 +0100] "GET /engine/emailque/scripts/delivery.php HTTP/1.0" 200 542 "-" "curl/7.29.0"
74.208.12.100 - - [28/Mar/2020:18:44:01 +0100] "GET /engine/emailque/scripts/delivery.php HTTP/1.0" 200 542 "-" "curl/7.29.0"
74.208.12.100 - - [28/Mar/2020:18:45:01 +0100] "GET /engine/emailque/scripts/delivery.php HTTP/1.0" 200 542 "-" "curl/7.29.0"
74.208.12.100 - - [28/Mar/2020:18:46:01 +0100] "GET /engine/emailque/scripts/delivery.php HTTP/1.0" 200 542 "-" "curl/7.29.0"
74.208.12.100 - - [28/Mar/2020:18:47:01 +0100] "GET /engine/emailque/scripts/delivery.php HTTP/1.0" 200 542 "-" "curl/7.29.0"
74.208.12.100 - - [28/Mar/2020:18:48:01 +0100] "GET /engine/emailque/scripts/delivery.php HTTP/1.0" 200 542 "-" "curl/7.29.0"
74.208.12.100 - - [28/Mar/2020:18:49:01 +0100] "GET /engine/emailque/scripts/delivery.php HTTP/1.0" 200 542 "-" "curl/7.29.0"
74.208.12.100 - - [28/Mar/2020:18:50:01 +0100] "GET /engine/emailque/scripts/delivery.php HTTP/1.0" 200 542 "-" "curl/7.29.0"
74.208.12.100 - - [28/Mar/2020:18:51:01 +0100] "GET /engine/emailque/scripts/delivery.php HTTP/1.0" 200 542 "-" "curl/7.29.0"
118.184.248.44 - - [28/Mar/2020:18:51:50 +0100] "GET /TP/public/index.php HTTP/1.0" 301 412 "-" "Mozilla/5.0 (Windows; U; Windows NT 6.0;en-US; rv:1.9.2) Gecko/20100115 Firefox/3.6)"
118.184.248.44 - - [28/Mar/2020:18:51:59 +0100] "GET / HTTP/1.0" 301 393 "-" "Mozilla/5.0 (Windows; U; Windows NT 6.0;en-US; rv:1.9.2) Gecko/20100115 Firefox/3.6)"
74.208.12.100 - - [28/Mar/2020:18:52:01 +0100] "GET /engine/emailque/scripts/delivery.php HTTP/1.0" 200 542 "-" "curl/7.29.0"
74.208.12.100 - - [28/Mar/2020:18:53:01 +0100] "GET /engine/emailque/scripts/delivery.php HTTP/1.0" 200 542 "-" "curl/7.29.0"
159.203.3.206 - - [28/Mar/2020:18:53:03 +0100] "GET /index.php HTTP/1.0" 301 402 "-" "-"
74.208.12.100 - - [28/Mar/2020:18:54:01 +0100] "GET /engine/emailque/scripts/delivery.php HTTP/1.0" 200 542 "-" "curl/7.29.0"
74.208.12.100 - - [28/Mar/2020:18:55:01 +0100] "GET /engine/emailque/scripts/delivery.php HTTP/1.0" 200 542 "-" "curl/7.29.0"
74.208.12.100 - - [28/Mar/2020:18:56:01 +0100] "GET /engine/emailque/scripts/delivery.php HTTP/1.0" 200 542 "-" "curl/7.29.0"
74.208.12.100 - - [28/Mar/2020:18:57:01 +0100] "GET /engine/emailque/scripts/delivery.php HTTP/1.0" 200 542 "-" "curl/7.29.0"
74.208.12.100 - - [28/Mar/2020:18:58:01 +0100] "GET /engine/emailque/scripts/delivery.php HTTP/1.0" 200 542 "-" "curl/7.29.0"
74.208.12.100 - - [28/Mar/2020:18:59:02 +0100] "GET /engine/emailque/scripts/delivery.php HTTP/1.0" 200 542 "-" "curl/7.29.0"
74.208.12.100 - - [28/Mar/2020:19:00:01 +0100] "GET /engine/emailque/scripts/delivery.php HTTP/1.0" 200 542 "-" "curl/7.29.0"
74.208.12.100 - - [28/Mar/2020:19:01:01 +0100] "GET /engine/emailque/scripts/delivery.php HTTP/1.0" 200 542 "-" "curl/7.29.0"
74.208.12.100 - - [28/Mar/2020:19:02:01 +0100] "GET /engine/emailque/scripts/delivery.php HTTP/1.0" 200 542 "-" "curl/7.29.0"
74.208.12.100 - - [28/Mar/2020:19:03:01 +0100] "GET /engine/emailque/scripts/delivery.php HTTP/1.0" 200 542 "-" "curl/7.29.0"
74.208.12.100 - - [28/Mar/2020:19:04:01 +0100] "GET /engine/emailque/scripts/delivery.php HTTP/1.0" 200 542 "-" "curl/7.29.0"
74.208.12.100 - - [28/Mar/2020:19:05:01 +0100] "GET /engine/emailque/scripts/delivery.php HTTP/1.0" 200 542 "-" "curl/7.29.0"
74.208.12.100 - - [28/Mar/2020:19:06:01 +0100] "GET /engine/emailque/scripts/delivery.php HTTP/1.0" 200 542 "-" "curl/7.29.0"
74.208.12.100 - - [28/Mar/2020:19:07:01 +0100] "GET /engine/emailque/scripts/delivery.php HTTP/1.0" 200 542 "-" "curl/7.29.0"
74.208.12.100 - - [28/Mar/2020:19:08:01 +0100] "GET /engine/emailque/scripts/delivery.php HTTP/1.0" 200 542 "-" "curl/7.29.0"
74.208.12.100 - - [28/Mar/2020:19:09:01 +0100] "GET /engine/emailque/scripts/delivery.php HTTP/1.0" 200 542 "-" "curl/7.29.0"
74.208.12.100 - - [28/Mar/2020:19:10:02 +0100] "GET /engine/emailque/scripts/delivery.php HTTP/1.0" 200 542 "-" "curl/7.29.0"
105.112.116.115 - - [28/Mar/2020:19:10:18 +0100] "GET / HTTP/1.0" 301 402 "-" "Mozilla/5.0 (Windows NT 10.0; Win64; x64) AppleWebKit/537.36 (KHTML, like Gecko) Chrome/80.0.3987.149 Safari/537.36"
74.208.12.100 - - [28/Mar/2020:19:11:01 +0100] "GET /engine/emailque/scripts/delivery.php HTTP/1.0" 200 542 "-" "curl/7.29.0"
74.208.12.100 - - [28/Mar/2020:19:12:01 +0100] "GET /engine/emailque/scripts/delivery.php HTTP/1.0" 200 542 "-" "curl/7.29.0"
74.208.12.100 - - [28/Mar/2020:19:13:01 +0100] "GET /engine/emailque/scripts/delivery.php HTTP/1.0" 200 542 "-" "curl/7.29.0"
74.208.12.100 - - [28/Mar/2020:19:14:01 +0100] "GET /engine/emailque/scripts/delivery.php HTTP/1.0" 200 542 "-" "curl/7.29.0"
74.208.12.100 - - [28/Mar/2020:19:15:01 +0100] "GET /engine/emailque/scripts/delivery.php HTTP/1.0" 200 542 "-" "curl/7.29.0"
74.208.12.100 - - [28/Mar/2020:19:16:02 +0100] "GET /engine/emailque/scripts/delivery.php HTTP/1.0" 200 542 "-" "curl/7.29.0"
74.208.12.100 - - [28/Mar/2020:19:17:01 +0100] "GET /engine/emailque/scripts/delivery.php HTTP/1.0" 200 542 "-" "curl/7.29.0"
74.208.12.100 - - [28/Mar/2020:19:18:01 +0100] "GET /engine/emailque/scripts/delivery.php HTTP/1.0" 200 542 "-" "curl/7.29.0"
74.208.12.100 - - [28/Mar/2020:19:19:01 +0100] "GET /engine/emailque/scripts/delivery.php HTTP/1.0" 200 542 "-" "curl/7.29.0"
74.208.12.100 - - [28/Mar/2020:19:20:01 +0100] "GET /engine/emailque/scripts/delivery.php HTTP/1.0" 200 542 "-" "curl/7.29.0"
118.190.153.113 - - [28/Mar/2020:19:20:33 +0100] "GET /res/license.txt HTTP/1.0" 301 413 "-" "Mozilla/5.0 (X11; Ubuntu; Linux x86_64; rv:62.0) Gecko/20100101 Firefox/62.0"
74.208.12.100 - - [28/Mar/2020:19:21:01 +0100] "GET /engine/emailque/scripts/delivery.php HTTP/1.0" 200 542 "-" "curl/7.29.0"
74.208.12.100 - - [28/Mar/2020:19:22:01 +0100] "GET /engine/emailque/scripts/delivery.php HTTP/1.0" 200 542 "-" "curl/7.29.0"
74.208.12.100 - - [28/Mar/2020:19:23:01 +0100] "GET /engine/emailque/scripts/delivery.php HTTP/1.0" 200 542 "-" "curl/7.29.0"
74.208.12.100 - - [28/Mar/2020:19:24:01 +0100] "GET /engine/emailque/scripts/delivery.php HTTP/1.0" 200 542 "-" "curl/7.29.0"
74.208.12.100 - - [28/Mar/2020:19:25:01 +0100] "GET /engine/emailque/scripts/delivery.php HTTP/1.0" 200 542 "-" "curl/7.29.0"
74.208.12.100 - - [28/Mar/2020:19:26:01 +0100] "GET /engine/emailque/scripts/delivery.php HTTP/1.0" 200 542 "-" "curl/7.29.0"
74.208.12.100 - - [28/Mar/2020:19:27:01 +0100] "GET /engine/emailque/scripts/delivery.php HTTP/1.0" 200 542 "-" "curl/7.29.0"
74.208.12.100 - - [28/Mar/2020:19:28:01 +0100] "GET /engine/emailque/scripts/delivery.php HTTP/1.0" 200 542 "-" "curl/7.29.0"
74.208.12.100 - - [28/Mar/2020:19:29:01 +0100] "GET /engine/emailque/scripts/delivery.php HTTP/1.0" 200 542 "-" "curl/7.29.0"
74.208.12.100 - - [28/Mar/2020:19:30:01 +0100] "GET /engine/emailque/scripts/delivery.php HTTP/1.0" 200 542 "-" "curl/7.29.0"
74.208.12.100 - - [28/Mar/2020:19:31:01 +0100] "GET /engine/emailque/scripts/delivery.php HTTP/1.0" 200 708 "-" "curl/7.29.0"
74.208.12.100 - - [28/Mar/2020:19:32:01 +0100] "GET /engine/emailque/scripts/delivery.php HTTP/1.0" 200 542 "-" "curl/7.29.0"
74.208.12.100 - - [28/Mar/2020:19:33:04 +0100] "GET /engine/emailque/scripts/delivery.php HTTP/1.0" 200 542 "-" "curl/7.29.0"
74.208.12.100 - - [28/Mar/2020:19:34:01 +0100] "GET /engine/emailque/scripts/delivery.php HTTP/1.0" 200 542 "-" "curl/7.29.0"
74.208.12.100 - - [28/Mar/2020:19:35:01 +0100] "GET /engine/emailque/scripts/delivery.php HTTP/1.0" 200 542 "-" "curl/7.29.0"
74.208.12.100 - - [28/Mar/2020:19:36:01 +0100] "GET /engine/emailque/scripts/delivery.php HTTP/1.0" 200 542 "-" "curl/7.29.0"
